<?xml version="1.0" encoding="utf-8"?>
<TestRun id="8fe6f597-8734-417e-9ad2-470a5f8dd8bf" name="Jakub@DESKTOP-I52018A 2026-09-06 18:46:10" runUser="DESKTOP-I52018A\Jakub" xmlns="http://microsoft.com/schemas/VisualStudio/TeamTest/2010">
  <Times creation="2026-09-06T18:46:10.8202714+02:00" queuing="2026-09-06T18:46:10.8202716+02:00" start="2026-09-06T18:46:09.0551120+02:00" finish="2026-09-06T18:46:28.5062673+02:00" />
  <TestSettings name="default" id="3725ca15-9497-4e7c-9814-99308ab192be">
    <Deployment runDeploymentRoot="Jakub_DESKTOP-I52018A_2026-09-06_18_46_10" />
  </TestSettings>
  <Results>
    <UnitTestResult executionId="7d9151a7-56b9-4a17-9e4d-3d574364dc77" testId="faa7cdad-9a87-b664-d1af-f3d3013da3d0" testName="Json_NestedArray_ShouldMaterializeItems" computerName="DESKTOP-I52018A" duration="00:00:00.0277460" startTime="2026-09-06T18:46:14.1053118+02:00" endTime="2026-09-06T18:46:14.1332236+02:00" testType="13cdc9d9-ddb5-4fa4-a97d-d965ccfc6d4b" outcome="Passed" testListId="8c84fa94-04c1-424b-9868-57a2d4851a1d" relativeResultsDirectory="7d9151a7-56b9-4a17-9e4d-3d574364dc77" />
    <UnitTestResult executionId="140dd177-886a-47b4-91bd-41ccf16721cb" testId="77be3db2-d969-7a3c-4e99-f21218a87912" testName="Csv_GroupByCount_ShouldCountPerGroup" computerName="DESKTOP-I52018A" duration="00:00:00.1580336" startTime="2026-09-06T18:46:13.2035950+02:00" endTime="2026-09-06T18:46:13.3617951+02:00" testType="13cdc9d9-ddb5-4fa4-a97d-d965ccfc6d4b" outcome="Passed" testListId="8c84fa94-04c1-424b-9868-57a2d4851a1d" relativeResultsDirectory="140dd177-886a-47b4-91bd-41ccf16721cb" />
    <UnitTestResult executionId="f404ea11-5021-472d-b926-925a9e404d44" testId="e18aa48d-2eaa-9708-0abb-74041a0e03b4" testName="Schema12_WithPerVersionRuntimeMetadata_ShouldDeserializeThroughLegacy11Shape" computerName="DESKTOP-I52018A" duration="00:00:00.0180989" startTime="2026-09-06T18:46:10.4201508+02:00" endTime="2026-09-06T18:46:10.4384178+02:00" testType="13cdc9d9-ddb5-4fa4-a97d-d965ccfc6d4b" outcome="Passed" testListId="8c84fa94-04c1-424b-9868-57a2d4851a1d" relativeResultsDirectory="f404ea11-5021-472d-b926-925a9e404d44" />
    <UnitTestResult executionId="4b0c8b7a-5236-411c-b61d-535f9df493b9" testId="1fca37e3-0373-84d3-26d0-e2ab74d2715f" testName="IncludedSchemaCollections_AreMarkedForCrossApply" computerName="DESKTOP-I52018A" duration="00:00:00.0347078" startTime="2026-09-06T18:46:09.4336298+02:00" endTime="2026-09-06T18:46:09.4686013+02:00" testType="13cdc9d9-ddb5-4fa4-a97d-d965ccfc6d4b" outcome="Passed" testListId="8c84fa94-04c1-424b-9868-57a2d4851a1d" relativeResultsDirectory="4b0c8b7a-5236-411c-b61d-535f9df493b9" />
    <UnitTestResult executionId="b82f0b86-52fa-448f-8528-b1d0991f01fe" testId="506831f4-d4a2-b0d4-64ff-18c56cdc46f9" testName="Roslyn_ClassDesignMetrics_ShouldReturnMetrics" computerName="DESKTOP-I52018A" duration="00:00:00.8480650" startTime="2026-09-06T18:46:25.8579221+02:00" endTime="2026-09-06T18:46:26.7061121+02:00" testType="13cdc9d9-ddb5-4fa4-a97d-d965ccfc6d4b" outcome="Passed" testListId="8c84fa94-04c1-424b-9868-57a2d4851a1d" relativeResultsDirectory="b82f0b86-52fa-448f-8528-b1d0991f01fe" />
    <UnitTestResult executionId="01300be1-759a-4f3f-8da7-8d8d12a16ed9" testId="1d38c433-d093-03da-9a31-ddf611961d69" testName="Csv_Aggregation_ShouldCalculateTotals" computerName="DESKTOP-I52018A" duration="00:00:00.3861078" startTime="2026-09-06T18:46:12.4365271+02:00" endTime="2026-09-06T18:46:12.8228411+02:00" testType="13cdc9d9-ddb5-4fa4-a97d-d965ccfc6d4b" outcome="Passed" testListId="8c84fa94-04c1-424b-9868-57a2d4851a1d" relativeResultsDirectory="01300be1-759a-4f3f-8da7-8d8d12a16ed9" />
    <UnitTestResult executionId="1eed8345-7960-4065-87e3-1aeaf8bd47ac" testId="70a78bc1-8b27-e9a4-6cb6-9c209853a6de" testName="Time_GenerateDateRange_ShouldCreateSequence" computerName="DESKTOP-I52018A" duration="00:00:00.0733844" startTime="2026-09-06T18:46:13.4548646+02:00" endTime="2026-09-06T18:46:13.5284018+02:00" testType="13cdc9d9-ddb5-4fa4-a97d-d965ccfc6d4b" outcome="Passed" testListId="8c84fa94-04c1-424b-9868-57a2d4851a1d" relativeResultsDirectory="1eed8345-7960-4065-87e3-1aeaf8bd47ac" />
    <UnitTestResult executionId="9f3f5aea-8233-4d56-847d-1a59fb6ccfd5" testId="cf86af99-2c3d-d408-5f37-04517de9bd51" testName="FileSystem_Sha256Hash_ShouldComputeFileHashes" computerName="DESKTOP-I52018A" duration="00:00:00.0955289" startTime="2026-09-06T18:46:12.0996350+02:00" endTime="2026-09-06T18:46:12.1953169+02:00" testType="13cdc9d9-ddb5-4fa4-a97d-d965ccfc6d4b" outcome="Passed" testListId="8c84fa94-04c1-424b-9868-57a2d4851a1d" relativeResultsDirectory="9f3f5aea-8233-4d56-847d-1a59fb6ccfd5" />
    <UnitTestResult executionId="f54d455d-4518-4cb6-9520-00f72f9df1aa" testId="de9b8084-181a-f7be-f620-8898f9d43459" testName="RegisteredSchemaTables_PreservePortableEnumMetadataAndOrdinaryScalarTypes" computerName="DESKTOP-I52018A" duration="00:00:00.0058931" startTime="2026-09-06T18:46:09.9013799+02:00" endTime="2026-09-06T18:46:09.9074861+02:00" testType="13cdc9d9-ddb5-4fa4-a97d-d965ccfc6d4b" outcome="Passed" testListId="8c84fa94-04c1-424b-9868-57a2d4851a1d" relativeResultsDirectory="f54d455d-4518-4cb6-9520-00f72f9df1aa" />
    <UnitTestResult executionId="65ad9d61-cbcf-426e-8501-f2a5e2e8f9e5" testId="261668e6-433b-4cb6-4004-99f37296d787" testName="Combined_NestedCte_ShouldPerformMultiLevelAggregation" computerName="DESKTOP-I52018A" duration="00:00:00.1597095" startTime="2026-09-06T18:46:14.4968152+02:00" endTime="2026-09-06T18:46:14.6567054+02:00" testType="13cdc9d9-ddb5-4fa4-a97d-d965ccfc6d4b" outcome="Passed" testListId="8c84fa94-04c1-424b-9868-57a2d4851a1d" relativeResultsDirectory="65ad9d61-cbcf-426e-8501-f2a5e2e8f9e5" />
    <UnitTestResult executionId="7076cc44-23d6-4e14-8288-7306ddcaf70b" testId="d77d19b9-e800-259a-ed3b-e2c809eea75b" testName="Git_ListCommits_ShouldReturnCommitHistory" computerName="DESKTOP-I52018A" duration="00:00:00.1741449" startTime="2026-09-06T18:46:14.6567931+02:00" endTime="2026-09-06T18:46:14.8311277+02:00" testType="13cdc9d9-ddb5-4fa4-a97d-d965ccfc6d4b" outcome="Passed" testListId="8c84fa94-04c1-424b-9868-57a2d4851a1d" relativeResultsDirectory="7076cc44-23d6-4e14-8288-7306ddcaf70b" />
    <UnitTestResult executionId="51f2e536-680b-431d-ad6f-046bec3e0fb8" testId="5b36425c-7319-b27f-7ac8-048b85e1c8fa" testName="Roslyn_ListTypes_ShouldReturnAllTypes" computerName="DESKTOP-I52018A" duration="00:00:01.5900933" startTime="2026-09-06T18:46:15.4703793+02:00" endTime="2026-09-06T18:46:17.0606324+02:00" testType="13cdc9d9-ddb5-4fa4-a97d-d965ccfc6d4b" outcome="Passed" testListId="8c84fa94-04c1-424b-9868-57a2d4851a1d" relativeResultsDirectory="51f2e536-680b-431d-ad6f-046bec3e0fb8" />
    <UnitTestResult executionId="53105dcd-ba10-4fa2-b2c2-2c2f41825fd5" testId="0d889236-7439-0d23-2fea-4957143137eb" testName="Json_Filtering_ShouldReturnMatchingRecords" computerName="DESKTOP-I52018A" duration="00:00:00.0610807" startTime="2026-09-06T18:46:14.0439836+02:00" endTime="2026-09-06T18:46:14.1052379+02:00" testType="13cdc9d9-ddb5-4fa4-a97d-d965ccfc6d4b" outcome="Passed" testListId="8c84fa94-04c1-424b-9868-57a2d4851a1d" relativeResultsDirectory="53105dcd-ba10-4fa2-b2c2-2c2f41825fd5" />
    <UnitTestResult executionId="58ca8ce0-65da-454c-98ef-3bbbd5c0bd4b" testId="67708956-e1a7-c2f0-1192-196b1a41ff44" testName="Git_CommitParents_ShouldShowParentRelationships" computerName="DESKTOP-I52018A" duration="00:00:00.1049691" startTime="2026-09-06T18:46:15.3651998+02:00" endTime="2026-09-06T18:46:15.4703160+02:00" testType="13cdc9d9-ddb5-4fa4-a97d-d965ccfc6d4b" outcome="Passed" testListId="8c84fa94-04c1-424b-9868-57a2d4851a1d" relativeResultsDirectory="58ca8ce0-65da-454c-98ef-3bbbd5c0bd4b" />
    <UnitTestResult executionId="bee06315-e8c6-4971-aa0b-2d1a9e5fadb5" testId="14753501-8b54-1609-e422-545d8dca90db" testName="Roslyn_QueryInterfaces_ShouldReturnInterfaceDetails" computerName="DESKTOP-I52018A" duration="00:00:01.0066510" startTime="2026-09-06T18:46:20.9579343+02:00" endTime="2026-09-06T18:46:21.9647231+02:00" testType="13cdc9d9-ddb5-4fa4-a97d-d965ccfc6d4b" outcome="Passed" testListId="8c84fa94-04c1-424b-9868-57a2d4851a1d" relativeResultsDirectory="bee06315-e8c6-4971-aa0b-2d1a9e5fadb5" />
    <UnitTestResult executionId="4b8ae8a7-7bd2-4872-9ef8-89e4d54a27dc" testId="f0ae5737-3e3a-ad22-1058-0e9c94efa4e2" testName="Csv_BasicSelect_ShouldReturnColumns" computerName="DESKTOP-I52018A" duration="00:00:00.1731343" startTime="2026-09-06T18:46:12.2631304+02:00" endTime="2026-09-06T18:46:12.4364302+02:00" testType="13cdc9d9-ddb5-4fa4-a97d-d965ccfc6d4b" outcome="Passed" testListId="8c84fa94-04c1-424b-9868-57a2d4851a1d" relativeResultsDirectory="4b8ae8a7-7bd2-4872-9ef8-89e4d54a27dc" />
    <UnitTestResult executionId="faee78f6-e4d0-4516-9342-6c6815af7fb8" testId="a70e65cc-a425-a60f-c3e6-49fc3ecfb735" testName="Roslyn_PropertyAccessors_ShouldReturnAccessorInfo" computerName="DESKTOP-I52018A" duration="00:00:00.9541837" startTime="2026-09-06T18:46:19.0344849+02:00" endTime="2026-09-06T18:46:19.9888224+02:00" testType="13cdc9d9-ddb5-4fa4-a97d-d965ccfc6d4b" outcome="Passed" testListId="8c84fa94-04c1-424b-9868-57a2d4851a1d" relativeResultsDirectory="faee78f6-e4d0-4516-9342-6c6815af7fb8" />
    <UnitTestResult executionId="bddc53ec-0414-477b-bb20-1d806882d844" testId="62b57f1a-6b07-e74d-134a-ba364cbfa834" testName="FileSystem_ListDirectories_ShouldReturnDirectories" computerName="DESKTOP-I52018A" duration="00:00:00.0675201" startTime="2026-09-06T18:46:12.1953943+02:00" endTime="2026-09-06T18:46:12.2630658+02:00" testType="13cdc9d9-ddb5-4fa4-a97d-d965ccfc6d4b" outcome="Passed" testListId="8c84fa94-04c1-424b-9868-57a2d4851a1d" relativeResultsDirectory="bddc53ec-0414-477b-bb20-1d806882d844" />
    <UnitTestResult executionId="3e5de702-f078-4ee5-ae89-86e467aa4db3" testId="9540534e-cfb2-cc5e-5c43-f0418167694b" testName="Csv_JoinTables_ShouldCombineData" computerName="DESKTOP-I52018A" duration="00:00:00.2436191" startTime="2026-09-06T18:46:12.9597167+02:00" endTime="2026-09-06T18:46:13.2035081+02:00" testType="13cdc9d9-ddb5-4fa4-a97d-d965ccfc6d4b" outcome="Passed" testListId="8c84fa94-04c1-424b-9868-57a2d4851a1d" relativeResultsDirectory="3e5de702-f078-4ee5-ae89-86e467aa4db3" />
    <UnitTestResult executionId="64b34e34-cf39-4696-9feb-78a07f1561e5" testId="eab39479-5b22-af5b-f055-45fdb2d20d18" testName="Roslyn_ProjectReferences_ShouldReturnReferences" computerName="DESKTOP-I52018A" duration="00:00:00.8397500" startTime="2026-09-06T18:46:26.7061536+02:00" endTime="2026-09-06T18:46:27.5460161+02:00" testType="13cdc9d9-ddb5-4fa4-a97d-d965ccfc6d4b" outcome="Passed" testListId="8c84fa94-04c1-424b-9868-57a2d4851a1d" relativeResultsDirectory="64b34e34-cf39-4696-9feb-78a07f1561e5" />
    <UnitTestResult executionId="1d0e3fa3-2619-4e9a-acbb-ee50b02a92c1" testId="73778523-0116-377e-b228-da9872aee6e3" testName="RegisteredConstructors_HaveExactly56ConcreteAnd15DynamicCases" computerName="DESKTOP-I52018A" duration="00:00:00.0902661" startTime="2026-09-06T18:46:09.3323386+02:00" endTime="2026-09-06T18:46:09.4311848+02:00" testType="13cdc9d9-ddb5-4fa4-a97d-d965ccfc6d4b" outcome="Passed" testListId="8c84fa94-04c1-424b-9868-57a2d4851a1d" relativeResultsDirectory="1d0e3fa3-2619-4e9a-acbb-ee50b02a92c1" />
    <UnitTestResult executionId="15467a90-0605-4354-95f8-206507c557ef" testId="d433c14f-d921-d21c-7cd2-df54a6ec60f5" testName="Archive_ReadTextContent_ShouldExtractFileContent" computerName="DESKTOP-I52018A" duration="00:00:00.0562941" startTime="2026-09-06T18:46:14.2237742+02:00" endTime="2026-09-06T18:46:14.2802152+02:00" testType="13cdc9d9-ddb5-4fa4-a97d-d965ccfc6d4b" outcome="Passed" testListId="8c84fa94-04c1-424b-9868-57a2d4851a1d" relativeResultsDirectory="15467a90-0605-4354-95f8-206507c557ef" />
    <UnitTestResult executionId="9b2a4f06-7164-456f-a80f-b4ec1d0461f7" testId="899b8416-2cbb-d5d4-00bb-493109fbfd7d" testName="Roslyn_ClassMetrics_ShouldReturnClassInfo" computerName="DESKTOP-I52018A" duration="00:00:01.0349763" startTime="2026-09-06T18:46:17.0606950+02:00" endTime="2026-09-06T18:46:18.0958322+02:00" testType="13cdc9d9-ddb5-4fa4-a97d-d965ccfc6d4b" outcome="Passed" testListId="8c84fa94-04c1-424b-9868-57a2d4851a1d" relativeResultsDirectory="9b2a4f06-7164-456f-a80f-b4ec1d0461f7" />
    <UnitTestResult executionId="460dc522-869d-404a-a586-b58e3657632a" testId="1b7ba1c0-9608-0eb3-1beb-b4c97d60d740" testName="Combined_FileSystemWithCsv_ShouldWorkTogether" computerName="DESKTOP-I52018A" duration="00:00:00.0598851" startTime="2026-09-06T18:46:14.2802804+02:00" endTime="2026-09-06T18:46:14.3403067+02:00" testType="13cdc9d9-ddb5-4fa4-a97d-d965ccfc6d4b" outcome="Passed" testListId="8c84fa94-04c1-424b-9868-57a2d4851a1d" relativeResultsDirectory="460dc522-869d-404a-a586-b58e3657632a" />
    <UnitTestResult executionId="5362fc5b-7508-4243-b2de-ab2d3792e5a4" testId="2d0ab1e1-1dcf-d5e6-c95d-40daa5a1774e" testName="Git_BranchSpecificCommits_ShouldFindUniqueCommits" computerName="DESKTOP-I52018A" duration="00:00:00.0537702" startTime="2026-09-06T18:46:15.3112108+02:00" endTime="2026-09-06T18:46:15.3651324+02:00" testType="13cdc9d9-ddb5-4fa4-a97d-d965ccfc6d4b" outcome="Passed" testListId="8c84fa94-04c1-424b-9868-57a2d4851a1d" relativeResultsDirectory="5362fc5b-7508-4243-b2de-ab2d3792e5a4" />
    <UnitTestResult executionId="db58a608-a0d4-4ec1-bf81-4f132cb604c3" testId="2e83d0e9-fa58-8c37-1192-1ab0a8cd00c8" testName="MusoqPackageVersions_ShouldBeCentralized" computerName="DESKTOP-I52018A" duration="00:00:00.2620961" startTime="2026-09-06T18:46:09.9075224+02:00" endTime="2026-09-06T18:46:10.1697892+02:00" testType="13cdc9d9-ddb5-4fa4-a97d-d965ccfc6d4b" outcome="Passed" testListId="8c84fa94-04c1-424b-9868-57a2d4851a1d" relativeResultsDirectory="db58a608-a0d4-4ec1-bf81-4f132cb604c3" />
    <UnitTestResult executionId="4a551393-f25e-4b31-9c70-c1cf83efb1c2" testId="4f98292e-4c40-3694-a9a0-98ff866f543b" testName="Roslyn_QueryEnums_ShouldReturnEnumDetails" computerName="DESKTOP-I52018A" duration="00:00:01.0260252" startTime="2026-09-06T18:46:21.9647738+02:00" endTime="2026-09-06T18:46:22.9909383+02:00" testType="13cdc9d9-ddb5-4fa4-a97d-d965ccfc6d4b" outcome="Passed" testListId="8c84fa94-04c1-424b-9868-57a2d4851a1d" relativeResultsDirectory="4a551393-f25e-4b31-9c70-c1cf83efb1c2" />
    <UnitTestResult executionId="e8128b13-1914-4d4f-9c12-5630997fa832" testId="5ffb435c-1944-ea0b-2141-ceb0fbad1125" testName="Roslyn_FindReferences_ShouldLocateClassUsages" computerName="DESKTOP-I52018A" duration="00:00:00.9708925" startTime="2026-09-06T18:46:22.9909843+02:00" endTime="2026-09-06T18:46:23.9620014+02:00" testType="13cdc9d9-ddb5-4fa4-a97d-d965ccfc6d4b" outcome="Passed" testListId="8c84fa94-04c1-424b-9868-57a2d4851a1d" relativeResultsDirectory="e8128b13-1914-4d4f-9c12-5630997fa832" />
    <UnitTestResult executionId="67a9d19a-0e3c-45fb-ad90-52bbad6a78ea" testId="59df8985-50a2-8fb8-aaf1-8f00f22daa35" testName="Roslyn_LibraryReferences_ShouldReturnLibraries" computerName="DESKTOP-I52018A" duration="00:00:00.8886919" startTime="2026-09-06T18:46:27.5460662+02:00" endTime="2026-09-06T18:46:28.4355380+02:00" testType="13cdc9d9-ddb5-4fa4-a97d-d965ccfc6d4b" outcome="Passed" testListId="8c84fa94-04c1-424b-9868-57a2d4851a1d" relativeResultsDirectory="67a9d19a-0e3c-45fb-ad90-52bbad6a78ea" />
    <UnitTestResult executionId="9bee590f-e29a-4fe4-84ca-21a56b2d2996" testId="95ada3a6-fba8-a3fa-12c7-459c7e27c6a3" testName="ProductionProjects_ShouldReferenceOnlyHostProvidedAbiPackages" computerName="DESKTOP-I52018A" duration="00:00:00.2428002" startTime="2026-09-06T18:46:10.1698662+02:00" endTime="2026-09-06T18:46:10.4128538+02:00" testType="13cdc9d9-ddb5-4fa4-a97d-d965ccfc6d4b" outcome="Passed" testListId="8c84fa94-04c1-424b-9868-57a2d4851a1d" relativeResultsDirectory="9bee590f-e29a-4fe4-84ca-21a56b2d2996" />
    <UnitTestResult executionId="93a69019-b64b-486e-b4ec-7b077306cb22" testId="ddace7f9-72ee-62c9-689d-79f06f6b8e3d" testName="System_DualUnion_ShouldCombineRows" computerName="DESKTOP-I52018A" duration="00:00:00.1556031" startTime="2026-09-06T18:46:13.8008465+02:00" endTime="2026-09-06T18:46:13.9566634+02:00" testType="13cdc9d9-ddb5-4fa4-a97d-d965ccfc6d4b" outcome="Passed" testListId="8c84fa94-04c1-424b-9868-57a2d4851a1d" relativeResultsDirectory="93a69019-b64b-486e-b4ec-7b077306cb22" />
    <UnitTestResult executionId="4d729eac-9ec7-42ad-bcce-4941722856ee" testId="bba3b0c4-6991-38ee-c664-fccb86f34161" testName="Roslyn_MethodBodyProperties_ShouldReturnCorrectValues" computerName="DESKTOP-I52018A" duration="00:00:00.9382681" startTime="2026-09-06T18:46:18.0959419+02:00" endTime="2026-09-06T18:46:19.0344157+02:00" testType="13cdc9d9-ddb5-4fa4-a97d-d965ccfc6d4b" outcome="Passed" testListId="8c84fa94-04c1-424b-9868-57a2d4851a1d" relativeResultsDirectory="4d729eac-9ec7-42ad-bcce-4941722856ee" />
    <UnitTestResult executionId="f24feea5-d5ff-44b6-8d23-2bc09a3ae14c" testId="e9b41ce4-e46b-cf82-bf4f-6644a6d2eb0c" testName="Git_ListBranches_ShouldReturnBranchInformation" computerName="DESKTOP-I52018A" duration="00:00:00.0968886" startTime="2026-09-06T18:46:14.8312272+02:00" endTime="2026-09-06T18:46:14.9282804+02:00" testType="13cdc9d9-ddb5-4fa4-a97d-d965ccfc6d4b" outcome="Passed" testListId="8c84fa94-04c1-424b-9868-57a2d4851a1d" relativeResultsDirectory="f24feea5-d5ff-44b6-8d23-2bc09a3ae14c" />
    <UnitTestResult executionId="761190c2-c768-4d1f-88ee-27af56d8ca31" testId="0d1dbc9f-8ac4-7463-d1cd-77c86a1b2221" testName="Roslyn_CyclomaticComplexity_ShouldReturnComplexityMetrics" computerName="DESKTOP-I52018A" duration="00:00:00.9688679" startTime="2026-09-06T18:46:19.9888831+02:00" endTime="2026-09-06T18:46:20.9578782+02:00" testType="13cdc9d9-ddb5-4fa4-a97d-d965ccfc6d4b" outcome="Passed" testListId="8c84fa94-04c1-424b-9868-57a2d4851a1d" relativeResultsDirectory="761190c2-c768-4d1f-88ee-27af56d8ca31" />
    <UnitTestResult executionId="66dad920-2cb2-43d1-96a2-8f58106748bb" testId="7a5a9284-e92c-71b5-30b7-a9a677a60b60" testName="Json_BasicQuery_ShouldExtractData" computerName="DESKTOP-I52018A" duration="00:00:00.0869612" startTime="2026-09-06T18:46:13.9567576+02:00" endTime="2026-09-06T18:46:14.0439044+02:00" testType="13cdc9d9-ddb5-4fa4-a97d-d965ccfc6d4b" outcome="Passed" testListId="8c84fa94-04c1-424b-9868-57a2d4851a1d" relativeResultsDirectory="66dad920-2cb2-43d1-96a2-8f58106748bb" />
    <UnitTestResult executionId="3c175548-836f-44d1-9cbe-adf024a9de66" testId="d3f9cf93-1b03-da33-7dcd-8376d9f19db9" testName="Csv_Filtering_ShouldReturnMatchingRows" computerName="DESKTOP-I52018A" duration="00:00:00.1365170" startTime="2026-09-06T18:46:12.8229337+02:00" endTime="2026-09-06T18:46:12.9596363+02:00" testType="13cdc9d9-ddb5-4fa4-a97d-d965ccfc6d4b" outcome="Passed" testListId="8c84fa94-04c1-424b-9868-57a2d4851a1d" relativeResultsDirectory="3c175548-836f-44d1-9cbe-adf024a9de66" />
    <UnitTestResult executionId="78162896-bcda-4494-a65d-7bfb60cbb012" testId="0ae894b9-7b11-8337-bada-ffa70c0db2c6" testName="PrimitiveValidation_IsEnabledAtEveryExplicitCallSite" computerName="DESKTOP-I52018A" duration="00:00:00.4323183" startTime="2026-09-06T18:46:09.4688123+02:00" endTime="2026-09-06T18:46:09.9012861+02:00" testType="13cdc9d9-ddb5-4fa4-a97d-d965ccfc6d4b" outcome="Passed" testListId="8c84fa94-04c1-424b-9868-57a2d4851a1d" relativeResultsDirectory="78162896-bcda-4494-a65d-7bfb60cbb012" />
    <UnitTestResult executionId="16896a32-3de5-4bc0-8ba2-c24d6d9424ca" testId="3bb79173-04d3-ea81-f5e6-a573d5961a3c" testName="Git_FileHistory_ShouldTrackFileChanges" computerName="DESKTOP-I52018A" duration="00:00:00.1205350" startTime="2026-09-06T18:46:15.1904012+02:00" endTime="2026-09-06T18:46:15.3111417+02:00" testType="13cdc9d9-ddb5-4fa4-a97d-d965ccfc6d4b" outcome="Passed" testListId="8c84fa94-04c1-424b-9868-57a2d4851a1d" relativeResultsDirectory="16896a32-3de5-4bc0-8ba2-c24d6d9424ca" />
    <UnitTestResult executionId="ebb6c51c-a27b-435d-b319-5f4c3ecdbef3" testId="b64535a1-3a06-0eb9-095f-1f8f71d5eb61" testName="Git_DifferenceBetweenBranches_ShouldShowChanges" computerName="DESKTOP-I52018A" duration="00:00:00.1486929" startTime="2026-09-06T18:46:15.0414435+02:00" endTime="2026-09-06T18:46:15.1903207+02:00" testType="13cdc9d9-ddb5-4fa4-a97d-d965ccfc6d4b" outcome="Passed" testListId="8c84fa94-04c1-424b-9868-57a2d4851a1d" relativeResultsDirectory="ebb6c51c-a27b-435d-b319-5f4c3ecdbef3" />
    <UnitTestResult executionId="d01b09bf-e483-4432-9b32-7b0000bf53ed" testId="6f3a5283-9242-42f0-aef8-bfb1501b2adf" testName="FileSystem_FilterByExtension_ShouldReturnOnlyMatchingFiles" computerName="DESKTOP-I52018A" duration="00:00:00.0690542" startTime="2026-09-06T18:46:12.0303611+02:00" endTime="2026-09-06T18:46:12.0995628+02:00" testType="13cdc9d9-ddb5-4fa4-a97d-d965ccfc6d4b" outcome="Passed" testListId="8c84fa94-04c1-424b-9868-57a2d4851a1d" relativeResultsDirectory="d01b09bf-e483-4432-9b32-7b0000bf53ed" />
    <UnitTestResult executionId="6370158d-4376-467b-8580-bdf0784811c5" testId="9625c8a3-0b48-6271-e8f4-b1b7aa52ab59" testName="Csv_TypedQuery_ShouldUseCorrectTypes" computerName="DESKTOP-I52018A" duration="00:00:00.0927510" startTime="2026-09-06T18:46:13.3618773+02:00" endTime="2026-09-06T18:46:13.4547913+02:00" testType="13cdc9d9-ddb5-4fa4-a97d-d965ccfc6d4b" outcome="Passed" testListId="8c84fa94-04c1-424b-9868-57a2d4851a1d" relativeResultsDirectory="6370158d-4376-467b-8580-bdf0784811c5" />
    <UnitTestResult executionId="1daa5922-02ab-4766-9ea9-138d4c0495ba" testId="12ad629e-3539-0f3c-3d8f-90c5619cfadd" testName="FileSystem_ListFilesWithSize_ShouldReturnFilesWithSizeInformation" computerName="DESKTOP-I52018A" duration="00:00:01.5915617" startTime="2026-09-06T18:46:10.4384845+02:00" endTime="2026-09-06T18:46:12.0302886+02:00" testType="13cdc9d9-ddb5-4fa4-a97d-d965ccfc6d4b" outcome="Passed" testListId="8c84fa94-04c1-424b-9868-57a2d4851a1d" relativeResultsDirectory="1daa5922-02ab-4766-9ea9-138d4c0495ba" />
    <UnitTestResult executionId="c8644f26-b1ca-4ba4-94f8-da2d225170dd" testId="c2e1e17a-3971-7be0-72bd-a4ad75047931" testName="Roslyn_MethodParameters_ShouldReturnParameterInfo" computerName="DESKTOP-I52018A" duration="00:00:00.9644674" startTime="2026-09-06T18:46:23.9620484+02:00" endTime="2026-09-06T18:46:24.9266306+02:00" testType="13cdc9d9-ddb5-4fa4-a97d-d965ccfc6d4b" outcome="Passed" testListId="8c84fa94-04c1-424b-9868-57a2d4851a1d" relativeResultsDirectory="c8644f26-b1ca-4ba4-94f8-da2d225170dd" />
    <UnitTestResult executionId="f0ff52ca-80e4-4574-b9b3-226befaa31e1" testId="b1d7fdca-a0e0-7d37-6932-42720ed5c0a1" testName="Git_ListTags_ShouldReturnTagInformation" computerName="DESKTOP-I52018A" duration="00:00:00.1128679" startTime="2026-09-06T18:46:14.9283492+02:00" endTime="2026-09-06T18:46:15.0413699+02:00" testType="13cdc9d9-ddb5-4fa4-a97d-d965ccfc6d4b" outcome="Passed" testListId="8c84fa94-04c1-424b-9868-57a2d4851a1d" relativeResultsDirectory="f0ff52ca-80e4-4574-b9b3-226befaa31e1" />
    <UnitTestResult executionId="1497d171-67a2-4863-8530-d8e6300f0f93" testId="e874ac25-2aa9-921b-1c7d-8577c275aec3" testName="Archive_ListContents_ShouldReturnArchiveFiles" computerName="DESKTOP-I52018A" duration="00:00:00.0902328" startTime="2026-09-06T18:46:14.1332947+02:00" endTime="2026-09-06T18:46:14.2237082+02:00" testType="13cdc9d9-ddb5-4fa4-a97d-d965ccfc6d4b" outcome="Passed" testListId="8c84fa94-04c1-424b-9868-57a2d4851a1d" relativeResultsDirectory="1497d171-67a2-4863-8530-d8e6300f0f93" />
    <UnitTestResult executionId="3922107c-f380-4849-8011-e28145ab5069" testId="62ed8226-fee6-e6e3-35c0-55196fcccbeb" testName="Combined_CteQuery_ShouldWorkCorrectly" computerName="DESKTOP-I52018A" duration="00:00:00.1553959" startTime="2026-09-06T18:46:14.3403731+02:00" endTime="2026-09-06T18:46:14.4959214+02:00" testType="13cdc9d9-ddb5-4fa4-a97d-d965ccfc6d4b" outcome="Passed" testListId="8c84fa94-04c1-424b-9868-57a2d4851a1d" relativeResultsDirectory="3922107c-f380-4849-8011-e28145ab5069" />
    <UnitTestResult executionId="89fd3c37-3633-4287-8f4a-5975abbab9ec" testId="e683fe22-01b4-6d75-352d-8d7a857a5c1a" testName="System_Range_ShouldGenerateSequence" computerName="DESKTOP-I52018A" duration="00:00:00.1206609" startTime="2026-09-06T18:46:13.6099986+02:00" endTime="2026-09-06T18:46:13.7308140+02:00" testType="13cdc9d9-ddb5-4fa4-a97d-d965ccfc6d4b" outcome="Passed" testListId="8c84fa94-04c1-424b-9868-57a2d4851a1d" relativeResultsDirectory="89fd3c37-3633-4287-8f4a-5975abbab9ec" />
    <UnitTestResult executionId="9a3fd6de-84f5-4bcd-b960-e48c85ce994d" testId="2e58ca55-e3e3-5e66-483b-273cb2028c4f" testName="PluginPackages_WhenArtifactsExist_ShouldMatchRuntimeV2PackageContract" computerName="DESKTOP-I52018A" duration="00:00:00.0069601" startTime="2026-09-06T18:46:10.4129297+02:00" endTime="2026-09-06T18:46:10.4200868+02:00" testType="13cdc9d9-ddb5-4fa4-a97d-d965ccfc6d4b" outcome="NotExecuted" testListId="8c84fa94-04c1-424b-9868-57a2d4851a1d" relativeResultsDirectory="9a3fd6de-84f5-4bcd-b960-e48c85ce994d">
      <Output>
        <ErrorInfo>
          <Message>Assert.Inconclusive failed. No plugin packages found in: D:\repos\Musoq.DataSources\artifacts</Message>
          <StackTrace>   at Musoq.DataSources.RepresentativeTests.PluginPackageSmokeTests.PluginPackages_WhenArtifactsExist_ShouldMatchRuntimeV2PackageContract() in D:\repos\Musoq.DataSources\Musoq.DataSources.RepresentativeTests\PluginPackageSmokeTests.cs:line 32&#xD;
   at System.Reflection.MethodBaseInvoker.InterpretedInvoke_Method(Object obj, IntPtr* args)&#xD;
   at System.Reflection.MethodBaseInvoker.InvokeWithNoArgs(Object obj, BindingFlags invokeAttr)&#xD;
</StackTrace>
        </ErrorInfo>
      </Output>
    </UnitTestResult>
    <UnitTestResult executionId="34702d21-6bbf-4865-a339-8d9f9d2b5278" testId="ca91a6ad-5e4c-4048-65f8-f08d0cfcc84f" testName="Time_FilterWeekends_ShouldReturnOnlySaturdaysAndSundays" computerName="DESKTOP-I52018A" duration="00:00:00.0812965" startTime="2026-09-06T18:46:13.5284814+02:00" endTime="2026-09-06T18:46:13.6099396+02:00" testType="13cdc9d9-ddb5-4fa4-a97d-d965ccfc6d4b" outcome="Passed" testListId="8c84fa94-04c1-424b-9868-57a2d4851a1d" relativeResultsDirectory="34702d21-6bbf-4865-a339-8d9f9d2b5278" />
    <UnitTestResult executionId="daf0f62a-1b2e-42cd-afa8-e84d21dfa07b" testId="5a4bf05f-4c3e-45bd-ac50-22a156a8804f" testName="System_Dual_ShouldPerformCalculations" computerName="DESKTOP-I52018A" duration="00:00:00.0690116" startTime="2026-09-06T18:46:13.7315876+02:00" endTime="2026-09-06T18:46:13.8007621+02:00" testType="13cdc9d9-ddb5-4fa4-a97d-d965ccfc6d4b" outcome="Passed" testListId="8c84fa94-04c1-424b-9868-57a2d4851a1d" relativeResultsDirectory="daf0f62a-1b2e-42cd-afa8-e84d21dfa07b" />
    <UnitTestResult executionId="d064cebd-f873-4f94-ba55-fd6084389ad7" testId="1213ea34-39ba-b1e5-7a5f-049aeb479436" testName="Roslyn_ClassAttributes_ShouldReturnAttributeInfo" computerName="DESKTOP-I52018A" duration="00:00:00.9310660" startTime="2026-09-06T18:46:24.9266805+02:00" endTime="2026-09-06T18:46:25.8578739+02:00" testType="13cdc9d9-ddb5-4fa4-a97d-d965ccfc6d4b" outcome="Passed" testListId="8c84fa94-04c1-424b-9868-57a2d4851a1d" relativeResultsDirectory="d064cebd-f873-4f94-ba55-fd6084389ad7" />
  </Results>
  <TestDefinitions>
    <UnitTest name="Roslyn_ClassMetrics_ShouldReturnClassInfo" storage="d:\repos\musoq.datasources\musoq.datasources.representativetests\bin\release\net10.0\musoq.datasources.representativetests.dll" id="899b8416-2cbb-d5d4-00bb-493109fbfd7d">
      <Execution id="9b2a4f06-7164-456f-a80f-b4ec1d0461f7" />
      <TestMethod codeBase="D:\repos\Musoq.DataSources\Musoq.DataSources.RepresentativeTests\bin\Release\net10.0\Musoq.DataSources.RepresentativeTests.dll" adapterTypeName="executor://mstestadapter/v2" className="Musoq.DataSources.RepresentativeTests.RepresentativeQueryTests" name="Roslyn_ClassMetrics_ShouldReturnClassInfo" />
    </UnitTest>
    <UnitTest name="Roslyn_FindReferences_ShouldLocateClassUsages" storage="d:\repos\musoq.datasources\musoq.datasources.representativetests\bin\release\net10.0\musoq.datasources.representativetests.dll" id="5ffb435c-1944-ea0b-2141-ceb0fbad1125">
      <Execution id="e8128b13-1914-4d4f-9c12-5630997fa832" />
      <TestMethod codeBase="D:\repos\Musoq.DataSources\Musoq.DataSources.RepresentativeTests\bin\Release\net10.0\Musoq.DataSources.RepresentativeTests.dll" adapterTypeName="executor://mstestadapter/v2" className="Musoq.DataSources.RepresentativeTests.RepresentativeQueryTests" name="Roslyn_FindReferences_ShouldLocateClassUsages" />
    </UnitTest>
    <UnitTest name="Roslyn_PropertyAccessors_ShouldReturnAccessorInfo" storage="d:\repos\musoq.datasources\musoq.datasources.representativetests\bin\release\net10.0\musoq.datasources.representativetests.dll" id="a70e65cc-a425-a60f-c3e6-49fc3ecfb735">
      <Execution id="faee78f6-e4d0-4516-9342-6c6815af7fb8" />
      <TestMethod codeBase="D:\repos\Musoq.DataSources\Musoq.DataSources.RepresentativeTests\bin\Release\net10.0\Musoq.DataSources.RepresentativeTests.dll" adapterTypeName="executor://mstestadapter/v2" className="Musoq.DataSources.RepresentativeTests.RepresentativeQueryTests" name="Roslyn_PropertyAccessors_ShouldReturnAccessorInfo" />
    </UnitTest>
    <UnitTest name="Combined_NestedCte_ShouldPerformMultiLevelAggregation" storage="d:\repos\musoq.datasources\musoq.datasources.representativetests\bin\release\net10.0\musoq.datasources.representativetests.dll" id="261668e6-433b-4cb6-4004-99f37296d787">
      <Execution id="65ad9d61-cbcf-426e-8501-f2a5e2e8f9e5" />
      <TestMethod codeBase="D:\repos\Musoq.DataSources\Musoq.DataSources.RepresentativeTests\bin\Release\net10.0\Musoq.DataSources.RepresentativeTests.dll" adapterTypeName="executor://mstestadapter/v2" className="Musoq.DataSources.RepresentativeTests.RepresentativeQueryTests" name="Combined_NestedCte_ShouldPerformMultiLevelAggregation" />
    </UnitTest>
    <UnitTest name="Roslyn_MethodBodyProperties_ShouldReturnCorrectValues" storage="d:\repos\musoq.datasources\musoq.datasources.representativetests\bin\release\net10.0\musoq.datasources.representativetests.dll" id="bba3b0c4-6991-38ee-c664-fccb86f34161">
      <Execution id="4d729eac-9ec7-42ad-bcce-4941722856ee" />
      <TestMethod codeBase="D:\repos\Musoq.DataSources\Musoq.DataSources.RepresentativeTests\bin\Release\net10.0\Musoq.DataSources.RepresentativeTests.dll" adapterTypeName="executor://mstestadapter/v2" className="Musoq.DataSources.RepresentativeTests.RepresentativeQueryTests" name="Roslyn_MethodBodyProperties_ShouldReturnCorrectValues" />
    </UnitTest>
    <UnitTest name="Git_DifferenceBetweenBranches_ShouldShowChanges" storage="d:\repos\musoq.datasources\musoq.datasources.representativetests\bin\release\net10.0\musoq.datasources.representativetests.dll" id="b64535a1-3a06-0eb9-095f-1f8f71d5eb61">
      <Execution id="ebb6c51c-a27b-435d-b319-5f4c3ecdbef3" />
      <TestMethod codeBase="D:\repos\Musoq.DataSources\Musoq.DataSources.RepresentativeTests\bin\Release\net10.0\Musoq.DataSources.RepresentativeTests.dll" adapterTypeName="executor://mstestadapter/v2" className="Musoq.DataSources.RepresentativeTests.RepresentativeQueryTests" name="Git_DifferenceBetweenBranches_ShouldShowChanges" />
    </UnitTest>
    <UnitTest name="FileSystem_FilterByExtension_ShouldReturnOnlyMatchingFiles" storage="d:\repos\musoq.datasources\musoq.datasources.representativetests\bin\release\net10.0\musoq.datasources.representativetests.dll" id="6f3a5283-9242-42f0-aef8-bfb1501b2adf">
      <Execution id="d01b09bf-e483-4432-9b32-7b0000bf53ed" />
      <TestMethod codeBase="D:\repos\Musoq.DataSources\Musoq.DataSources.RepresentativeTests\bin\Release\net10.0\Musoq.DataSources.RepresentativeTests.dll" adapterTypeName="executor://mstestadapter/v2" className="Musoq.DataSources.RepresentativeTests.RepresentativeQueryTests" name="FileSystem_FilterByExtension_ShouldReturnOnlyMatchingFiles" />
    </UnitTest>
    <UnitTest name="Git_CommitParents_ShouldShowParentRelationships" storage="d:\repos\musoq.datasources\musoq.datasources.representativetests\bin\release\net10.0\musoq.datasources.representativetests.dll" id="67708956-e1a7-c2f0-1192-196b1a41ff44">
      <Execution id="58ca8ce0-65da-454c-98ef-3bbbd5c0bd4b" />
      <TestMethod codeBase="D:\repos\Musoq.DataSources\Musoq.DataSources.RepresentativeTests\bin\Release\net10.0\Musoq.DataSources.RepresentativeTests.dll" adapterTypeName="executor://mstestadapter/v2" className="Musoq.DataSources.RepresentativeTests.RepresentativeQueryTests" name="Git_CommitParents_ShouldShowParentRelationships" />
    </UnitTest>
    <UnitTest name="Roslyn_ProjectReferences_ShouldReturnReferences" storage="d:\repos\musoq.datasources\musoq.datasources.representativetests\bin\release\net10.0\musoq.datasources.representativetests.dll" id="eab39479-5b22-af5b-f055-45fdb2d20d18">
      <Execution id="64b34e34-cf39-4696-9feb-78a07f1561e5" />
      <TestMethod codeBase="D:\repos\Musoq.DataSources\Musoq.DataSources.RepresentativeTests\bin\Release\net10.0\Musoq.DataSources.RepresentativeTests.dll" adapterTypeName="executor://mstestadapter/v2" className="Musoq.DataSources.RepresentativeTests.RepresentativeQueryTests" name="Roslyn_ProjectReferences_ShouldReturnReferences" />
    </UnitTest>
    <UnitTest name="Csv_TypedQuery_ShouldUseCorrectTypes" storage="d:\repos\musoq.datasources\musoq.datasources.representativetests\bin\release\net10.0\musoq.datasources.representativetests.dll" id="9625c8a3-0b48-6271-e8f4-b1b7aa52ab59">
      <Execution id="6370158d-4376-467b-8580-bdf0784811c5" />
      <TestMethod codeBase="D:\repos\Musoq.DataSources\Musoq.DataSources.RepresentativeTests\bin\Release\net10.0\Musoq.DataSources.RepresentativeTests.dll" adapterTypeName="executor://mstestadapter/v2" className="Musoq.DataSources.RepresentativeTests.RepresentativeQueryTests" name="Csv_TypedQuery_ShouldUseCorrectTypes" />
    </UnitTest>
    <UnitTest name="Roslyn_MethodParameters_ShouldReturnParameterInfo" storage="d:\repos\musoq.datasources\musoq.datasources.representativetests\bin\release\net10.0\musoq.datasources.representativetests.dll" id="c2e1e17a-3971-7be0-72bd-a4ad75047931">
      <Execution id="c8644f26-b1ca-4ba4-94f8-da2d225170dd" />
      <TestMethod codeBase="D:\repos\Musoq.DataSources\Musoq.DataSources.RepresentativeTests\bin\Release\net10.0\Musoq.DataSources.RepresentativeTests.dll" adapterTypeName="executor://mstestadapter/v2" className="Musoq.DataSources.RepresentativeTests.RepresentativeQueryTests" name="Roslyn_MethodParameters_ShouldReturnParameterInfo" />
    </UnitTest>
    <UnitTest name="Git_FileHistory_ShouldTrackFileChanges" storage="d:\repos\musoq.datasources\musoq.datasources.representativetests\bin\release\net10.0\musoq.datasources.representativetests.dll" id="3bb79173-04d3-ea81-f5e6-a573d5961a3c">
      <Execution id="16896a32-3de5-4bc0-8ba2-c24d6d9424ca" />
      <TestMethod codeBase="D:\repos\Musoq.DataSources\Musoq.DataSources.RepresentativeTests\bin\Release\net10.0\Musoq.DataSources.RepresentativeTests.dll" adapterTypeName="executor://mstestadapter/v2" className="Musoq.DataSources.RepresentativeTests.RepresentativeQueryTests" name="Git_FileHistory_ShouldTrackFileChanges" />
    </UnitTest>
    <UnitTest name="RegisteredSchemaTables_PreservePortableEnumMetadataAndOrdinaryScalarTypes" storage="d:\repos\musoq.datasources\musoq.datasources.representativetests\bin\release\net10.0\musoq.datasources.representativetests.dll" id="de9b8084-181a-f7be-f620-8898f9d43459">
      <Execution id="f54d455d-4518-4cb6-9520-00f72f9df1aa" />
      <TestMethod codeBase="D:\repos\Musoq.DataSources\Musoq.DataSources.RepresentativeTests\bin\Release\net10.0\Musoq.DataSources.RepresentativeTests.dll" adapterTypeName="executor://mstestadapter/v2" className="Musoq.DataSources.RepresentativeTests.ConcreteDatasourceConformanceTests" name="RegisteredSchemaTables_PreservePortableEnumMetadataAndOrdinaryScalarTypes" />
    </UnitTest>
    <UnitTest name="Roslyn_ListTypes_ShouldReturnAllTypes" storage="d:\repos\musoq.datasources\musoq.datasources.representativetests\bin\release\net10.0\musoq.datasources.representativetests.dll" id="5b36425c-7319-b27f-7ac8-048b85e1c8fa">
      <Execution id="51f2e536-680b-431d-ad6f-046bec3e0fb8" />
      <TestMethod codeBase="D:\repos\Musoq.DataSources\Musoq.DataSources.RepresentativeTests\bin\Release\net10.0\Musoq.DataSources.RepresentativeTests.dll" adapterTypeName="executor://mstestadapter/v2" className="Musoq.DataSources.RepresentativeTests.RepresentativeQueryTests" name="Roslyn_ListTypes_ShouldReturnAllTypes" />
    </UnitTest>
    <UnitTest name="Git_ListTags_ShouldReturnTagInformation" storage="d:\repos\musoq.datasources\musoq.datasources.representativetests\bin\release\net10.0\musoq.datasources.representativetests.dll" id="b1d7fdca-a0e0-7d37-6932-42720ed5c0a1">
      <Execution id="f0ff52ca-80e4-4574-b9b3-226befaa31e1" />
      <TestMethod codeBase="D:\repos\Musoq.DataSources\Musoq.DataSources.RepresentativeTests\bin\Release\net10.0\Musoq.DataSources.RepresentativeTests.dll" adapterTypeName="executor://mstestadapter/v2" className="Musoq.DataSources.RepresentativeTests.RepresentativeQueryTests" name="Git_ListTags_ShouldReturnTagInformation" />
    </UnitTest>
    <UnitTest name="Roslyn_ClassAttributes_ShouldReturnAttributeInfo" storage="d:\repos\musoq.datasources\musoq.datasources.representativetests\bin\release\net10.0\musoq.datasources.representativetests.dll" id="1213ea34-39ba-b1e5-7a5f-049aeb479436">
      <Execution id="d064cebd-f873-4f94-ba55-fd6084389ad7" />
      <TestMethod codeBase="D:\repos\Musoq.DataSources\Musoq.DataSources.RepresentativeTests\bin\Release\net10.0\Musoq.DataSources.RepresentativeTests.dll" adapterTypeName="executor://mstestadapter/v2" className="Musoq.DataSources.RepresentativeTests.RepresentativeQueryTests" name="Roslyn_ClassAttributes_ShouldReturnAttributeInfo" />
    </UnitTest>
    <UnitTest name="Time_FilterWeekends_ShouldReturnOnlySaturdaysAndSundays" storage="d:\repos\musoq.datasources\musoq.datasources.representativetests\bin\release\net10.0\musoq.datasources.representativetests.dll" id="ca91a6ad-5e4c-4048-65f8-f08d0cfcc84f">
      <Execution id="34702d21-6bbf-4865-a339-8d9f9d2b5278" />
      <TestMethod codeBase="D:\repos\Musoq.DataSources\Musoq.DataSources.RepresentativeTests\bin\Release\net10.0\Musoq.DataSources.RepresentativeTests.dll" adapterTypeName="executor://mstestadapter/v2" className="Musoq.DataSources.RepresentativeTests.RepresentativeQueryTests" name="Time_FilterWeekends_ShouldReturnOnlySaturdaysAndSundays" />
    </UnitTest>
    <UnitTest name="Csv_BasicSelect_ShouldReturnColumns" storage="d:\repos\musoq.datasources\musoq.datasources.representativetests\bin\release\net10.0\musoq.datasources.representativetests.dll" id="f0ae5737-3e3a-ad22-1058-0e9c94efa4e2">
      <Execution id="4b8ae8a7-7bd2-4872-9ef8-89e4d54a27dc" />
      <TestMethod codeBase="D:\repos\Musoq.DataSources\Musoq.DataSources.RepresentativeTests\bin\Release\net10.0\Musoq.DataSources.RepresentativeTests.dll" adapterTypeName="executor://mstestadapter/v2" className="Musoq.DataSources.RepresentativeTests.RepresentativeQueryTests" name="Csv_BasicSelect_ShouldReturnColumns" />
    </UnitTest>
    <UnitTest name="Archive_ListContents_ShouldReturnArchiveFiles" storage="d:\repos\musoq.datasources\musoq.datasources.representativetests\bin\release\net10.0\musoq.datasources.representativetests.dll" id="e874ac25-2aa9-921b-1c7d-8577c275aec3">
      <Execution id="1497d171-67a2-4863-8530-d8e6300f0f93" />
      <TestMethod codeBase="D:\repos\Musoq.DataSources\Musoq.DataSources.RepresentativeTests\bin\Release\net10.0\Musoq.DataSources.RepresentativeTests.dll" adapterTypeName="executor://mstestadapter/v2" className="Musoq.DataSources.RepresentativeTests.RepresentativeQueryTests" name="Archive_ListContents_ShouldReturnArchiveFiles" />
    </UnitTest>
    <UnitTest name="System_DualUnion_ShouldCombineRows" storage="d:\repos\musoq.datasources\musoq.datasources.representativetests\bin\release\net10.0\musoq.datasources.representativetests.dll" id="ddace7f9-72ee-62c9-689d-79f06f6b8e3d">
      <Execution id="93a69019-b64b-486e-b4ec-7b077306cb22" />
      <TestMethod codeBase="D:\repos\Musoq.DataSources\Musoq.DataSources.RepresentativeTests\bin\Release\net10.0\Musoq.DataSources.RepresentativeTests.dll" adapterTypeName="executor://mstestadapter/v2" className="Musoq.DataSources.RepresentativeTests.RepresentativeQueryTests" name="System_DualUnion_ShouldCombineRows" />
    </UnitTest>
    <UnitTest name="Csv_Filtering_ShouldReturnMatchingRows" storage="d:\repos\musoq.datasources\musoq.datasources.representativetests\bin\release\net10.0\musoq.datasources.representativetests.dll" id="d3f9cf93-1b03-da33-7dcd-8376d9f19db9">
      <Execution id="3c175548-836f-44d1-9cbe-adf024a9de66" />
      <TestMethod codeBase="D:\repos\Musoq.DataSources\Musoq.DataSources.RepresentativeTests\bin\Release\net10.0\Musoq.DataSources.RepresentativeTests.dll" adapterTypeName="executor://mstestadapter/v2" className="Musoq.DataSources.RepresentativeTests.RepresentativeQueryTests" name="Csv_Filtering_ShouldReturnMatchingRows" />
    </UnitTest>
    <UnitTest name="Roslyn_LibraryReferences_ShouldReturnLibraries" storage="d:\repos\musoq.datasources\musoq.datasources.representativetests\bin\release\net10.0\musoq.datasources.representativetests.dll" id="59df8985-50a2-8fb8-aaf1-8f00f22daa35">
      <Execution id="67a9d19a-0e3c-45fb-ad90-52bbad6a78ea" />
      <TestMethod codeBase="D:\repos\Musoq.DataSources\Musoq.DataSources.RepresentativeTests\bin\Release\net10.0\Musoq.DataSources.RepresentativeTests.dll" adapterTypeName="executor://mstestadapter/v2" className="Musoq.DataSources.RepresentativeTests.RepresentativeQueryTests" name="Roslyn_LibraryReferences_ShouldReturnLibraries" />
    </UnitTest>
    <UnitTest name="Csv_Aggregation_ShouldCalculateTotals" storage="d:\repos\musoq.datasources\musoq.datasources.representativetests\bin\release\net10.0\musoq.datasources.representativetests.dll" id="1d38c433-d093-03da-9a31-ddf611961d69">
      <Execution id="01300be1-759a-4f3f-8da7-8d8d12a16ed9" />
      <TestMethod codeBase="D:\repos\Musoq.DataSources\Musoq.DataSources.RepresentativeTests\bin\Release\net10.0\Musoq.DataSources.RepresentativeTests.dll" adapterTypeName="executor://mstestadapter/v2" className="Musoq.DataSources.RepresentativeTests.RepresentativeQueryTests" name="Csv_Aggregation_ShouldCalculateTotals" />
    </UnitTest>
    <UnitTest name="PrimitiveValidation_IsEnabledAtEveryExplicitCallSite" storage="d:\repos\musoq.datasources\musoq.datasources.representativetests\bin\release\net10.0\musoq.datasources.representativetests.dll" id="0ae894b9-7b11-8337-bada-ffa70c0db2c6">
      <Execution id="78162896-bcda-4494-a65d-7bfb60cbb012" />
      <TestMethod codeBase="D:\repos\Musoq.DataSources\Musoq.DataSources.RepresentativeTests\bin\Release\net10.0\Musoq.DataSources.RepresentativeTests.dll" adapterTypeName="executor://mstestadapter/v2" className="Musoq.DataSources.RepresentativeTests.ConcreteDatasourceConformanceTests" name="PrimitiveValidation_IsEnabledAtEveryExplicitCallSite" />
    </UnitTest>
    <UnitTest name="ProductionProjects_ShouldReferenceOnlyHostProvidedAbiPackages" storage="d:\repos\musoq.datasources\musoq.datasources.representativetests\bin\release\net10.0\musoq.datasources.representativetests.dll" id="95ada3a6-fba8-a3fa-12c7-459c7e27c6a3">
      <Execution id="9bee590f-e29a-4fe4-84ca-21a56b2d2996" />
      <TestMethod codeBase="D:\repos\Musoq.DataSources\Musoq.DataSources.RepresentativeTests\bin\Release\net10.0\Musoq.DataSources.RepresentativeTests.dll" adapterTypeName="executor://mstestadapter/v2" className="Musoq.DataSources.RepresentativeTests.MusoqDependencyBoundaryTests" name="ProductionProjects_ShouldReferenceOnlyHostProvidedAbiPackages" />
    </UnitTest>
    <UnitTest name="Json_Filtering_ShouldReturnMatchingRecords" storage="d:\repos\musoq.datasources\musoq.datasources.representativetests\bin\release\net10.0\musoq.datasources.representativetests.dll" id="0d889236-7439-0d23-2fea-4957143137eb">
      <Execution id="53105dcd-ba10-4fa2-b2c2-2c2f41825fd5" />
      <TestMethod codeBase="D:\repos\Musoq.DataSources\Musoq.DataSources.RepresentativeTests\bin\Release\net10.0\Musoq.DataSources.RepresentativeTests.dll" adapterTypeName="executor://mstestadapter/v2" className="Musoq.DataSources.RepresentativeTests.RepresentativeQueryTests" name="Json_Filtering_ShouldReturnMatchingRecords" />
    </UnitTest>
    <UnitTest name="Roslyn_ClassDesignMetrics_ShouldReturnMetrics" storage="d:\repos\musoq.datasources\musoq.datasources.representativetests\bin\release\net10.0\musoq.datasources.representativetests.dll" id="506831f4-d4a2-b0d4-64ff-18c56cdc46f9">
      <Execution id="b82f0b86-52fa-448f-8528-b1d0991f01fe" />
      <TestMethod codeBase="D:\repos\Musoq.DataSources\Musoq.DataSources.RepresentativeTests\bin\Release\net10.0\Musoq.DataSources.RepresentativeTests.dll" adapterTypeName="executor://mstestadapter/v2" className="Musoq.DataSources.RepresentativeTests.RepresentativeQueryTests" name="Roslyn_ClassDesignMetrics_ShouldReturnMetrics" />
    </UnitTest>
    <UnitTest name="FileSystem_ListDirectories_ShouldReturnDirectories" storage="d:\repos\musoq.datasources\musoq.datasources.representativetests\bin\release\net10.0\musoq.datasources.representativetests.dll" id="62b57f1a-6b07-e74d-134a-ba364cbfa834">
      <Execution id="bddc53ec-0414-477b-bb20-1d806882d844" />
      <TestMethod codeBase="D:\repos\Musoq.DataSources\Musoq.DataSources.RepresentativeTests\bin\Release\net10.0\Musoq.DataSources.RepresentativeTests.dll" adapterTypeName="executor://mstestadapter/v2" className="Musoq.DataSources.RepresentativeTests.RepresentativeQueryTests" name="FileSystem_ListDirectories_ShouldReturnDirectories" />
    </UnitTest>
    <UnitTest name="Csv_GroupByCount_ShouldCountPerGroup" storage="d:\repos\musoq.datasources\musoq.datasources.representativetests\bin\release\net10.0\musoq.datasources.representativetests.dll" id="77be3db2-d969-7a3c-4e99-f21218a87912">
      <Execution id="140dd177-886a-47b4-91bd-41ccf16721cb" />
      <TestMethod codeBase="D:\repos\Musoq.DataSources\Musoq.DataSources.RepresentativeTests\bin\Release\net10.0\Musoq.DataSources.RepresentativeTests.dll" adapterTypeName="executor://mstestadapter/v2" className="Musoq.DataSources.RepresentativeTests.RepresentativeQueryTests" name="Csv_GroupByCount_ShouldCountPerGroup" />
    </UnitTest>
    <UnitTest name="FileSystem_ListFilesWithSize_ShouldReturnFilesWithSizeInformation" storage="d:\repos\musoq.datasources\musoq.datasources.representativetests\bin\release\net10.0\musoq.datasources.representativetests.dll" id="12ad629e-3539-0f3c-3d8f-90c5619cfadd">
      <Execution id="1daa5922-02ab-4766-9ea9-138d4c0495ba" />
      <TestMethod codeBase="D:\repos\Musoq.DataSources\Musoq.DataSources.RepresentativeTests\bin\Release\net10.0\Musoq.DataSources.RepresentativeTests.dll" adapterTypeName="executor://mstestadapter/v2" className="Musoq.DataSources.RepresentativeTests.RepresentativeQueryTests" name="FileSystem_ListFilesWithSize_ShouldReturnFilesWithSizeInformation" />
    </UnitTest>
    <UnitTest name="Git_ListCommits_ShouldReturnCommitHistory" storage="d:\repos\musoq.datasources\musoq.datasources.representativetests\bin\release\net10.0\musoq.datasources.representativetests.dll" id="d77d19b9-e800-259a-ed3b-e2c809eea75b">
      <Execution id="7076cc44-23d6-4e14-8288-7306ddcaf70b" />
      <TestMethod codeBase="D:\repos\Musoq.DataSources\Musoq.DataSources.RepresentativeTests\bin\Release\net10.0\Musoq.DataSources.RepresentativeTests.dll" adapterTypeName="executor://mstestadapter/v2" className="Musoq.DataSources.RepresentativeTests.RepresentativeQueryTests" name="Git_ListCommits_ShouldReturnCommitHistory" />
    </UnitTest>
    <UnitTest name="Git_BranchSpecificCommits_ShouldFindUniqueCommits" storage="d:\repos\musoq.datasources\musoq.datasources.representativetests\bin\release\net10.0\musoq.datasources.representativetests.dll" id="2d0ab1e1-1dcf-d5e6-c95d-40daa5a1774e">
      <Execution id="5362fc5b-7508-4243-b2de-ab2d3792e5a4" />
      <TestMethod codeBase="D:\repos\Musoq.DataSources\Musoq.DataSources.RepresentativeTests\bin\Release\net10.0\Musoq.DataSources.RepresentativeTests.dll" adapterTypeName="executor://mstestadapter/v2" className="Musoq.DataSources.RepresentativeTests.RepresentativeQueryTests" name="Git_BranchSpecificCommits_ShouldFindUniqueCommits" />
    </UnitTest>
    <UnitTest name="PluginPackages_WhenArtifactsExist_ShouldMatchRuntimeV2PackageContract" storage="d:\repos\musoq.datasources\musoq.datasources.representativetests\bin\release\net10.0\musoq.datasources.representativetests.dll" id="2e58ca55-e3e3-5e66-483b-273cb2028c4f">
      <Execution id="9a3fd6de-84f5-4bcd-b960-e48c85ce994d" />
      <TestMethod codeBase="D:\repos\Musoq.DataSources\Musoq.DataSources.RepresentativeTests\bin\Release\net10.0\Musoq.DataSources.RepresentativeTests.dll" adapterTypeName="executor://mstestadapter/v2" className="Musoq.DataSources.RepresentativeTests.PluginPackageSmokeTests" name="PluginPackages_WhenArtifactsExist_ShouldMatchRuntimeV2PackageContract" />
    </UnitTest>
    <UnitTest name="Roslyn_QueryEnums_ShouldReturnEnumDetails" storage="d:\repos\musoq.datasources\musoq.datasources.representativetests\bin\release\net10.0\musoq.datasources.representativetests.dll" id="4f98292e-4c40-3694-a9a0-98ff866f543b">
      <Execution id="4a551393-f25e-4b31-9c70-c1cf83efb1c2" />
      <TestMethod codeBase="D:\repos\Musoq.DataSources\Musoq.DataSources.RepresentativeTests\bin\Release\net10.0\Musoq.DataSources.RepresentativeTests.dll" adapterTypeName="executor://mstestadapter/v2" className="Musoq.DataSources.RepresentativeTests.RepresentativeQueryTests" name="Roslyn_QueryEnums_ShouldReturnEnumDetails" />
    </UnitTest>
    <UnitTest name="Roslyn_QueryInterfaces_ShouldReturnInterfaceDetails" storage="d:\repos\musoq.datasources\musoq.datasources.representativetests\bin\release\net10.0\musoq.datasources.representativetests.dll" id="14753501-8b54-1609-e422-545d8dca90db">
      <Execution id="bee06315-e8c6-4971-aa0b-2d1a9e5fadb5" />
      <TestMethod codeBase="D:\repos\Musoq.DataSources\Musoq.DataSources.RepresentativeTests\bin\Release\net10.0\Musoq.DataSources.RepresentativeTests.dll" adapterTypeName="executor://mstestadapter/v2" className="Musoq.DataSources.RepresentativeTests.RepresentativeQueryTests" name="Roslyn_QueryInterfaces_ShouldReturnInterfaceDetails" />
    </UnitTest>
    <UnitTest name="Combined_CteQuery_ShouldWorkCorrectly" storage="d:\repos\musoq.datasources\musoq.datasources.representativetests\bin\release\net10.0\musoq.datasources.representativetests.dll" id="62ed8226-fee6-e6e3-35c0-55196fcccbeb">
      <Execution id="3922107c-f380-4849-8011-e28145ab5069" />
      <TestMethod codeBase="D:\repos\Musoq.DataSources\Musoq.DataSources.RepresentativeTests\bin\Release\net10.0\Musoq.DataSources.RepresentativeTests.dll" adapterTypeName="executor://mstestadapter/v2" className="Musoq.DataSources.RepresentativeTests.RepresentativeQueryTests" name="Combined_CteQuery_ShouldWorkCorrectly" />
    </UnitTest>
    <UnitTest name="Time_GenerateDateRange_ShouldCreateSequence" storage="d:\repos\musoq.datasources\musoq.datasources.representativetests\bin\release\net10.0\musoq.datasources.representativetests.dll" id="70a78bc1-8b27-e9a4-6cb6-9c209853a6de">
      <Execution id="1eed8345-7960-4065-87e3-1aeaf8bd47ac" />
      <TestMethod codeBase="D:\repos\Musoq.DataSources\Musoq.DataSources.RepresentativeTests\bin\Release\net10.0\Musoq.DataSources.RepresentativeTests.dll" adapterTypeName="executor://mstestadapter/v2" className="Musoq.DataSources.RepresentativeTests.RepresentativeQueryTests" name="Time_GenerateDateRange_ShouldCreateSequence" />
    </UnitTest>
    <UnitTest name="FileSystem_Sha256Hash_ShouldComputeFileHashes" storage="d:\repos\musoq.datasources\musoq.datasources.representativetests\bin\release\net10.0\musoq.datasources.representativetests.dll" id="cf86af99-2c3d-d408-5f37-04517de9bd51">
      <Execution id="9f3f5aea-8233-4d56-847d-1a59fb6ccfd5" />
      <TestMethod codeBase="D:\repos\Musoq.DataSources\Musoq.DataSources.RepresentativeTests\bin\Release\net10.0\Musoq.DataSources.RepresentativeTests.dll" adapterTypeName="executor://mstestadapter/v2" className="Musoq.DataSources.RepresentativeTests.RepresentativeQueryTests" name="FileSystem_Sha256Hash_ShouldComputeFileHashes" />
    </UnitTest>
    <UnitTest name="Roslyn_CyclomaticComplexity_ShouldReturnComplexityMetrics" storage="d:\repos\musoq.datasources\musoq.datasources.representativetests\bin\release\net10.0\musoq.datasources.representativetests.dll" id="0d1dbc9f-8ac4-7463-d1cd-77c86a1b2221">
      <Execution id="761190c2-c768-4d1f-88ee-27af56d8ca31" />
      <TestMethod codeBase="D:\repos\Musoq.DataSources\Musoq.DataSources.RepresentativeTests\bin\Release\net10.0\Musoq.DataSources.RepresentativeTests.dll" adapterTypeName="executor://mstestadapter/v2" className="Musoq.DataSources.RepresentativeTests.RepresentativeQueryTests" name="Roslyn_CyclomaticComplexity_ShouldReturnComplexityMetrics" />
    </UnitTest>
    <UnitTest name="IncludedSchemaCollections_AreMarkedForCrossApply" storage="d:\repos\musoq.datasources\musoq.datasources.representativetests\bin\release\net10.0\musoq.datasources.representativetests.dll" id="1fca37e3-0373-84d3-26d0-e2ab74d2715f">
      <Execution id="4b0c8b7a-5236-411c-b61d-535f9df493b9" />
      <TestMethod codeBase="D:\repos\Musoq.DataSources\Musoq.DataSources.RepresentativeTests\bin\Release\net10.0\Musoq.DataSources.RepresentativeTests.dll" adapterTypeName="executor://mstestadapter/v2" className="Musoq.DataSources.RepresentativeTests.ConcreteDatasourceConformanceTests" name="IncludedSchemaCollections_AreMarkedForCrossApply" />
    </UnitTest>
    <UnitTest name="Archive_ReadTextContent_ShouldExtractFileContent" storage="d:\repos\musoq.datasources\musoq.datasources.representativetests\bin\release\net10.0\musoq.datasources.representativetests.dll" id="d433c14f-d921-d21c-7cd2-df54a6ec60f5">
      <Execution id="15467a90-0605-4354-95f8-206507c557ef" />
      <TestMethod codeBase="D:\repos\Musoq.DataSources\Musoq.DataSources.RepresentativeTests\bin\Release\net10.0\Musoq.DataSources.RepresentativeTests.dll" adapterTypeName="executor://mstestadapter/v2" className="Musoq.DataSources.RepresentativeTests.RepresentativeQueryTests" name="Archive_ReadTextContent_ShouldExtractFileContent" />
    </UnitTest>
    <UnitTest name="Json_BasicQuery_ShouldExtractData" storage="d:\repos\musoq.datasources\musoq.datasources.representativetests\bin\release\net10.0\musoq.datasources.representativetests.dll" id="7a5a9284-e92c-71b5-30b7-a9a677a60b60">
      <Execution id="66dad920-2cb2-43d1-96a2-8f58106748bb" />
      <TestMethod codeBase="D:\repos\Musoq.DataSources\Musoq.DataSources.RepresentativeTests\bin\Release\net10.0\Musoq.DataSources.RepresentativeTests.dll" adapterTypeName="executor://mstestadapter/v2" className="Musoq.DataSources.RepresentativeTests.RepresentativeQueryTests" name="Json_BasicQuery_ShouldExtractData" />
    </UnitTest>
    <UnitTest name="Schema12_WithPerVersionRuntimeMetadata_ShouldDeserializeThroughLegacy11Shape" storage="d:\repos\musoq.datasources\musoq.datasources.representativetests\bin\release\net10.0\musoq.datasources.representativetests.dll" id="e18aa48d-2eaa-9708-0abb-74041a0e03b4">
      <Execution id="f404ea11-5021-472d-b926-925a9e404d44" />
      <TestMethod codeBase="D:\repos\Musoq.DataSources\Musoq.DataSources.RepresentativeTests\bin\Release\net10.0\Musoq.DataSources.RepresentativeTests.dll" adapterTypeName="executor://mstestadapter/v2" className="Musoq.DataSources.RepresentativeTests.PluginRegistryCompatibilityTests" name="Schema12_WithPerVersionRuntimeMetadata_ShouldDeserializeThroughLegacy11Shape" />
    </UnitTest>
    <UnitTest name="MusoqPackageVersions_ShouldBeCentralized" storage="d:\repos\musoq.datasources\musoq.datasources.representativetests\bin\release\net10.0\musoq.datasources.representativetests.dll" id="2e83d0e9-fa58-8c37-1192-1ab0a8cd00c8">
      <Execution id="db58a608-a0d4-4ec1-bf81-4f132cb604c3" />
      <TestMethod codeBase="D:\repos\Musoq.DataSources\Musoq.DataSources.RepresentativeTests\bin\Release\net10.0\Musoq.DataSources.RepresentativeTests.dll" adapterTypeName="executor://mstestadapter/v2" className="Musoq.DataSources.RepresentativeTests.MusoqDependencyBoundaryTests" name="MusoqPackageVersions_ShouldBeCentralized" />
    </UnitTest>
    <UnitTest name="Json_NestedArray_ShouldMaterializeItems" storage="d:\repos\musoq.datasources\musoq.datasources.representativetests\bin\release\net10.0\musoq.datasources.representativetests.dll" id="faa7cdad-9a87-b664-d1af-f3d3013da3d0">
      <Execution id="7d9151a7-56b9-4a17-9e4d-3d574364dc77" />
      <TestMethod codeBase="D:\repos\Musoq.DataSources\Musoq.DataSources.RepresentativeTests\bin\Release\net10.0\Musoq.DataSources.RepresentativeTests.dll" adapterTypeName="executor://mstestadapter/v2" className="Musoq.DataSources.RepresentativeTests.RepresentativeQueryTests" name="Json_NestedArray_ShouldMaterializeItems" />
    </UnitTest>
    <UnitTest name="System_Dual_ShouldPerformCalculations" storage="d:\repos\musoq.datasources\musoq.datasources.representativetests\bin\release\net10.0\musoq.datasources.representativetests.dll" id="5a4bf05f-4c3e-45bd-ac50-22a156a8804f">
      <Execution id="daf0f62a-1b2e-42cd-afa8-e84d21dfa07b" />
      <TestMethod codeBase="D:\repos\Musoq.DataSources\Musoq.DataSources.RepresentativeTests\bin\Release\net10.0\Musoq.DataSources.RepresentativeTests.dll" adapterTypeName="executor://mstestadapter/v2" className="Musoq.DataSources.RepresentativeTests.RepresentativeQueryTests" name="System_Dual_ShouldPerformCalculations" />
    </UnitTest>
    <UnitTest name="System_Range_ShouldGenerateSequence" storage="d:\repos\musoq.datasources\musoq.datasources.representativetests\bin\release\net10.0\musoq.datasources.representativetests.dll" id="e683fe22-01b4-6d75-352d-8d7a857a5c1a">
      <Execution id="89fd3c37-3633-4287-8f4a-5975abbab9ec" />
      <TestMethod codeBase="D:\repos\Musoq.DataSources\Musoq.DataSources.RepresentativeTests\bin\Release\net10.0\Musoq.DataSources.RepresentativeTests.dll" adapterTypeName="executor://mstestadapter/v2" className="Musoq.DataSources.RepresentativeTests.RepresentativeQueryTests" name="System_Range_ShouldGenerateSequence" />
    </UnitTest>
    <UnitTest name="Combined_FileSystemWithCsv_ShouldWorkTogether" storage="d:\repos\musoq.datasources\musoq.datasources.representativetests\bin\release\net10.0\musoq.datasources.representativetests.dll" id="1b7ba1c0-9608-0eb3-1beb-b4c97d60d740">
      <Execution id="460dc522-869d-404a-a586-b58e3657632a" />
      <TestMethod codeBase="D:\repos\Musoq.DataSources\Musoq.DataSources.RepresentativeTests\bin\Release\net10.0\Musoq.DataSources.RepresentativeTests.dll" adapterTypeName="executor://mstestadapter/v2" className="Musoq.DataSources.RepresentativeTests.RepresentativeQueryTests" name="Combined_FileSystemWithCsv_ShouldWorkTogether" />
    </UnitTest>
    <UnitTest name="RegisteredConstructors_HaveExactly56ConcreteAnd15DynamicCases" storage="d:\repos\musoq.datasources\musoq.datasources.representativetests\bin\release\net10.0\musoq.datasources.representativetests.dll" id="73778523-0116-377e-b228-da9872aee6e3">
      <Execution id="1d0e3fa3-2619-4e9a-acbb-ee50b02a92c1" />
      <TestMethod codeBase="D:\repos\Musoq.DataSources\Musoq.DataSources.RepresentativeTests\bin\Release\net10.0\Musoq.DataSources.RepresentativeTests.dll" adapterTypeName="executor://mstestadapter/v2" className="Musoq.DataSources.RepresentativeTests.ConcreteDatasourceConformanceTests" name="RegisteredConstructors_HaveExactly56ConcreteAnd15DynamicCases" />
    </UnitTest>
    <UnitTest name="Git_ListBranches_ShouldReturnBranchInformation" storage="d:\repos\musoq.datasources\musoq.datasources.representativetests\bin\release\net10.0\musoq.datasources.representativetests.dll" id="e9b41ce4-e46b-cf82-bf4f-6644a6d2eb0c">
      <Execution id="f24feea5-d5ff-44b6-8d23-2bc09a3ae14c" />
      <TestMethod codeBase="D:\repos\Musoq.DataSources\Musoq.DataSources.RepresentativeTests\bin\Release\net10.0\Musoq.DataSources.RepresentativeTests.dll" adapterTypeName="executor://mstestadapter/v2" className="Musoq.DataSources.RepresentativeTests.RepresentativeQueryTests" name="Git_ListBranches_ShouldReturnBranchInformation" />
    </UnitTest>
    <UnitTest name="Csv_JoinTables_ShouldCombineData" storage="d:\repos\musoq.datasources\musoq.datasources.representativetests\bin\release\net10.0\musoq.datasources.representativetests.dll" id="9540534e-cfb2-cc5e-5c43-f0418167694b">
      <Execution id="3e5de702-f078-4ee5-ae89-86e467aa4db3" />
      <TestMethod codeBase="D:\repos\Musoq.DataSources\Musoq.DataSources.RepresentativeTests\bin\Release\net10.0\Musoq.DataSources.RepresentativeTests.dll" adapterTypeName="executor://mstestadapter/v2" className="Musoq.DataSources.RepresentativeTests.RepresentativeQueryTests" name="Csv_JoinTables_ShouldCombineData" />
    </UnitTest>
  </TestDefinitions>
  <TestEntries>
    <TestEntry testId="faa7cdad-9a87-b664-d1af-f3d3013da3d0" executionId="7d9151a7-56b9-4a17-9e4d-3d574364dc77" testListId="8c84fa94-04c1-424b-9868-57a2d4851a1d" />
    <TestEntry testId="77be3db2-d969-7a3c-4e99-f21218a87912" executionId="140dd177-886a-47b4-91bd-41ccf16721cb" testListId="8c84fa94-04c1-424b-9868-57a2d4851a1d" />
    <TestEntry testId="e18aa48d-2eaa-9708-0abb-74041a0e03b4" executionId="f404ea11-5021-472d-b926-925a9e404d44" testListId="8c84fa94-04c1-424b-9868-57a2d4851a1d" />
    <TestEntry testId="1fca37e3-0373-84d3-26d0-e2ab74d2715f" executionId="4b0c8b7a-5236-411c-b61d-535f9df493b9" testListId="8c84fa94-04c1-424b-9868-57a2d4851a1d" />
    <TestEntry testId="506831f4-d4a2-b0d4-64ff-18c56cdc46f9" executionId="b82f0b86-52fa-448f-8528-b1d0991f01fe" testListId="8c84fa94-04c1-424b-9868-57a2d4851a1d" />
    <TestEntry testId="1d38c433-d093-03da-9a31-ddf611961d69" executionId="01300be1-759a-4f3f-8da7-8d8d12a16ed9" testListId="8c84fa94-04c1-424b-9868-57a2d4851a1d" />
    <TestEntry testId="70a78bc1-8b27-e9a4-6cb6-9c209853a6de" executionId="1eed8345-7960-4065-87e3-1aeaf8bd47ac" testListId="8c84fa94-04c1-424b-9868-57a2d4851a1d" />
    <TestEntry testId="cf86af99-2c3d-d408-5f37-04517de9bd51" executionId="9f3f5aea-8233-4d56-847d-1a59fb6ccfd5" testListId="8c84fa94-04c1-424b-9868-57a2d4851a1d" />
    <TestEntry testId="de9b8084-181a-f7be-f620-8898f9d43459" executionId="f54d455d-4518-4cb6-9520-00f72f9df1aa" testListId="8c84fa94-04c1-424b-9868-57a2d4851a1d" />
    <TestEntry testId="261668e6-433b-4cb6-4004-99f37296d787" executionId="65ad9d61-cbcf-426e-8501-f2a5e2e8f9e5" testListId="8c84fa94-04c1-424b-9868-57a2d4851a1d" />
    <TestEntry testId="d77d19b9-e800-259a-ed3b-e2c809eea75b" executionId="7076cc44-23d6-4e14-8288-7306ddcaf70b" testListId="8c84fa94-04c1-424b-9868-57a2d4851a1d" />
    <TestEntry testId="5b36425c-7319-b27f-7ac8-048b85e1c8fa" executionId="51f2e536-680b-431d-ad6f-046bec3e0fb8" testListId="8c84fa94-04c1-424b-9868-57a2d4851a1d" />
    <TestEntry testId="0d889236-7439-0d23-2fea-4957143137eb" executionId="53105dcd-ba10-4fa2-b2c2-2c2f41825fd5" testListId="8c84fa94-04c1-424b-9868-57a2d4851a1d" />
    <TestEntry testId="67708956-e1a7-c2f0-1192-196b1a41ff44" executionId="58ca8ce0-65da-454c-98ef-3bbbd5c0bd4b" testListId="8c84fa94-04c1-424b-9868-57a2d4851a1d" />
    <TestEntry testId="14753501-8b54-1609-e422-545d8dca90db" executionId="bee06315-e8c6-4971-aa0b-2d1a9e5fadb5" testListId="8c84fa94-04c1-424b-9868-57a2d4851a1d" />
    <TestEntry testId="f0ae5737-3e3a-ad22-1058-0e9c94efa4e2" executionId="4b8ae8a7-7bd2-4872-9ef8-89e4d54a27dc" testListId="8c84fa94-04c1-424b-9868-57a2d4851a1d" />
    <TestEntry testId="a70e65cc-a425-a60f-c3e6-49fc3ecfb735" executionId="faee78f6-e4d0-4516-9342-6c6815af7fb8" testListId="8c84fa94-04c1-424b-9868-57a2d4851a1d" />
    <TestEntry testId="62b57f1a-6b07-e74d-134a-ba364cbfa834" executionId="bddc53ec-0414-477b-bb20-1d806882d844" testListId="8c84fa94-04c1-424b-9868-57a2d4851a1d" />
    <TestEntry testId="9540534e-cfb2-cc5e-5c43-f0418167694b" executionId="3e5de702-f078-4ee5-ae89-86e467aa4db3" testListId="8c84fa94-04c1-424b-9868-57a2d4851a1d" />
    <TestEntry testId="eab39479-5b22-af5b-f055-45fdb2d20d18" executionId="64b34e34-cf39-4696-9feb-78a07f1561e5" testListId="8c84fa94-04c1-424b-9868-57a2d4851a1d" />
    <TestEntry testId="73778523-0116-377e-b228-da9872aee6e3" executionId="1d0e3fa3-2619-4e9a-acbb-ee50b02a92c1" testListId="8c84fa94-04c1-424b-9868-57a2d4851a1d" />
    <TestEntry testId="d433c14f-d921-d21c-7cd2-df54a6ec60f5" executionId="15467a90-0605-4354-95f8-206507c557ef" testListId="8c84fa94-04c1-424b-9868-57a2d4851a1d" />
    <TestEntry testId="899b8416-2cbb-d5d4-00bb-493109fbfd7d" executionId="9b2a4f06-7164-456f-a80f-b4ec1d0461f7" testListId="8c84fa94-04c1-424b-9868-57a2d4851a1d" />
    <TestEntry testId="1b7ba1c0-9608-0eb3-1beb-b4c97d60d740" executionId="460dc522-869d-404a-a586-b58e3657632a" testListId="8c84fa94-04c1-424b-9868-57a2d4851a1d" />
    <TestEntry testId="2d0ab1e1-1dcf-d5e6-c95d-40daa5a1774e" executionId="5362fc5b-7508-4243-b2de-ab2d3792e5a4" testListId="8c84fa94-04c1-424b-9868-57a2d4851a1d" />
    <TestEntry testId="2e83d0e9-fa58-8c37-1192-1ab0a8cd00c8" executionId="db58a608-a0d4-4ec1-bf81-4f132cb604c3" testListId="8c84fa94-04c1-424b-9868-57a2d4851a1d" />
    <TestEntry testId="4f98292e-4c40-3694-a9a0-98ff866f543b" executionId="4a551393-f25e-4b31-9c70-c1cf83efb1c2" testListId="8c84fa94-04c1-424b-9868-57a2d4851a1d" />
    <TestEntry testId="5ffb435c-1944-ea0b-2141-ceb0fbad1125" executionId="e8128b13-1914-4d4f-9c12-5630997fa832" testListId="8c84fa94-04c1-424b-9868-57a2d4851a1d" />
    <TestEntry testId="59df8985-50a2-8fb8-aaf1-8f00f22daa35" executionId="67a9d19a-0e3c-45fb-ad90-52bbad6a78ea" testListId="8c84fa94-04c1-424b-9868-57a2d4851a1d" />
    <TestEntry testId="95ada3a6-fba8-a3fa-12c7-459c7e27c6a3" executionId="9bee590f-e29a-4fe4-84ca-21a56b2d2996" testListId="8c84fa94-04c1-424b-9868-57a2d4851a1d" />
    <TestEntry testId="ddace7f9-72ee-62c9-689d-79f06f6b8e3d" executionId="93a69019-b64b-486e-b4ec-7b077306cb22" testListId="8c84fa94-04c1-424b-9868-57a2d4851a1d" />
    <TestEntry testId="bba3b0c4-6991-38ee-c664-fccb86f34161" executionId="4d729eac-9ec7-42ad-bcce-4941722856ee" testListId="8c84fa94-04c1-424b-9868-57a2d4851a1d" />
    <TestEntry testId="e9b41ce4-e46b-cf82-bf4f-6644a6d2eb0c" executionId="f24feea5-d5ff-44b6-8d23-2bc09a3ae14c" testListId="8c84fa94-04c1-424b-9868-57a2d4851a1d" />
    <TestEntry testId="0d1dbc9f-8ac4-7463-d1cd-77c86a1b2221" executionId="761190c2-c768-4d1f-88ee-27af56d8ca31" testListId="8c84fa94-04c1-424b-9868-57a2d4851a1d" />
    <TestEntry testId="7a5a9284-e92c-71b5-30b7-a9a677a60b60" executionId="66dad920-2cb2-43d1-96a2-8f58106748bb" testListId="8c84fa94-04c1-424b-9868-57a2d4851a1d" />
    <TestEntry testId="d3f9cf93-1b03-da33-7dcd-8376d9f19db9" executionId="3c175548-836f-44d1-9cbe-adf024a9de66" testListId="8c84fa94-04c1-424b-9868-57a2d4851a1d" />
    <TestEntry testId="0ae894b9-7b11-8337-bada-ffa70c0db2c6" executionId="78162896-bcda-4494-a65d-7bfb60cbb012" testListId="8c84fa94-04c1-424b-9868-57a2d4851a1d" />
    <TestEntry testId="3bb79173-04d3-ea81-f5e6-a573d5961a3c" executionId="16896a32-3de5-4bc0-8ba2-c24d6d9424ca" testListId="8c84fa94-04c1-424b-9868-57a2d4851a1d" />
    <TestEntry testId="b64535a1-3a06-0eb9-095f-1f8f71d5eb61" executionId="ebb6c51c-a27b-435d-b319-5f4c3ecdbef3" testListId="8c84fa94-04c1-424b-9868-57a2d4851a1d" />
    <TestEntry testId="6f3a5283-9242-42f0-aef8-bfb1501b2adf" executionId="d01b09bf-e483-4432-9b32-7b0000bf53ed" testListId="8c84fa94-04c1-424b-9868-57a2d4851a1d" />
    <TestEntry testId="9625c8a3-0b48-6271-e8f4-b1b7aa52ab59" executionId="6370158d-4376-467b-8580-bdf0784811c5" testListId="8c84fa94-04c1-424b-9868-57a2d4851a1d" />
    <TestEntry testId="12ad629e-3539-0f3c-3d8f-90c5619cfadd" executionId="1daa5922-02ab-4766-9ea9-138d4c0495ba" testListId="8c84fa94-04c1-424b-9868-57a2d4851a1d" />
    <TestEntry testId="c2e1e17a-3971-7be0-72bd-a4ad75047931" executionId="c8644f26-b1ca-4ba4-94f8-da2d225170dd" testListId="8c84fa94-04c1-424b-9868-57a2d4851a1d" />
    <TestEntry testId="b1d7fdca-a0e0-7d37-6932-42720ed5c0a1" executionId="f0ff52ca-80e4-4574-b9b3-226befaa31e1" testListId="8c84fa94-04c1-424b-9868-57a2d4851a1d" />
    <TestEntry testId="e874ac25-2aa9-921b-1c7d-8577c275aec3" executionId="1497d171-67a2-4863-8530-d8e6300f0f93" testListId="8c84fa94-04c1-424b-9868-57a2d4851a1d" />
    <TestEntry testId="62ed8226-fee6-e6e3-35c0-55196fcccbeb" executionId="3922107c-f380-4849-8011-e28145ab5069" testListId="8c84fa94-04c1-424b-9868-57a2d4851a1d" />
    <TestEntry testId="e683fe22-01b4-6d75-352d-8d7a857a5c1a" executionId="89fd3c37-3633-4287-8f4a-5975abbab9ec" testListId="8c84fa94-04c1-424b-9868-57a2d4851a1d" />
    <TestEntry testId="2e58ca55-e3e3-5e66-483b-273cb2028c4f" executionId="9a3fd6de-84f5-4bcd-b960-e48c85ce994d" testListId="8c84fa94-04c1-424b-9868-57a2d4851a1d" />
    <TestEntry testId="ca91a6ad-5e4c-4048-65f8-f08d0cfcc84f" executionId="34702d21-6bbf-4865-a339-8d9f9d2b5278" testListId="8c84fa94-04c1-424b-9868-57a2d4851a1d" />
    <TestEntry testId="5a4bf05f-4c3e-45bd-ac50-22a156a8804f" executionId="daf0f62a-1b2e-42cd-afa8-e84d21dfa07b" testListId="8c84fa94-04c1-424b-9868-57a2d4851a1d" />
    <TestEntry testId="1213ea34-39ba-b1e5-7a5f-049aeb479436" executionId="d064cebd-f873-4f94-ba55-fd6084389ad7" testListId="8c84fa94-04c1-424b-9868-57a2d4851a1d" />
  </TestEntries>
  <TestLists>
    <TestList name="Results Not in a List" id="8c84fa94-04c1-424b-9868-57a2d4851a1d" />
    <TestList name="All Loaded Results" id="19431567-8539-422a-85d7-44ee4e166bda" />
  </TestLists>
  <ResultSummary outcome="Completed">
    <Counters total="51" executed="50" passed="50" failed="0" error="0" timeout="0" aborted="0" inconclusive="0" passedButRunAborted="0" notRunnable="0" notExecuted="0" disconnected="0" warning="0" completed="0" inProgress="0" pending="0" />
    <Output>
      <StdOut>Test 'PluginPackages_WhenArtifactsExist_ShouldMatchRuntimeV2PackageContract' was skipped in the test run.&#xD;
</StdOut>
    </Output>
  </ResultSummary>
</TestRun>