<?xml version="1.0" encoding="utf-8"?>
<TestRun id="36116031-57db-4c29-9d2d-c7f137857970" name="Jakub@DESKTOP-I52018A 2026-09-06 18:45:59" runUser="DESKTOP-I52018A\Jakub" xmlns="http://microsoft.com/schemas/VisualStudio/TeamTest/2010">
  <Times creation="2026-09-06T18:45:59.5386663+02:00" queuing="2026-09-06T18:45:59.5386665+02:00" start="2026-09-06T18:45:57.3336902+02:00" finish="2026-09-06T18:46:02.1905293+02:00" />
  <TestSettings name="default" id="ee4826c2-e76e-49bb-a99f-8b761eca3e9c">
    <Deployment runDeploymentRoot="Jakub_DESKTOP-I52018A_2026-09-06_18_45_59" />
  </TestSettings>
  <Results>
    <UnitTestResult executionId="845cb673-2c4c-4351-9995-a0a4af1cf3f2" testId="bc543206-76f4-3240-8cb1-f752b401692f" testName="WhenRowsCalled_ShouldRetrieveSingle" computerName="DESKTOP-I52018A" duration="00:00:00.0074929" startTime="2026-09-06T18:46:02.0606233+02:00" endTime="2026-09-06T18:46:02.0683553+02:00" testType="13cdc9d9-ddb5-4fa4-a97d-d965ccfc6d4b" outcome="Passed" testListId="8c84fa94-04c1-424b-9868-57a2d4851a1d" relativeResultsDirectory="845cb673-2c4c-4351-9995-a0a4af1cf3f2" />
    <UnitTestResult executionId="625d930b-495c-4fcc-a8d9-f6d581801d90" testId="797594dd-7963-645f-0383-fc2dc47a9bd0" testName="WhenCallingEntities_ShouldExtractEntities" computerName="DESKTOP-I52018A" duration="00:00:00.3220115" startTime="2026-09-06T18:46:00.6023087+02:00" endTime="2026-09-06T18:46:00.9244524+02:00" testType="13cdc9d9-ddb5-4fa4-a97d-d965ccfc6d4b" outcome="Passed" testListId="8c84fa94-04c1-424b-9868-57a2d4851a1d" relativeResultsDirectory="625d930b-495c-4fcc-a8d9-f6d581801d90" />
    <UnitTestResult executionId="04f4b1c3-7b9d-47a7-9ec1-a44ace775759" testId="6bec4e14-e63d-3531-4352-5635c19d3003" testName="WhenCountingTokens_ShouldReturnTokenCount" computerName="DESKTOP-I52018A" duration="00:00:00.5539987" startTime="2026-09-06T18:46:01.1544574+02:00" endTime="2026-09-06T18:46:01.7086375+02:00" testType="13cdc9d9-ddb5-4fa4-a97d-d965ccfc6d4b" outcome="Passed" testListId="8c84fa94-04c1-424b-9868-57a2d4851a1d" relativeResultsDirectory="04f4b1c3-7b9d-47a7-9ec1-a44ace775759" />
    <UnitTestResult executionId="73ff73c1-52fe-4791-bd87-d8fc7c59cccd" testId="7609689d-82ad-4142-4871-cc01addc52e8" testName="WhenCallingSentiment_ShouldBeUnknown" computerName="DESKTOP-I52018A" duration="00:00:00.0584585" startTime="2026-09-06T18:46:00.4347265+02:00" endTime="2026-09-06T18:46:00.4933042+02:00" testType="13cdc9d9-ddb5-4fa4-a97d-d965ccfc6d4b" outcome="Passed" testListId="8c84fa94-04c1-424b-9868-57a2d4851a1d" relativeResultsDirectory="73ff73c1-52fe-4791-bd87-d8fc7c59cccd" />
    <UnitTestResult executionId="0a97a428-ad2b-4fed-8e7b-bce54023414d" testId="e3a9cc79-0ad9-4d36-e926-5957d0f697c3" testName="WhenCallingDescribeImage_ShouldReturnImageDescription" computerName="DESKTOP-I52018A" duration="00:00:00.0613875" startTime="2026-09-06T18:46:00.9896738+02:00" endTime="2026-09-06T18:46:01.0511916+02:00" testType="13cdc9d9-ddb5-4fa4-a97d-d965ccfc6d4b" outcome="Passed" testListId="8c84fa94-04c1-424b-9868-57a2d4851a1d" relativeResultsDirectory="0a97a428-ad2b-4fed-8e7b-bce54023414d" />
    <UnitTestResult executionId="d4c7f13d-159a-485a-a6ab-e8ce0eae73de" testId="eda26245-b486-4a81-aedf-27c9d805b086" testName="WhenCallingAskImage_ShouldReturnResponse" computerName="DESKTOP-I52018A" duration="00:00:00.0575839" startTime="2026-09-06T18:46:01.0512485+02:00" endTime="2026-09-06T18:46:01.1089688+02:00" testType="13cdc9d9-ddb5-4fa4-a97d-d965ccfc6d4b" outcome="Passed" testListId="8c84fa94-04c1-424b-9868-57a2d4851a1d" relativeResultsDirectory="d4c7f13d-159a-485a-a6ab-e8ce0eae73de" />
    <UnitTestResult executionId="ef5808b2-eb2e-4e77-baa9-30cb5f71da0f" testId="94abf3a4-b27a-f119-d5bb-0cfd0398bfb8" testName="WhenCallingIsContentAbout_ShouldBeTrue" computerName="DESKTOP-I52018A" duration="00:00:01.9819213" startTime="2026-09-06T18:45:58.1637416+02:00" endTime="2026-09-06T18:46:00.1871895+02:00" testType="13cdc9d9-ddb5-4fa4-a97d-d965ccfc6d4b" outcome="Passed" testListId="8c84fa94-04c1-424b-9868-57a2d4851a1d" relativeResultsDirectory="ef5808b2-eb2e-4e77-baa9-30cb5f71da0f" />
    <UnitTestResult executionId="e4953d36-b81c-4796-966c-76293ac432a0" testId="b047a40c-4fb4-fa6b-b422-92a6e96f70a3" testName="WhenCallingSentiment_ShouldBePositive" computerName="DESKTOP-I52018A" duration="00:00:00.0937782" startTime="2026-09-06T18:46:00.2355287+02:00" endTime="2026-09-06T18:46:00.3294190+02:00" testType="13cdc9d9-ddb5-4fa4-a97d-d965ccfc6d4b" outcome="Passed" testListId="8c84fa94-04c1-424b-9868-57a2d4851a1d" relativeResultsDirectory="e4953d36-b81c-4796-966c-76293ac432a0" />
    <UnitTestResult executionId="820c37fc-f964-4bf5-bc46-2a7a12000de4" testId="305d3a69-9a07-b749-c5c9-8c5077f47c2a" testName="WhenIsContentAbout_ShouldPass" computerName="DESKTOP-I52018A" duration="00:00:00.0003915" startTime="2026-09-06T18:46:02.0724261+02:00" endTime="2026-09-06T18:46:02.0728730+02:00" testType="13cdc9d9-ddb5-4fa4-a97d-d965ccfc6d4b" outcome="Passed" testListId="8c84fa94-04c1-424b-9868-57a2d4851a1d" relativeResultsDirectory="820c37fc-f964-4bf5-bc46-2a7a12000de4" />
    <UnitTestResult executionId="df74b481-764a-4452-b6dc-78bf78aa56b0" testId="17df4999-ca71-df14-e351-61376abaa048" testName="DescUnknownMethod_ShouldThrowException" computerName="DESKTOP-I52018A" duration="00:00:00.0612078" startTime="2026-09-06T18:46:01.9204436+02:00" endTime="2026-09-06T18:46:01.9818485+02:00" testType="13cdc9d9-ddb5-4fa4-a97d-d965ccfc6d4b" outcome="Passed" testListId="8c84fa94-04c1-424b-9868-57a2d4851a1d" relativeResultsDirectory="df74b481-764a-4452-b6dc-78bf78aa56b0" />
    <UnitTestResult executionId="c340c6d4-1440-4c18-bcb4-dec594e09321" testId="c6c13ed2-e488-19df-042f-d96792a1703b" testName="WhenIsContentNotAbout_ShouldPass" computerName="DESKTOP-I52018A" duration="00:00:00.0003242" startTime="2026-09-06T18:46:02.0735579+02:00" endTime="2026-09-06T18:46:02.0739490+02:00" testType="13cdc9d9-ddb5-4fa4-a97d-d965ccfc6d4b" outcome="Passed" testListId="8c84fa94-04c1-424b-9868-57a2d4851a1d" relativeResultsDirectory="c340c6d4-1440-4c18-bcb4-dec594e09321" />
    <UnitTestResult executionId="a4aa7bbc-a7ec-4d45-a8e7-0c9c2469f783" testId="964728f6-da41-b88a-bda0-a7bf335de1d5" testName="DescLlm_ShouldReturnAllOverloads" computerName="DESKTOP-I52018A" duration="00:00:00.0461932" startTime="2026-09-06T18:46:01.8739715+02:00" endTime="2026-09-06T18:46:01.9203541+02:00" testType="13cdc9d9-ddb5-4fa4-a97d-d965ccfc6d4b" outcome="Passed" testListId="8c84fa94-04c1-424b-9868-57a2d4851a1d" relativeResultsDirectory="a4aa7bbc-a7ec-4d45-a8e7-0c9c2469f783" />
    <UnitTestResult executionId="4d4d9f03-6699-4a59-bcf5-90160fc1bb59" testId="f5bf7961-dfec-5c77-31e6-2aa57a27c3f4" testName="DoSomeOtherRealTests" computerName="DESKTOP-I52018A" startTime="2026-09-06T18:45:58.1632527+02:00" endTime="2026-09-06T18:45:58.1634915+02:00" testType="13cdc9d9-ddb5-4fa4-a97d-d965ccfc6d4b" outcome="NotExecuted" testListId="8c84fa94-04c1-424b-9868-57a2d4851a1d" relativeResultsDirectory="4d4d9f03-6699-4a59-bcf5-90160fc1bb59">
      <Output></Output>
    </UnitTestResult>
    <UnitTestResult executionId="bc0d0b1f-47d0-40fa-b226-c76525904f62" testId="6c47b225-3217-94fd-0e28-33bd7be39e27" testName="WhenTranslateContent_ShouldPass" computerName="DESKTOP-I52018A" duration="00:00:00.0004220" startTime="2026-09-06T18:46:02.0739809+02:00" endTime="2026-09-06T18:46:02.0744702+02:00" testType="13cdc9d9-ddb5-4fa4-a97d-d965ccfc6d4b" outcome="Passed" testListId="8c84fa94-04c1-424b-9868-57a2d4851a1d" relativeResultsDirectory="bc0d0b1f-47d0-40fa-b226-c76525904f62" />
    <UnitTestResult executionId="a32719aa-3221-4bf7-8e11-b4c1ddec2f5b" testId="1ec48535-d191-d102-4ab7-a89734ebfba3" testName="DescSchema_ShouldListAllAvailableMethods" computerName="DESKTOP-I52018A" duration="00:00:00.1631131" startTime="2026-09-06T18:46:01.7105424+02:00" endTime="2026-09-06T18:46:01.8738790+02:00" testType="13cdc9d9-ddb5-4fa4-a97d-d965ccfc6d4b" outcome="Passed" testListId="8c84fa94-04c1-424b-9868-57a2d4851a1d" relativeResultsDirectory="a32719aa-3221-4bf7-8e11-b4c1ddec2f5b" />
    <UnitTestResult executionId="f25490f5-6079-41c0-85b4-dd7fa26facb6" testId="bdd920fd-cb43-4487-6e3f-2d00ad93c8ca" testName="DescSchema_ShouldHaveConsistentColumnTypes" computerName="DESKTOP-I52018A" duration="00:00:00.0452601" startTime="2026-09-06T18:46:01.9828590+02:00" endTime="2026-09-06T18:46:02.0283092+02:00" testType="13cdc9d9-ddb5-4fa4-a97d-d965ccfc6d4b" outcome="Passed" testListId="8c84fa94-04c1-424b-9868-57a2d4851a1d" relativeResultsDirectory="f25490f5-6079-41c0-85b4-dd7fa26facb6" />
    <UnitTestResult executionId="b64aeae6-a2a4-487a-ad0c-4a7a30c64035" testId="bf6ff74c-764d-809d-1c4f-4c1f7eb159d4" testName="WhenCallingSummarizeContent_ShouldBeSummarized" computerName="DESKTOP-I52018A" duration="00:00:00.0540538" startTime="2026-09-06T18:46:00.4933587+02:00" endTime="2026-09-06T18:46:00.5475341+02:00" testType="13cdc9d9-ddb5-4fa4-a97d-d965ccfc6d4b" outcome="Passed" testListId="8c84fa94-04c1-424b-9868-57a2d4851a1d" relativeResultsDirectory="b64aeae6-a2a4-487a-ad0c-4a7a30c64035" />
    <UnitTestResult executionId="2a839299-f930-41b9-92b5-35603411e091" testId="8b380712-937e-3969-3113-3ebabed593fb" testName="DoSomeRealTests" computerName="DESKTOP-I52018A" startTime="2026-09-06T18:45:58.1378484+02:00" endTime="2026-09-06T18:45:58.1597303+02:00" testType="13cdc9d9-ddb5-4fa4-a97d-d965ccfc6d4b" outcome="NotExecuted" testListId="8c84fa94-04c1-424b-9868-57a2d4851a1d" relativeResultsDirectory="2a839299-f930-41b9-92b5-35603411e091">
      <Output></Output>
    </UnitTestResult>
    <UnitTestResult executionId="9c03f74a-30a1-46b3-8c18-b97bfb246363" testId="a55046e3-de94-da38-4b8c-7425be656853" testName="WhenSentimentIsGarbage_ShouldPass" computerName="DESKTOP-I52018A" duration="00:00:00.0003031" startTime="2026-09-06T18:46:02.0716078+02:00" endTime="2026-09-06T18:46:02.0719575+02:00" testType="13cdc9d9-ddb5-4fa4-a97d-d965ccfc6d4b" outcome="Passed" testListId="8c84fa94-04c1-424b-9868-57a2d4851a1d" relativeResultsDirectory="9c03f74a-30a1-46b3-8c18-b97bfb246363" />
    <UnitTestResult executionId="046161d9-1066-4cb9-a52b-f86bafad383e" testId="6b0890b9-1607-4377-5ddc-a91d6144cfe3" testName="WhenExtractEntitiesReturnsMalformedJson_ShouldPass" computerName="DESKTOP-I52018A" duration="00:00:00.0011947" startTime="2026-09-06T18:46:02.0750324+02:00" endTime="2026-09-06T18:46:02.0768766+02:00" testType="13cdc9d9-ddb5-4fa4-a97d-d965ccfc6d4b" outcome="Passed" testListId="8c84fa94-04c1-424b-9868-57a2d4851a1d" relativeResultsDirectory="046161d9-1066-4cb9-a52b-f86bafad383e" />
    <UnitTestResult executionId="b6470195-b545-4e8c-9d11-36b2a170c8d2" testId="7ab56d01-7727-3211-0aae-8a556b84f045" testName="DescLlmNoArgs_VsWithArgs_ShouldReturnDifferentResults" computerName="DESKTOP-I52018A" duration="00:00:00.0320238" startTime="2026-09-06T18:46:02.0283709+02:00" endTime="2026-09-06T18:46:02.0605447+02:00" testType="13cdc9d9-ddb5-4fa4-a97d-d965ccfc6d4b" outcome="Passed" testListId="8c84fa94-04c1-424b-9868-57a2d4851a1d" relativeResultsDirectory="b6470195-b545-4e8c-9d11-36b2a170c8d2" />
    <UnitTestResult executionId="67544699-7c31-43d3-8caf-c72d51a17378" testId="ee629fd3-8646-ee74-6379-38947ce0c03c" testName="WhenSentimentIsPositive_ShouldPass" computerName="DESKTOP-I52018A" duration="00:00:00.0016462" startTime="2026-09-06T18:46:02.0684488+02:00" endTime="2026-09-06T18:46:02.0702583+02:00" testType="13cdc9d9-ddb5-4fa4-a97d-d965ccfc6d4b" outcome="Passed" testListId="8c84fa94-04c1-424b-9868-57a2d4851a1d" relativeResultsDirectory="67544699-7c31-43d3-8caf-c72d51a17378" />
    <UnitTestResult executionId="f96ffb4d-1061-4672-82f9-b30c19a7a46e" testId="1489cb5b-ea77-543c-ddf5-bc8c523f9620" testName="WhenCallingIsContentAbout_ShouldBeFalse" computerName="DESKTOP-I52018A" duration="00:00:00.0479970" startTime="2026-09-06T18:46:00.1872516+02:00" endTime="2026-09-06T18:46:00.2354771+02:00" testType="13cdc9d9-ddb5-4fa4-a97d-d965ccfc6d4b" outcome="Passed" testListId="8c84fa94-04c1-424b-9868-57a2d4851a1d" relativeResultsDirectory="f96ffb4d-1061-4672-82f9-b30c19a7a46e" />
    <UnitTestResult executionId="a6130185-6f69-4d58-8886-90296c48fbd5" testId="5c1b564e-f7c9-b3ca-a7c6-1ed311d52c06" testName="WhenCallingSentiment_ShouldBeNegative" computerName="DESKTOP-I52018A" duration="00:00:00.0452768" startTime="2026-09-06T18:46:00.3294715+02:00" endTime="2026-09-06T18:46:00.3748531+02:00" testType="13cdc9d9-ddb5-4fa4-a97d-d965ccfc6d4b" outcome="Passed" testListId="8c84fa94-04c1-424b-9868-57a2d4851a1d" relativeResultsDirectory="a6130185-6f69-4d58-8886-90296c48fbd5" />
    <UnitTestResult executionId="558b6e4a-d8fc-4675-8be8-da0546d2d765" testId="4e153458-3635-ac87-52ab-5a8129b62e05" testName="DescribeSourceRuntimeSettings_ShouldDeclareOllamaBaseUrl" computerName="DESKTOP-I52018A" duration="00:00:00.0014795" startTime="2026-09-06T18:46:01.7087536+02:00" endTime="2026-09-06T18:46:01.7104843+02:00" testType="13cdc9d9-ddb5-4fa4-a97d-d965ccfc6d4b" outcome="Passed" testListId="8c84fa94-04c1-424b-9868-57a2d4851a1d" relativeResultsDirectory="558b6e4a-d8fc-4675-8be8-da0546d2d765" />
    <UnitTestResult executionId="4702e10a-3e04-4260-91b7-dc86546df78b" testId="ae856b01-e9a6-de2c-d074-d905aae8e100" testName="WhenCallingSentiment_ShouldBeNeutral" computerName="DESKTOP-I52018A" duration="00:00:00.0596657" startTime="2026-09-06T18:46:00.3748992+02:00" endTime="2026-09-06T18:46:00.4346710+02:00" testType="13cdc9d9-ddb5-4fa4-a97d-d965ccfc6d4b" outcome="Passed" testListId="8c84fa94-04c1-424b-9868-57a2d4851a1d" relativeResultsDirectory="4702e10a-3e04-4260-91b7-dc86546df78b" />
    <UnitTestResult executionId="dfcf9ad8-f707-4965-a62d-3a24cc1844a9" testId="e823d814-6252-d0c6-4031-a59adb7190ce" testName="WhenCallingLlmPerform_ShouldDoWhateverInstructedFor" computerName="DESKTOP-I52018A" duration="00:00:00.0640304" startTime="2026-09-06T18:46:00.9254730+02:00" endTime="2026-09-06T18:46:00.9896217+02:00" testType="13cdc9d9-ddb5-4fa4-a97d-d965ccfc6d4b" outcome="Passed" testListId="8c84fa94-04c1-424b-9868-57a2d4851a1d" relativeResultsDirectory="dfcf9ad8-f707-4965-a62d-3a24cc1844a9" />
    <UnitTestResult executionId="aa89d734-0658-4f3b-aff6-8ec70b9de7e2" testId="0a037c56-2c36-5278-911a-31a7c55fe805" testName="WhenSentimentIsNegative_ShouldPass" computerName="DESKTOP-I52018A" duration="00:00:00.0007158" startTime="2026-09-06T18:46:02.0703239+02:00" endTime="2026-09-06T18:46:02.0711421+02:00" testType="13cdc9d9-ddb5-4fa4-a97d-d965ccfc6d4b" outcome="Passed" testListId="8c84fa94-04c1-424b-9868-57a2d4851a1d" relativeResultsDirectory="aa89d734-0658-4f3b-aff6-8ec70b9de7e2" />
    <UnitTestResult executionId="16ea1a64-03c9-4807-a24f-12a536b549d8" testId="d88bd3a2-ce5b-26b7-8e70-dc938cd5cd2c" testName="WhenSentimentIsNeutral_ShouldPass" computerName="DESKTOP-I52018A" duration="00:00:00.0003334" startTime="2026-09-06T18:46:02.0711854+02:00" endTime="2026-09-06T18:46:02.0715884+02:00" testType="13cdc9d9-ddb5-4fa4-a97d-d965ccfc6d4b" outcome="Passed" testListId="8c84fa94-04c1-424b-9868-57a2d4851a1d" relativeResultsDirectory="16ea1a64-03c9-4807-a24f-12a536b549d8" />
    <UnitTestResult executionId="5bbb4b4d-4ad4-4ba2-9151-9c09691b408f" testId="c15f7482-55f9-0afd-53f0-0b534aeb181a" testName="WhenSummarizeContent_ShouldPass" computerName="DESKTOP-I52018A" duration="00:00:00.0003721" startTime="2026-09-06T18:46:02.0719818+02:00" endTime="2026-09-06T18:46:02.0724021+02:00" testType="13cdc9d9-ddb5-4fa4-a97d-d965ccfc6d4b" outcome="Passed" testListId="8c84fa94-04c1-424b-9868-57a2d4851a1d" relativeResultsDirectory="5bbb4b4d-4ad4-4ba2-9151-9c09691b408f" />
    <UnitTestResult executionId="2ffa3d0b-a4d7-4658-b096-4c72aaf7114f" testId="ed876777-3580-53ca-f690-8e4c68dcfd2e" testName="WhenExtractEntities_ShouldPass" computerName="DESKTOP-I52018A" duration="00:00:00.0004503" startTime="2026-09-06T18:46:02.0744942+02:00" endTime="2026-09-06T18:46:02.0750074+02:00" testType="13cdc9d9-ddb5-4fa4-a97d-d965ccfc6d4b" outcome="Passed" testListId="8c84fa94-04c1-424b-9868-57a2d4851a1d" relativeResultsDirectory="2ffa3d0b-a4d7-4658-b096-4c72aaf7114f" />
    <UnitTestResult executionId="36db4ea2-40a4-49a3-b938-34ef458c50b4" testId="3bcadf7a-a46a-7d44-b70d-276ddefb2f23" testName="WhenCallingTranslateContent_ShouldBeTranslated" computerName="DESKTOP-I52018A" duration="00:00:00.0545473" startTime="2026-09-06T18:46:00.5475849+02:00" endTime="2026-09-06T18:46:00.6022558+02:00" testType="13cdc9d9-ddb5-4fa4-a97d-d965ccfc6d4b" outcome="Passed" testListId="8c84fa94-04c1-424b-9868-57a2d4851a1d" relativeResultsDirectory="36db4ea2-40a4-49a3-b938-34ef458c50b4" />
    <UnitTestResult executionId="6b25194d-1ee8-44c1-bbda-fd275e941a98" testId="176eccec-bee0-febb-daf7-6e6dd5cc10c0" testName="WhenCallingIsQuestionApplicableToImage_ShouldReturnResponse" computerName="DESKTOP-I52018A" duration="00:00:00.0452511" startTime="2026-09-06T18:46:01.1090252+02:00" endTime="2026-09-06T18:46:01.1544077+02:00" testType="13cdc9d9-ddb5-4fa4-a97d-d965ccfc6d4b" outcome="Passed" testListId="8c84fa94-04c1-424b-9868-57a2d4851a1d" relativeResultsDirectory="6b25194d-1ee8-44c1-bbda-fd275e941a98" />
  </Results>
  <TestDefinitions>
    <UnitTest name="WhenExtractEntitiesReturnsMalformedJson_ShouldPass" storage="d:\repos\musoq.datasources\musoq.datasources.ollama.tests\bin\release\net10.0\musoq.datasources.ollama.tests.dll" id="6b0890b9-1607-4377-5ddc-a91d6144cfe3">
      <Execution id="046161d9-1066-4cb9-a52b-f86bafad383e" />
      <TestMethod codeBase="D:\repos\Musoq.DataSources\Musoq.DataSources.Ollama.Tests\bin\Release\net10.0\Musoq.DataSources.Ollama.Tests.dll" adapterTypeName="executor://mstestadapter/v2" className="Musoq.DataSources.Ollama.Tests.OllamaSingleRowSourceTests" name="WhenExtractEntitiesReturnsMalformedJson_ShouldPass" />
    </UnitTest>
    <UnitTest name="WhenSentimentIsGarbage_ShouldPass" storage="d:\repos\musoq.datasources\musoq.datasources.ollama.tests\bin\release\net10.0\musoq.datasources.ollama.tests.dll" id="a55046e3-de94-da38-4b8c-7425be656853">
      <Execution id="9c03f74a-30a1-46b3-8c18-b97bfb246363" />
      <TestMethod codeBase="D:\repos\Musoq.DataSources\Musoq.DataSources.Ollama.Tests\bin\Release\net10.0\Musoq.DataSources.Ollama.Tests.dll" adapterTypeName="executor://mstestadapter/v2" className="Musoq.DataSources.Ollama.Tests.OllamaSingleRowSourceTests" name="WhenSentimentIsGarbage_ShouldPass" />
    </UnitTest>
    <UnitTest name="WhenIsContentAbout_ShouldPass" storage="d:\repos\musoq.datasources\musoq.datasources.ollama.tests\bin\release\net10.0\musoq.datasources.ollama.tests.dll" id="305d3a69-9a07-b749-c5c9-8c5077f47c2a">
      <Execution id="820c37fc-f964-4bf5-bc46-2a7a12000de4" />
      <TestMethod codeBase="D:\repos\Musoq.DataSources\Musoq.DataSources.Ollama.Tests\bin\Release\net10.0\Musoq.DataSources.Ollama.Tests.dll" adapterTypeName="executor://mstestadapter/v2" className="Musoq.DataSources.Ollama.Tests.OllamaSingleRowSourceTests" name="WhenIsContentAbout_ShouldPass" />
    </UnitTest>
    <UnitTest name="DoSomeOtherRealTests" storage="d:\repos\musoq.datasources\musoq.datasources.ollama.tests\bin\release\net10.0\musoq.datasources.ollama.tests.dll" id="f5bf7961-dfec-5c77-31e6-2aa57a27c3f4">
      <Execution id="4d4d9f03-6699-4a59-bcf5-90160fc1bb59" />
      <TestMethod codeBase="D:\repos\Musoq.DataSources\Musoq.DataSources.Ollama.Tests\bin\Release\net10.0\Musoq.DataSources.Ollama.Tests.dll" adapterTypeName="executor://mstestadapter/v2" className="Musoq.DataSources.Ollama.Tests.OllamaApiPlayground" name="DoSomeOtherRealTests" />
    </UnitTest>
    <UnitTest name="DescUnknownMethod_ShouldThrowException" storage="d:\repos\musoq.datasources\musoq.datasources.ollama.tests\bin\release\net10.0\musoq.datasources.ollama.tests.dll" id="17df4999-ca71-df14-e351-61376abaa048">
      <Execution id="df74b481-764a-4452-b6dc-78bf78aa56b0" />
      <TestMethod codeBase="D:\repos\Musoq.DataSources\Musoq.DataSources.Ollama.Tests\bin\Release\net10.0\Musoq.DataSources.Ollama.Tests.dll" adapterTypeName="executor://mstestadapter/v2" className="Musoq.DataSources.Ollama.Tests.OllamaSchemaDescribeTests" name="DescUnknownMethod_ShouldThrowException" />
    </UnitTest>
    <UnitTest name="WhenSummarizeContent_ShouldPass" storage="d:\repos\musoq.datasources\musoq.datasources.ollama.tests\bin\release\net10.0\musoq.datasources.ollama.tests.dll" id="c15f7482-55f9-0afd-53f0-0b534aeb181a">
      <Execution id="5bbb4b4d-4ad4-4ba2-9151-9c09691b408f" />
      <TestMethod codeBase="D:\repos\Musoq.DataSources\Musoq.DataSources.Ollama.Tests\bin\Release\net10.0\Musoq.DataSources.Ollama.Tests.dll" adapterTypeName="executor://mstestadapter/v2" className="Musoq.DataSources.Ollama.Tests.OllamaSingleRowSourceTests" name="WhenSummarizeContent_ShouldPass" />
    </UnitTest>
    <UnitTest name="WhenCallingIsQuestionApplicableToImage_ShouldReturnResponse" storage="d:\repos\musoq.datasources\musoq.datasources.ollama.tests\bin\release\net10.0\musoq.datasources.ollama.tests.dll" id="176eccec-bee0-febb-daf7-6e6dd5cc10c0">
      <Execution id="6b25194d-1ee8-44c1-bbda-fd275e941a98" />
      <TestMethod codeBase="D:\repos\Musoq.DataSources\Musoq.DataSources.Ollama.Tests\bin\Release\net10.0\Musoq.DataSources.Ollama.Tests.dll" adapterTypeName="executor://mstestadapter/v2" className="Musoq.DataSources.Ollama.Tests.OllamaQueryTests" name="WhenCallingIsQuestionApplicableToImage_ShouldReturnResponse" />
    </UnitTest>
    <UnitTest name="WhenCallingIsContentAbout_ShouldBeTrue" storage="d:\repos\musoq.datasources\musoq.datasources.ollama.tests\bin\release\net10.0\musoq.datasources.ollama.tests.dll" id="94abf3a4-b27a-f119-d5bb-0cfd0398bfb8">
      <Execution id="ef5808b2-eb2e-4e77-baa9-30cb5f71da0f" />
      <TestMethod codeBase="D:\repos\Musoq.DataSources\Musoq.DataSources.Ollama.Tests\bin\Release\net10.0\Musoq.DataSources.Ollama.Tests.dll" adapterTypeName="executor://mstestadapter/v2" className="Musoq.DataSources.Ollama.Tests.OllamaQueryTests" name="WhenCallingIsContentAbout_ShouldBeTrue" />
    </UnitTest>
    <UnitTest name="WhenCallingSentiment_ShouldBePositive" storage="d:\repos\musoq.datasources\musoq.datasources.ollama.tests\bin\release\net10.0\musoq.datasources.ollama.tests.dll" id="b047a40c-4fb4-fa6b-b422-92a6e96f70a3">
      <Execution id="e4953d36-b81c-4796-966c-76293ac432a0" />
      <TestMethod codeBase="D:\repos\Musoq.DataSources\Musoq.DataSources.Ollama.Tests\bin\Release\net10.0\Musoq.DataSources.Ollama.Tests.dll" adapterTypeName="executor://mstestadapter/v2" className="Musoq.DataSources.Ollama.Tests.OllamaQueryTests" name="WhenCallingSentiment_ShouldBePositive" />
    </UnitTest>
    <UnitTest name="DescSchema_ShouldListAllAvailableMethods" storage="d:\repos\musoq.datasources\musoq.datasources.ollama.tests\bin\release\net10.0\musoq.datasources.ollama.tests.dll" id="1ec48535-d191-d102-4ab7-a89734ebfba3">
      <Execution id="a32719aa-3221-4bf7-8e11-b4c1ddec2f5b" />
      <TestMethod codeBase="D:\repos\Musoq.DataSources\Musoq.DataSources.Ollama.Tests\bin\Release\net10.0\Musoq.DataSources.Ollama.Tests.dll" adapterTypeName="executor://mstestadapter/v2" className="Musoq.DataSources.Ollama.Tests.OllamaSchemaDescribeTests" name="DescSchema_ShouldListAllAvailableMethods" />
    </UnitTest>
    <UnitTest name="WhenSentimentIsNeutral_ShouldPass" storage="d:\repos\musoq.datasources\musoq.datasources.ollama.tests\bin\release\net10.0\musoq.datasources.ollama.tests.dll" id="d88bd3a2-ce5b-26b7-8e70-dc938cd5cd2c">
      <Execution id="16ea1a64-03c9-4807-a24f-12a536b549d8" />
      <TestMethod codeBase="D:\repos\Musoq.DataSources\Musoq.DataSources.Ollama.Tests\bin\Release\net10.0\Musoq.DataSources.Ollama.Tests.dll" adapterTypeName="executor://mstestadapter/v2" className="Musoq.DataSources.Ollama.Tests.OllamaSingleRowSourceTests" name="WhenSentimentIsNeutral_ShouldPass" />
    </UnitTest>
    <UnitTest name="WhenCallingAskImage_ShouldReturnResponse" storage="d:\repos\musoq.datasources\musoq.datasources.ollama.tests\bin\release\net10.0\musoq.datasources.ollama.tests.dll" id="eda26245-b486-4a81-aedf-27c9d805b086">
      <Execution id="d4c7f13d-159a-485a-a6ab-e8ce0eae73de" />
      <TestMethod codeBase="D:\repos\Musoq.DataSources\Musoq.DataSources.Ollama.Tests\bin\Release\net10.0\Musoq.DataSources.Ollama.Tests.dll" adapterTypeName="executor://mstestadapter/v2" className="Musoq.DataSources.Ollama.Tests.OllamaQueryTests" name="WhenCallingAskImage_ShouldReturnResponse" />
    </UnitTest>
    <UnitTest name="WhenCallingSentiment_ShouldBeNeutral" storage="d:\repos\musoq.datasources\musoq.datasources.ollama.tests\bin\release\net10.0\musoq.datasources.ollama.tests.dll" id="ae856b01-e9a6-de2c-d074-d905aae8e100">
      <Execution id="4702e10a-3e04-4260-91b7-dc86546df78b" />
      <TestMethod codeBase="D:\repos\Musoq.DataSources\Musoq.DataSources.Ollama.Tests\bin\Release\net10.0\Musoq.DataSources.Ollama.Tests.dll" adapterTypeName="executor://mstestadapter/v2" className="Musoq.DataSources.Ollama.Tests.OllamaQueryTests" name="WhenCallingSentiment_ShouldBeNeutral" />
    </UnitTest>
    <UnitTest name="DoSomeRealTests" storage="d:\repos\musoq.datasources\musoq.datasources.ollama.tests\bin\release\net10.0\musoq.datasources.ollama.tests.dll" id="8b380712-937e-3969-3113-3ebabed593fb">
      <Execution id="2a839299-f930-41b9-92b5-35603411e091" />
      <TestMethod codeBase="D:\repos\Musoq.DataSources\Musoq.DataSources.Ollama.Tests\bin\Release\net10.0\Musoq.DataSources.Ollama.Tests.dll" adapterTypeName="executor://mstestadapter/v2" className="Musoq.DataSources.Ollama.Tests.OllamaApiPlayground" name="DoSomeRealTests" />
    </UnitTest>
    <UnitTest name="WhenCallingLlmPerform_ShouldDoWhateverInstructedFor" storage="d:\repos\musoq.datasources\musoq.datasources.ollama.tests\bin\release\net10.0\musoq.datasources.ollama.tests.dll" id="e823d814-6252-d0c6-4031-a59adb7190ce">
      <Execution id="dfcf9ad8-f707-4965-a62d-3a24cc1844a9" />
      <TestMethod codeBase="D:\repos\Musoq.DataSources\Musoq.DataSources.Ollama.Tests\bin\Release\net10.0\Musoq.DataSources.Ollama.Tests.dll" adapterTypeName="executor://mstestadapter/v2" className="Musoq.DataSources.Ollama.Tests.OllamaQueryTests" name="WhenCallingLlmPerform_ShouldDoWhateverInstructedFor" />
    </UnitTest>
    <UnitTest name="DescLlm_ShouldReturnAllOverloads" storage="d:\repos\musoq.datasources\musoq.datasources.ollama.tests\bin\release\net10.0\musoq.datasources.ollama.tests.dll" id="964728f6-da41-b88a-bda0-a7bf335de1d5">
      <Execution id="a4aa7bbc-a7ec-4d45-a8e7-0c9c2469f783" />
      <TestMethod codeBase="D:\repos\Musoq.DataSources\Musoq.DataSources.Ollama.Tests\bin\Release\net10.0\Musoq.DataSources.Ollama.Tests.dll" adapterTypeName="executor://mstestadapter/v2" className="Musoq.DataSources.Ollama.Tests.OllamaSchemaDescribeTests" name="DescLlm_ShouldReturnAllOverloads" />
    </UnitTest>
    <UnitTest name="WhenCallingSummarizeContent_ShouldBeSummarized" storage="d:\repos\musoq.datasources\musoq.datasources.ollama.tests\bin\release\net10.0\musoq.datasources.ollama.tests.dll" id="bf6ff74c-764d-809d-1c4f-4c1f7eb159d4">
      <Execution id="b64aeae6-a2a4-487a-ad0c-4a7a30c64035" />
      <TestMethod codeBase="D:\repos\Musoq.DataSources\Musoq.DataSources.Ollama.Tests\bin\Release\net10.0\Musoq.DataSources.Ollama.Tests.dll" adapterTypeName="executor://mstestadapter/v2" className="Musoq.DataSources.Ollama.Tests.OllamaQueryTests" name="WhenCallingSummarizeContent_ShouldBeSummarized" />
    </UnitTest>
    <UnitTest name="DescribeSourceRuntimeSettings_ShouldDeclareOllamaBaseUrl" storage="d:\repos\musoq.datasources\musoq.datasources.ollama.tests\bin\release\net10.0\musoq.datasources.ollama.tests.dll" id="4e153458-3635-ac87-52ab-5a8129b62e05">
      <Execution id="558b6e4a-d8fc-4675-8be8-da0546d2d765" />
      <TestMethod codeBase="D:\repos\Musoq.DataSources\Musoq.DataSources.Ollama.Tests\bin\Release\net10.0\Musoq.DataSources.Ollama.Tests.dll" adapterTypeName="executor://mstestadapter/v2" className="Musoq.DataSources.Ollama.Tests.OllamaRuntimeSettingsTests" name="DescribeSourceRuntimeSettings_ShouldDeclareOllamaBaseUrl" />
    </UnitTest>
    <UnitTest name="WhenCallingTranslateContent_ShouldBeTranslated" storage="d:\repos\musoq.datasources\musoq.datasources.ollama.tests\bin\release\net10.0\musoq.datasources.ollama.tests.dll" id="3bcadf7a-a46a-7d44-b70d-276ddefb2f23">
      <Execution id="36db4ea2-40a4-49a3-b938-34ef458c50b4" />
      <TestMethod codeBase="D:\repos\Musoq.DataSources\Musoq.DataSources.Ollama.Tests\bin\Release\net10.0\Musoq.DataSources.Ollama.Tests.dll" adapterTypeName="executor://mstestadapter/v2" className="Musoq.DataSources.Ollama.Tests.OllamaQueryTests" name="WhenCallingTranslateContent_ShouldBeTranslated" />
    </UnitTest>
    <UnitTest name="WhenIsContentNotAbout_ShouldPass" storage="d:\repos\musoq.datasources\musoq.datasources.ollama.tests\bin\release\net10.0\musoq.datasources.ollama.tests.dll" id="c6c13ed2-e488-19df-042f-d96792a1703b">
      <Execution id="c340c6d4-1440-4c18-bcb4-dec594e09321" />
      <TestMethod codeBase="D:\repos\Musoq.DataSources\Musoq.DataSources.Ollama.Tests\bin\Release\net10.0\Musoq.DataSources.Ollama.Tests.dll" adapterTypeName="executor://mstestadapter/v2" className="Musoq.DataSources.Ollama.Tests.OllamaSingleRowSourceTests" name="WhenIsContentNotAbout_ShouldPass" />
    </UnitTest>
    <UnitTest name="WhenSentimentIsPositive_ShouldPass" storage="d:\repos\musoq.datasources\musoq.datasources.ollama.tests\bin\release\net10.0\musoq.datasources.ollama.tests.dll" id="ee629fd3-8646-ee74-6379-38947ce0c03c">
      <Execution id="67544699-7c31-43d3-8caf-c72d51a17378" />
      <TestMethod codeBase="D:\repos\Musoq.DataSources\Musoq.DataSources.Ollama.Tests\bin\Release\net10.0\Musoq.DataSources.Ollama.Tests.dll" adapterTypeName="executor://mstestadapter/v2" className="Musoq.DataSources.Ollama.Tests.OllamaSingleRowSourceTests" name="WhenSentimentIsPositive_ShouldPass" />
    </UnitTest>
    <UnitTest name="WhenSentimentIsNegative_ShouldPass" storage="d:\repos\musoq.datasources\musoq.datasources.ollama.tests\bin\release\net10.0\musoq.datasources.ollama.tests.dll" id="0a037c56-2c36-5278-911a-31a7c55fe805">
      <Execution id="aa89d734-0658-4f3b-aff6-8ec70b9de7e2" />
      <TestMethod codeBase="D:\repos\Musoq.DataSources\Musoq.DataSources.Ollama.Tests\bin\Release\net10.0\Musoq.DataSources.Ollama.Tests.dll" adapterTypeName="executor://mstestadapter/v2" className="Musoq.DataSources.Ollama.Tests.OllamaSingleRowSourceTests" name="WhenSentimentIsNegative_ShouldPass" />
    </UnitTest>
    <UnitTest name="WhenCallingDescribeImage_ShouldReturnImageDescription" storage="d:\repos\musoq.datasources\musoq.datasources.ollama.tests\bin\release\net10.0\musoq.datasources.ollama.tests.dll" id="e3a9cc79-0ad9-4d36-e926-5957d0f697c3">
      <Execution id="0a97a428-ad2b-4fed-8e7b-bce54023414d" />
      <TestMethod codeBase="D:\repos\Musoq.DataSources\Musoq.DataSources.Ollama.Tests\bin\Release\net10.0\Musoq.DataSources.Ollama.Tests.dll" adapterTypeName="executor://mstestadapter/v2" className="Musoq.DataSources.Ollama.Tests.OllamaQueryTests" name="WhenCallingDescribeImage_ShouldReturnImageDescription" />
    </UnitTest>
    <UnitTest name="WhenCallingSentiment_ShouldBeNegative" storage="d:\repos\musoq.datasources\musoq.datasources.ollama.tests\bin\release\net10.0\musoq.datasources.ollama.tests.dll" id="5c1b564e-f7c9-b3ca-a7c6-1ed311d52c06">
      <Execution id="a6130185-6f69-4d58-8886-90296c48fbd5" />
      <TestMethod codeBase="D:\repos\Musoq.DataSources\Musoq.DataSources.Ollama.Tests\bin\Release\net10.0\Musoq.DataSources.Ollama.Tests.dll" adapterTypeName="executor://mstestadapter/v2" className="Musoq.DataSources.Ollama.Tests.OllamaQueryTests" name="WhenCallingSentiment_ShouldBeNegative" />
    </UnitTest>
    <UnitTest name="DescLlmNoArgs_VsWithArgs_ShouldReturnDifferentResults" storage="d:\repos\musoq.datasources\musoq.datasources.ollama.tests\bin\release\net10.0\musoq.datasources.ollama.tests.dll" id="7ab56d01-7727-3211-0aae-8a556b84f045">
      <Execution id="b6470195-b545-4e8c-9d11-36b2a170c8d2" />
      <TestMethod codeBase="D:\repos\Musoq.DataSources\Musoq.DataSources.Ollama.Tests\bin\Release\net10.0\Musoq.DataSources.Ollama.Tests.dll" adapterTypeName="executor://mstestadapter/v2" className="Musoq.DataSources.Ollama.Tests.OllamaSchemaDescribeTests" name="DescLlmNoArgs_VsWithArgs_ShouldReturnDifferentResults" />
    </UnitTest>
    <UnitTest name="WhenCallingSentiment_ShouldBeUnknown" storage="d:\repos\musoq.datasources\musoq.datasources.ollama.tests\bin\release\net10.0\musoq.datasources.ollama.tests.dll" id="7609689d-82ad-4142-4871-cc01addc52e8">
      <Execution id="73ff73c1-52fe-4791-bd87-d8fc7c59cccd" />
      <TestMethod codeBase="D:\repos\Musoq.DataSources\Musoq.DataSources.Ollama.Tests\bin\Release\net10.0\Musoq.DataSources.Ollama.Tests.dll" adapterTypeName="executor://mstestadapter/v2" className="Musoq.DataSources.Ollama.Tests.OllamaQueryTests" name="WhenCallingSentiment_ShouldBeUnknown" />
    </UnitTest>
    <UnitTest name="WhenCallingIsContentAbout_ShouldBeFalse" storage="d:\repos\musoq.datasources\musoq.datasources.ollama.tests\bin\release\net10.0\musoq.datasources.ollama.tests.dll" id="1489cb5b-ea77-543c-ddf5-bc8c523f9620">
      <Execution id="f96ffb4d-1061-4672-82f9-b30c19a7a46e" />
      <TestMethod codeBase="D:\repos\Musoq.DataSources\Musoq.DataSources.Ollama.Tests\bin\Release\net10.0\Musoq.DataSources.Ollama.Tests.dll" adapterTypeName="executor://mstestadapter/v2" className="Musoq.DataSources.Ollama.Tests.OllamaQueryTests" name="WhenCallingIsContentAbout_ShouldBeFalse" />
    </UnitTest>
    <UnitTest name="WhenCountingTokens_ShouldReturnTokenCount" storage="d:\repos\musoq.datasources\musoq.datasources.ollama.tests\bin\release\net10.0\musoq.datasources.ollama.tests.dll" id="6bec4e14-e63d-3531-4352-5635c19d3003">
      <Execution id="04f4b1c3-7b9d-47a7-9ec1-a44ace775759" />
      <TestMethod codeBase="D:\repos\Musoq.DataSources\Musoq.DataSources.Ollama.Tests\bin\Release\net10.0\Musoq.DataSources.Ollama.Tests.dll" adapterTypeName="executor://mstestadapter/v2" className="Musoq.DataSources.Ollama.Tests.OllamaQueryTests" name="WhenCountingTokens_ShouldReturnTokenCount" />
    </UnitTest>
    <UnitTest name="DescSchema_ShouldHaveConsistentColumnTypes" storage="d:\repos\musoq.datasources\musoq.datasources.ollama.tests\bin\release\net10.0\musoq.datasources.ollama.tests.dll" id="bdd920fd-cb43-4487-6e3f-2d00ad93c8ca">
      <Execution id="f25490f5-6079-41c0-85b4-dd7fa26facb6" />
      <TestMethod codeBase="D:\repos\Musoq.DataSources\Musoq.DataSources.Ollama.Tests\bin\Release\net10.0\Musoq.DataSources.Ollama.Tests.dll" adapterTypeName="executor://mstestadapter/v2" className="Musoq.DataSources.Ollama.Tests.OllamaSchemaDescribeTests" name="DescSchema_ShouldHaveConsistentColumnTypes" />
    </UnitTest>
    <UnitTest name="WhenTranslateContent_ShouldPass" storage="d:\repos\musoq.datasources\musoq.datasources.ollama.tests\bin\release\net10.0\musoq.datasources.ollama.tests.dll" id="6c47b225-3217-94fd-0e28-33bd7be39e27">
      <Execution id="bc0d0b1f-47d0-40fa-b226-c76525904f62" />
      <TestMethod codeBase="D:\repos\Musoq.DataSources\Musoq.DataSources.Ollama.Tests\bin\Release\net10.0\Musoq.DataSources.Ollama.Tests.dll" adapterTypeName="executor://mstestadapter/v2" className="Musoq.DataSources.Ollama.Tests.OllamaSingleRowSourceTests" name="WhenTranslateContent_ShouldPass" />
    </UnitTest>
    <UnitTest name="WhenRowsCalled_ShouldRetrieveSingle" storage="d:\repos\musoq.datasources\musoq.datasources.ollama.tests\bin\release\net10.0\musoq.datasources.ollama.tests.dll" id="bc543206-76f4-3240-8cb1-f752b401692f">
      <Execution id="845cb673-2c4c-4351-9995-a0a4af1cf3f2" />
      <TestMethod codeBase="D:\repos\Musoq.DataSources\Musoq.DataSources.Ollama.Tests\bin\Release\net10.0\Musoq.DataSources.Ollama.Tests.dll" adapterTypeName="executor://mstestadapter/v2" className="Musoq.DataSources.Ollama.Tests.OllamaSingleRowSourceTests" name="WhenRowsCalled_ShouldRetrieveSingle" />
    </UnitTest>
    <UnitTest name="WhenCallingEntities_ShouldExtractEntities" storage="d:\repos\musoq.datasources\musoq.datasources.ollama.tests\bin\release\net10.0\musoq.datasources.ollama.tests.dll" id="797594dd-7963-645f-0383-fc2dc47a9bd0">
      <Execution id="625d930b-495c-4fcc-a8d9-f6d581801d90" />
      <TestMethod codeBase="D:\repos\Musoq.DataSources\Musoq.DataSources.Ollama.Tests\bin\Release\net10.0\Musoq.DataSources.Ollama.Tests.dll" adapterTypeName="executor://mstestadapter/v2" className="Musoq.DataSources.Ollama.Tests.OllamaQueryTests" name="WhenCallingEntities_ShouldExtractEntities" />
    </UnitTest>
    <UnitTest name="WhenExtractEntities_ShouldPass" storage="d:\repos\musoq.datasources\musoq.datasources.ollama.tests\bin\release\net10.0\musoq.datasources.ollama.tests.dll" id="ed876777-3580-53ca-f690-8e4c68dcfd2e">
      <Execution id="2ffa3d0b-a4d7-4658-b096-4c72aaf7114f" />
      <TestMethod codeBase="D:\repos\Musoq.DataSources\Musoq.DataSources.Ollama.Tests\bin\Release\net10.0\Musoq.DataSources.Ollama.Tests.dll" adapterTypeName="executor://mstestadapter/v2" className="Musoq.DataSources.Ollama.Tests.OllamaSingleRowSourceTests" name="WhenExtractEntities_ShouldPass" />
    </UnitTest>
  </TestDefinitions>
  <TestEntries>
    <TestEntry testId="bc543206-76f4-3240-8cb1-f752b401692f" executionId="845cb673-2c4c-4351-9995-a0a4af1cf3f2" testListId="8c84fa94-04c1-424b-9868-57a2d4851a1d" />
    <TestEntry testId="797594dd-7963-645f-0383-fc2dc47a9bd0" executionId="625d930b-495c-4fcc-a8d9-f6d581801d90" testListId="8c84fa94-04c1-424b-9868-57a2d4851a1d" />
    <TestEntry testId="6bec4e14-e63d-3531-4352-5635c19d3003" executionId="04f4b1c3-7b9d-47a7-9ec1-a44ace775759" testListId="8c84fa94-04c1-424b-9868-57a2d4851a1d" />
    <TestEntry testId="7609689d-82ad-4142-4871-cc01addc52e8" executionId="73ff73c1-52fe-4791-bd87-d8fc7c59cccd" testListId="8c84fa94-04c1-424b-9868-57a2d4851a1d" />
    <TestEntry testId="e3a9cc79-0ad9-4d36-e926-5957d0f697c3" executionId="0a97a428-ad2b-4fed-8e7b-bce54023414d" testListId="8c84fa94-04c1-424b-9868-57a2d4851a1d" />
    <TestEntry testId="eda26245-b486-4a81-aedf-27c9d805b086" executionId="d4c7f13d-159a-485a-a6ab-e8ce0eae73de" testListId="8c84fa94-04c1-424b-9868-57a2d4851a1d" />
    <TestEntry testId="94abf3a4-b27a-f119-d5bb-0cfd0398bfb8" executionId="ef5808b2-eb2e-4e77-baa9-30cb5f71da0f" testListId="8c84fa94-04c1-424b-9868-57a2d4851a1d" />
    <TestEntry testId="b047a40c-4fb4-fa6b-b422-92a6e96f70a3" executionId="e4953d36-b81c-4796-966c-76293ac432a0" testListId="8c84fa94-04c1-424b-9868-57a2d4851a1d" />
    <TestEntry testId="305d3a69-9a07-b749-c5c9-8c5077f47c2a" executionId="820c37fc-f964-4bf5-bc46-2a7a12000de4" testListId="8c84fa94-04c1-424b-9868-57a2d4851a1d" />
    <TestEntry testId="17df4999-ca71-df14-e351-61376abaa048" executionId="df74b481-764a-4452-b6dc-78bf78aa56b0" testListId="8c84fa94-04c1-424b-9868-57a2d4851a1d" />
    <TestEntry testId="c6c13ed2-e488-19df-042f-d96792a1703b" executionId="c340c6d4-1440-4c18-bcb4-dec594e09321" testListId="8c84fa94-04c1-424b-9868-57a2d4851a1d" />
    <TestEntry testId="964728f6-da41-b88a-bda0-a7bf335de1d5" executionId="a4aa7bbc-a7ec-4d45-a8e7-0c9c2469f783" testListId="8c84fa94-04c1-424b-9868-57a2d4851a1d" />
    <TestEntry testId="f5bf7961-dfec-5c77-31e6-2aa57a27c3f4" executionId="4d4d9f03-6699-4a59-bcf5-90160fc1bb59" testListId="8c84fa94-04c1-424b-9868-57a2d4851a1d" />
    <TestEntry testId="6c47b225-3217-94fd-0e28-33bd7be39e27" executionId="bc0d0b1f-47d0-40fa-b226-c76525904f62" testListId="8c84fa94-04c1-424b-9868-57a2d4851a1d" />
    <TestEntry testId="1ec48535-d191-d102-4ab7-a89734ebfba3" executionId="a32719aa-3221-4bf7-8e11-b4c1ddec2f5b" testListId="8c84fa94-04c1-424b-9868-57a2d4851a1d" />
    <TestEntry testId="bdd920fd-cb43-4487-6e3f-2d00ad93c8ca" executionId="f25490f5-6079-41c0-85b4-dd7fa26facb6" testListId="8c84fa94-04c1-424b-9868-57a2d4851a1d" />
    <TestEntry testId="bf6ff74c-764d-809d-1c4f-4c1f7eb159d4" executionId="b64aeae6-a2a4-487a-ad0c-4a7a30c64035" testListId="8c84fa94-04c1-424b-9868-57a2d4851a1d" />
    <TestEntry testId="8b380712-937e-3969-3113-3ebabed593fb" executionId="2a839299-f930-41b9-92b5-35603411e091" testListId="8c84fa94-04c1-424b-9868-57a2d4851a1d" />
    <TestEntry testId="a55046e3-de94-da38-4b8c-7425be656853" executionId="9c03f74a-30a1-46b3-8c18-b97bfb246363" testListId="8c84fa94-04c1-424b-9868-57a2d4851a1d" />
    <TestEntry testId="6b0890b9-1607-4377-5ddc-a91d6144cfe3" executionId="046161d9-1066-4cb9-a52b-f86bafad383e" testListId="8c84fa94-04c1-424b-9868-57a2d4851a1d" />
    <TestEntry testId="7ab56d01-7727-3211-0aae-8a556b84f045" executionId="b6470195-b545-4e8c-9d11-36b2a170c8d2" testListId="8c84fa94-04c1-424b-9868-57a2d4851a1d" />
    <TestEntry testId="ee629fd3-8646-ee74-6379-38947ce0c03c" executionId="67544699-7c31-43d3-8caf-c72d51a17378" testListId="8c84fa94-04c1-424b-9868-57a2d4851a1d" />
    <TestEntry testId="1489cb5b-ea77-543c-ddf5-bc8c523f9620" executionId="f96ffb4d-1061-4672-82f9-b30c19a7a46e" testListId="8c84fa94-04c1-424b-9868-57a2d4851a1d" />
    <TestEntry testId="5c1b564e-f7c9-b3ca-a7c6-1ed311d52c06" executionId="a6130185-6f69-4d58-8886-90296c48fbd5" testListId="8c84fa94-04c1-424b-9868-57a2d4851a1d" />
    <TestEntry testId="4e153458-3635-ac87-52ab-5a8129b62e05" executionId="558b6e4a-d8fc-4675-8be8-da0546d2d765" testListId="8c84fa94-04c1-424b-9868-57a2d4851a1d" />
    <TestEntry testId="ae856b01-e9a6-de2c-d074-d905aae8e100" executionId="4702e10a-3e04-4260-91b7-dc86546df78b" testListId="8c84fa94-04c1-424b-9868-57a2d4851a1d" />
    <TestEntry testId="e823d814-6252-d0c6-4031-a59adb7190ce" executionId="dfcf9ad8-f707-4965-a62d-3a24cc1844a9" testListId="8c84fa94-04c1-424b-9868-57a2d4851a1d" />
    <TestEntry testId="0a037c56-2c36-5278-911a-31a7c55fe805" executionId="aa89d734-0658-4f3b-aff6-8ec70b9de7e2" testListId="8c84fa94-04c1-424b-9868-57a2d4851a1d" />
    <TestEntry testId="d88bd3a2-ce5b-26b7-8e70-dc938cd5cd2c" executionId="16ea1a64-03c9-4807-a24f-12a536b549d8" testListId="8c84fa94-04c1-424b-9868-57a2d4851a1d" />
    <TestEntry testId="c15f7482-55f9-0afd-53f0-0b534aeb181a" executionId="5bbb4b4d-4ad4-4ba2-9151-9c09691b408f" testListId="8c84fa94-04c1-424b-9868-57a2d4851a1d" />
    <TestEntry testId="ed876777-3580-53ca-f690-8e4c68dcfd2e" executionId="2ffa3d0b-a4d7-4658-b096-4c72aaf7114f" testListId="8c84fa94-04c1-424b-9868-57a2d4851a1d" />
    <TestEntry testId="3bcadf7a-a46a-7d44-b70d-276ddefb2f23" executionId="36db4ea2-40a4-49a3-b938-34ef458c50b4" testListId="8c84fa94-04c1-424b-9868-57a2d4851a1d" />
    <TestEntry testId="176eccec-bee0-febb-daf7-6e6dd5cc10c0" executionId="6b25194d-1ee8-44c1-bbda-fd275e941a98" testListId="8c84fa94-04c1-424b-9868-57a2d4851a1d" />
  </TestEntries>
  <TestLists>
    <TestList name="Results Not in a List" id="8c84fa94-04c1-424b-9868-57a2d4851a1d" />
    <TestList name="All Loaded Results" id="19431567-8539-422a-85d7-44ee4e166bda" />
  </TestLists>
  <ResultSummary outcome="Completed">
    <Counters total="33" executed="31" passed="31" failed="0" error="0" timeout="0" aborted="0" inconclusive="0" passedButRunAborted="0" notRunnable="0" notExecuted="0" disconnected="0" warning="0" completed="0" inProgress="0" pending="0" />
    <Output>
      <StdOut>Test 'DoSomeRealTests' was skipped in the test run.&#xD;
Test 'DoSomeOtherRealTests' was skipped in the test run.&#xD;
[xUnit.net 00:00:00.00] xUnit.net VSTest Adapter v2.8.2+699d445a1a (64-bit .NET 10.0.11)&#xD;
[xUnit.net 00:00:00.03]   Discovering: Musoq.DataSources.Ollama.Tests&#xD;
[xUnit.net 00:00:00.04]   Discovered:  Musoq.DataSources.Ollama.Tests&#xD;
</StdOut>
    </Output>
  </ResultSummary>
</TestRun>