<?xml version="1.0" encoding="utf-8"?>
<TestRun id="e0debafc-a062-4845-92ae-628fab4bf525" name="Jakub@DESKTOP-I52018A 2026-09-06 18:46:09" runUser="DESKTOP-I52018A\Jakub" xmlns="http://microsoft.com/schemas/VisualStudio/TeamTest/2010">
  <Times creation="2026-09-06T18:46:09.4782020+02:00" queuing="2026-09-06T18:46:09.4782025+02:00" start="2026-09-06T18:46:09.0418791+02:00" finish="2026-09-06T18:46:14.0440625+02:00" />
  <TestSettings name="default" id="d7e87037-d706-4490-886e-9dd822b769d8">
    <Deployment runDeploymentRoot="Jakub_DESKTOP-I52018A_2026-09-06_18_46_09" />
  </TestSettings>
  <Results>
    <UnitTestResult executionId="fc15a0b5-90c2-45c6-8952-bc3acc7bea5b" testId="6ec392bd-e9c8-3a22-73a2-32c2977c4fa3" testName="WhenAllSignalColumnsAccessed_ShouldReturnValues" computerName="DESKTOP-I52018A" duration="00:00:00.1527288" startTime="2026-09-06T18:46:12.4591710+02:00" endTime="2026-09-06T18:46:12.6120137+02:00" testType="13cdc9d9-ddb5-4fa4-a97d-d965ccfc6d4b" outcome="Passed" testListId="8c84fa94-04c1-424b-9868-57a2d4851a1d" relativeResultsDirectory="fc15a0b5-90c2-45c6-8952-bc3acc7bea5b" />
    <UnitTestResult executionId="c32cbc3e-98c7-475b-aa5a-252df4c60f41" testId="8632efcd-a1d5-5674-4d7e-7ba05279e40e" testName="WhenDbcSignalsOverlaps_S2InsideS1_ShouldDetectIt" computerName="DESKTOP-I52018A" duration="00:00:00.1065695" startTime="2026-09-06T18:46:12.1504825+02:00" endTime="2026-09-06T18:46:12.2571606+02:00" testType="13cdc9d9-ddb5-4fa4-a97d-d965ccfc6d4b" outcome="Passed" testListId="8c84fa94-04c1-424b-9868-57a2d4851a1d" relativeResultsDirectory="c32cbc3e-98c7-475b-aa5a-252df4c60f41" />
    <UnitTestResult executionId="760e1167-4594-40de-aaed-884c9f413e6b" testId="67b63764-4e68-7b8f-3daf-b4732cd8e2cc" testName="WhenVehicleSpeedHasCertainValue_ShouldSucceed" computerName="DESKTOP-I52018A" duration="00:00:00.0562353" startTime="2026-09-06T18:46:13.5093836+02:00" endTime="2026-09-06T18:46:13.5657336+02:00" testType="13cdc9d9-ddb5-4fa4-a97d-d965ccfc6d4b" outcome="Passed" testListId="8c84fa94-04c1-424b-9868-57a2d4851a1d" relativeResultsDirectory="760e1167-4594-40de-aaed-884c9f413e6b" />
    <UnitTestResult executionId="b6b97955-0439-47d1-87c3-b1602306d203" testId="35932410-3683-58b3-7006-0fc434826e92" testName="TryPlanSource_WhenSeparatedValuesDlcPredicateIsRequested_AcceptsPredicate" computerName="DESKTOP-I52018A" duration="00:00:00.0003937" startTime="2026-09-06T18:46:09.3452340+02:00" endTime="2026-09-06T18:46:09.3456659+02:00" testType="13cdc9d9-ddb5-4fa4-a97d-d965ccfc6d4b" outcome="Passed" testListId="8c84fa94-04c1-424b-9868-57a2d4851a1d" relativeResultsDirectory="b6b97955-0439-47d1-87c3-b1602306d203" />
    <UnitTestResult executionId="524d358d-2d32-4971-944e-6e4ee1cad2d3" testId="b4dad614-f2c7-4aee-9797-065ce40245ad" testName="WhenDbcFileSignalsDoesNotOverlap_ShouldSucceed" computerName="DESKTOP-I52018A" duration="00:00:00.1830343" startTime="2026-09-06T18:46:11.9672944+02:00" endTime="2026-09-06T18:46:12.1504306+02:00" testType="13cdc9d9-ddb5-4fa4-a97d-d965ccfc6d4b" outcome="Passed" testListId="8c84fa94-04c1-424b-9868-57a2d4851a1d" relativeResultsDirectory="524d358d-2d32-4971-944e-6e4ee1cad2d3" />
    <UnitTestResult executionId="e85861c5-1668-45f0-92a9-49e42bf33c8e" testId="f14695d2-bb43-c265-36e6-15b2a40021d2" testName="WhenAllMessageColumnsAccessed_ShouldReturnValues" computerName="DESKTOP-I52018A" duration="00:00:00.0500715" startTime="2026-09-06T18:46:12.4089457+02:00" endTime="2026-09-06T18:46:12.4591222+02:00" testType="13cdc9d9-ddb5-4fa4-a97d-d965ccfc6d4b" outcome="Passed" testListId="8c84fa94-04c1-424b-9868-57a2d4851a1d" relativeResultsDirectory="e85861c5-1668-45f0-92a9-49e42bf33c8e" />
    <UnitTestResult executionId="ac97f8ac-ef29-49bc-b08f-2e81cc80a727" testId="82201a07-0622-6b16-72ac-c8fc17464ada" testName="WhenSignalOrderRetrieved_ShouldSuccess" computerName="DESKTOP-I52018A" duration="00:00:00.0568852" startTime="2026-09-06T18:46:11.7999984+02:00" endTime="2026-09-06T18:46:11.8569900+02:00" testType="13cdc9d9-ddb5-4fa4-a97d-d965ccfc6d4b" outcome="Passed" testListId="8c84fa94-04c1-424b-9868-57a2d4851a1d" relativeResultsDirectory="ac97f8ac-ef29-49bc-b08f-2e81cc80a727" />
    <UnitTestResult executionId="f10463f7-85a4-40e9-b2e1-785b771cee3e" testId="9a712b1b-ca4b-2c59-0a49-1277cf881a73" testName="WhenMessageIsUnknown_ShouldBeAvailable" computerName="DESKTOP-I52018A" duration="00:00:00.0726775" startTime="2026-09-06T18:46:12.9921783+02:00" endTime="2026-09-06T18:46:13.0649831+02:00" testType="13cdc9d9-ddb5-4fa4-a97d-d965ccfc6d4b" outcome="Passed" testListId="8c84fa94-04c1-424b-9868-57a2d4851a1d" relativeResultsDirectory="f10463f7-85a4-40e9-b2e1-785b771cee3e" />
    <UnitTestResult executionId="d9bb4e6c-7cc8-4f9f-b6a1-58143d55ae2a" testId="2efa22a8-0cae-82c4-4f12-0248d183a6e2" testName="TryPlanSource_WhenMessagesIdentityPredicateIsRequested_AcceptsPredicateOnly" computerName="DESKTOP-I52018A" duration="00:00:00.0004442" startTime="2026-09-06T18:46:09.3460346+02:00" endTime="2026-09-06T18:46:09.3465187+02:00" testType="13cdc9d9-ddb5-4fa4-a97d-d965ccfc6d4b" outcome="Passed" testListId="8c84fa94-04c1-424b-9868-57a2d4851a1d" relativeResultsDirectory="d9bb4e6c-7cc8-4f9f-b6a1-58143d55ae2a" />
    <UnitTestResult executionId="61340134-1552-48d4-892c-0c5a569d7460" testId="cdd2a725-e924-205b-c098-abce944b9295" testName="DescUnknownMethod_ShouldThrowException" computerName="DESKTOP-I52018A" duration="00:00:00.0455451" startTime="2026-09-06T18:46:10.9462767+02:00" endTime="2026-09-06T18:46:10.9919268+02:00" testType="13cdc9d9-ddb5-4fa4-a97d-d965ccfc6d4b" outcome="Passed" testListId="8c84fa94-04c1-424b-9868-57a2d4851a1d" relativeResultsDirectory="61340134-1552-48d4-892c-0c5a569d7460" />
    <UnitTestResult executionId="26bca45c-505b-4456-8e46-0729fa039478" testId="a9fe3cd6-e669-b6aa-eee4-eedae1484039" testName="SignalsRows_WhenPredicateIsAccepted_EmitsFilteredRows" computerName="DESKTOP-I52018A" duration="00:00:00.0049468" startTime="2026-09-06T18:46:09.4591320+02:00" endTime="2026-09-06T18:46:09.4642410+02:00" testType="13cdc9d9-ddb5-4fa4-a97d-d965ccfc6d4b" outcome="Passed" testListId="8c84fa94-04c1-424b-9868-57a2d4851a1d" relativeResultsDirectory="26bca45c-505b-4456-8e46-0729fa039478" />
    <UnitTestResult executionId="3529be9a-de83-45f7-8853-44fc67fbe0fb" testId="96a8578b-0618-9b90-c8bb-bf746d5e57a2" testName="DescMessagesWithArgs_ShouldReturnTableSchema" computerName="DESKTOP-I52018A" duration="00:00:00.0662145" startTime="2026-09-06T18:46:10.8509176+02:00" endTime="2026-09-06T18:46:10.9172418+02:00" testType="13cdc9d9-ddb5-4fa4-a97d-d965ccfc6d4b" outcome="Passed" testListId="8c84fa94-04c1-424b-9868-57a2d4851a1d" relativeResultsDirectory="3529be9a-de83-45f7-8853-44fc67fbe0fb" />
    <UnitTestResult executionId="91610892-c29f-4246-a05c-162aa5388c3b" testId="315c029c-c0a5-4afd-19f1-74cedad15874" testName="TryPlanSource_WhenSeparatedValuesDynamicRequiredColumnsAndFramePredicateArePresent_AcceptsProjectionAndPredicate" computerName="DESKTOP-I52018A" duration="00:00:00.0140676" startTime="2026-09-06T18:46:09.3185319+02:00" endTime="2026-09-06T18:46:09.3412359+02:00" testType="13cdc9d9-ddb5-4fa4-a97d-d965ccfc6d4b" outcome="Passed" testListId="8c84fa94-04c1-424b-9868-57a2d4851a1d" relativeResultsDirectory="91610892-c29f-4246-a05c-162aa5388c3b" />
    <UnitTestResult executionId="129549ca-5c8f-4363-9d52-8119f12e03d7" testId="88938d23-a883-f4de-1231-0557185a630e" testName="WhenDbcFileHasUnnecessarySpaceBeforeTheSemicolon_AndMessagesToRetrieve_ShouldSuccess" computerName="DESKTOP-I52018A" duration="00:00:00.0422413" startTime="2026-09-06T18:46:11.8570366+02:00" endTime="2026-09-06T18:46:11.8993775+02:00" testType="13cdc9d9-ddb5-4fa4-a97d-d965ccfc6d4b" outcome="Passed" testListId="8c84fa94-04c1-424b-9868-57a2d4851a1d" relativeResultsDirectory="129549ca-5c8f-4363-9d52-8119f12e03d7" />
    <UnitTestResult executionId="5e130805-48cb-4bf5-8804-c5baaa39b59e" testId="65e9f10e-c109-d9d8-409a-9d529bff7ffc" testName="MessageFrameObjectRows_WhenProjectionIsAccepted_OutputsOnlyAcceptedColumns" computerName="DESKTOP-I52018A" duration="00:00:00.0856915" startTime="2026-09-06T18:46:09.3470644+02:00" endTime="2026-09-06T18:46:09.4328209+02:00" testType="13cdc9d9-ddb5-4fa4-a97d-d965ccfc6d4b" outcome="Passed" testListId="8c84fa94-04c1-424b-9868-57a2d4851a1d" relativeResultsDirectory="5e130805-48cb-4bf5-8804-c5baaa39b59e" />
    <UnitTestResult executionId="67800bdc-edf7-4931-8bd4-32c35ad570fd" testId="4fe1c43c-7d5c-07aa-31e2-b4523836379a" testName="WhenAllBaseColumnsAreAccessedForCsvFile_ShouldAllowAccessToAllColumns" computerName="DESKTOP-I52018A" duration="00:00:00.0639291" startTime="2026-09-06T18:46:13.1321030+02:00" endTime="2026-09-06T18:46:13.1961516+02:00" testType="13cdc9d9-ddb5-4fa4-a97d-d965ccfc6d4b" outcome="Passed" testListId="8c84fa94-04c1-424b-9868-57a2d4851a1d" relativeResultsDirectory="67800bdc-edf7-4931-8bd4-32c35ad570fd" />
    <UnitTestResult executionId="02633931-0ba4-4bd7-adeb-1953b91593b4" testId="844f480c-e67a-2e30-9312-d192320b8275" testName="WhenDbcFileHasUnnecessarySpaceBeforeTheSemicolon_AndSignalsToRetrieve_ShouldSuccess" computerName="DESKTOP-I52018A" duration="00:00:00.0469675" startTime="2026-09-06T18:46:11.7528360+02:00" endTime="2026-09-06T18:46:11.7999486+02:00" testType="13cdc9d9-ddb5-4fa4-a97d-d965ccfc6d4b" outcome="Passed" testListId="8c84fa94-04c1-424b-9868-57a2d4851a1d" relativeResultsDirectory="02633931-0ba4-4bd7-adeb-1953b91593b4" />
    <UnitTestResult executionId="09a035b9-d5a5-4876-ac98-0a9b2956ce43" testId="050bc372-0f40-1b76-063e-82463502ac7c" testName="WhenHexValuesInIdUsed_ShouldSuccess" computerName="DESKTOP-I52018A" duration="00:00:00.0728353" startTime="2026-09-06T18:46:13.4363884+02:00" endTime="2026-09-06T18:46:13.5093314+02:00" testType="13cdc9d9-ddb5-4fa4-a97d-d965ccfc6d4b" outcome="Passed" testListId="8c84fa94-04c1-424b-9868-57a2d4851a1d" relativeResultsDirectory="09a035b9-d5a5-4876-ac98-0a9b2956ce43" />
    <UnitTestResult executionId="37aaa790-957d-41ac-bb74-dbcdce540eac" testId="25d96002-e763-ec46-08e3-4378575437f9" testName="WhenDescMessages_ShouldSucceed" computerName="DESKTOP-I52018A" duration="00:00:00.0274601" startTime="2026-09-06T18:46:11.8994218+02:00" endTime="2026-09-06T18:46:11.9269850+02:00" testType="13cdc9d9-ddb5-4fa4-a97d-d965ccfc6d4b" outcome="Passed" testListId="8c84fa94-04c1-424b-9868-57a2d4851a1d" relativeResultsDirectory="37aaa790-957d-41ac-bb74-dbcdce540eac" />
    <UnitTestResult executionId="4b4aa6b2-8987-4d4e-82b8-6c2d42140334" testId="a08c3643-ca3d-cb78-2944-3041427dd6ab" testName="DescMessagesNoArgs_VsWithArgs_ShouldReturnDifferentResults" computerName="DESKTOP-I52018A" duration="00:00:00.0631580" startTime="2026-09-06T18:46:11.0200494+02:00" endTime="2026-09-06T18:46:11.0833116+02:00" testType="13cdc9d9-ddb5-4fa4-a97d-d965ccfc6d4b" outcome="Passed" testListId="8c84fa94-04c1-424b-9868-57a2d4851a1d" relativeResultsDirectory="4b4aa6b2-8987-4d4e-82b8-6c2d42140334" />
    <UnitTestResult executionId="e5f6ad45-cccd-494f-92c1-4aa0aa8ce66d" testId="6e0f1208-e9a8-1214-9ee0-3226ca9338b8" testName="TryPlanSource_WhenSeparatedValuesDynamicSignalPredicateIsRequested_LeavesPredicateResidual" computerName="DESKTOP-I52018A" duration="00:00:00.0002991" startTime="2026-09-06T18:46:09.3456823+02:00" endTime="2026-09-06T18:46:09.3460233+02:00" testType="13cdc9d9-ddb5-4fa4-a97d-d965ccfc6d4b" outcome="Passed" testListId="8c84fa94-04c1-424b-9868-57a2d4851a1d" relativeResultsDirectory="e5f6ad45-cccd-494f-92c1-4aa0aa8ce66d" />
    <UnitTestResult executionId="3881b615-70f5-4d4d-8e1b-1ac2eda8bcbf" testId="9cbd16b9-87f6-307e-f352-61ae95720054" testName="WhenMessagesCrossAppliedWithSignals_ShouldPass" computerName="DESKTOP-I52018A" duration="00:00:00.1026745" startTime="2026-09-06T18:46:12.6120736+02:00" endTime="2026-09-06T18:46:12.7148713+02:00" testType="13cdc9d9-ddb5-4fa4-a97d-d965ccfc6d4b" outcome="Passed" testListId="8c84fa94-04c1-424b-9868-57a2d4851a1d" relativeResultsDirectory="3881b615-70f5-4d4d-8e1b-1ac2eda8bcbf" />
    <UnitTestResult executionId="049ca9b8-47cf-470c-89d3-60f7825036ff" testId="a84dbfdf-7b89-06e4-7cd3-ea82080ae70a" testName="DescSeparatedValues_ShouldReturnAllOverloads" computerName="DESKTOP-I52018A" duration="00:00:00.0683060" startTime="2026-09-06T18:46:10.7824741+02:00" endTime="2026-09-06T18:46:10.8508699+02:00" testType="13cdc9d9-ddb5-4fa4-a97d-d965ccfc6d4b" outcome="Passed" testListId="8c84fa94-04c1-424b-9868-57a2d4851a1d" relativeResultsDirectory="049ca9b8-47cf-470c-89d3-60f7825036ff" />
    <UnitTestResult executionId="cd970d6f-48ce-4546-b534-324e98fcc14e" testId="2197cff4-cea7-d01e-a6c4-1a4f1972f530" testName="TryPlanSource_WhenSeparatedValuesBaseColumnsOnlyArePresent_DoesNotAcceptProjection" computerName="DESKTOP-I52018A" duration="00:00:00.0004990" startTime="2026-09-06T18:46:09.3436924+02:00" endTime="2026-09-06T18:46:09.3444030+02:00" testType="13cdc9d9-ddb5-4fa4-a97d-d965ccfc6d4b" outcome="Passed" testListId="8c84fa94-04c1-424b-9868-57a2d4851a1d" relativeResultsDirectory="cd970d6f-48ce-4546-b534-324e98fcc14e" />
    <UnitTestResult executionId="1de86b7a-bab1-449d-bff9-f7fa6ee4252d" testId="e41a61e6-55ac-9ef7-aa21-1fb80a09b059" testName="WhenOnlyExhaustSystemPropertiesMustBeUsed_ShouldFilterToOnlyExhaustSystem" computerName="DESKTOP-I52018A" duration="00:00:00.0672342" startTime="2026-09-06T18:46:12.9247898+02:00" endTime="2026-09-06T18:46:12.9921262+02:00" testType="13cdc9d9-ddb5-4fa4-a97d-d965ccfc6d4b" outcome="Passed" testListId="8c84fa94-04c1-424b-9868-57a2d4851a1d" relativeResultsDirectory="1de86b7a-bab1-449d-bff9-f7fa6ee4252d" />
    <UnitTestResult executionId="e3c2f3e0-0ddc-4fc7-94ab-db10ade09bcd" testId="eb2ea991-6edf-0fe8-6754-4a0c7e300d87" testName="WhenOnlyEnginePropertiesMustBeUsed_ShouldFilterToOnlyEngine" computerName="DESKTOP-I52018A" duration="00:00:00.1527272" startTime="2026-09-06T18:46:12.7149293+02:00" endTime="2026-09-06T18:46:12.8678371+02:00" testType="13cdc9d9-ddb5-4fa4-a97d-d965ccfc6d4b" outcome="Passed" testListId="8c84fa94-04c1-424b-9868-57a2d4851a1d" relativeResultsDirectory="e3c2f3e0-0ddc-4fc7-94ab-db10ade09bcd" />
    <UnitTestResult executionId="7e3866c4-e93a-493e-84c8-13ed3e8e0a4b" testId="ef7b411b-a0ec-a194-cb25-1805a887e464" testName="WhenIsTurnedOnEncodedWithLittleEndian_ShouldSucceed" computerName="DESKTOP-I52018A" duration="00:00:00.1153759" startTime="2026-09-06T18:46:13.6274597+02:00" endTime="2026-09-06T18:46:13.7429500+02:00" testType="13cdc9d9-ddb5-4fa4-a97d-d965ccfc6d4b" outcome="Passed" testListId="8c84fa94-04c1-424b-9868-57a2d4851a1d" relativeResultsDirectory="7e3866c4-e93a-493e-84c8-13ed3e8e0a4b" />
    <UnitTestResult executionId="46e78ebf-8857-4b26-b99c-50585ee38eb1" testId="49511076-21c1-1cb2-c771-6ec1d8f3bf35" testName="WhenVehicleHasIdAndSpeedOfCertainValue_ShouldSucceed" computerName="DESKTOP-I52018A" duration="00:00:00.0608602" startTime="2026-09-06T18:46:13.5664170+02:00" endTime="2026-09-06T18:46:13.6274061+02:00" testType="13cdc9d9-ddb5-4fa4-a97d-d965ccfc6d4b" outcome="Passed" testListId="8c84fa94-04c1-424b-9868-57a2d4851a1d" relativeResultsDirectory="46e78ebf-8857-4b26-b99c-50585ee38eb1" />
    <UnitTestResult executionId="01191dcd-71cd-4771-8543-61660a410868" testId="f3ccbb17-ca87-2603-3fa1-060e9a12b2b7" testName="DescMessages_ShouldReturnMethodSignature" computerName="DESKTOP-I52018A" duration="00:00:00.0363401" startTime="2026-09-06T18:46:10.7173651+02:00" endTime="2026-09-06T18:46:10.7538043+02:00" testType="13cdc9d9-ddb5-4fa4-a97d-d965ccfc6d4b" outcome="Passed" testListId="8c84fa94-04c1-424b-9868-57a2d4851a1d" relativeResultsDirectory="01191dcd-71cd-4771-8543-61660a410868" />
    <UnitTestResult executionId="184b0b32-5bfd-4df7-81b6-725785438b55" testId="2810447a-174a-6166-a9a2-3bfd5cac61ae" testName="TryPlanSource_WhenTypedCanTablesRequiredColumnsArePresent_DoesNotAcceptProjection" computerName="DESKTOP-I52018A" duration="00:00:00.0005593" startTime="2026-09-06T18:46:09.3446036+02:00" endTime="2026-09-06T18:46:09.3452156+02:00" testType="13cdc9d9-ddb5-4fa4-a97d-d965ccfc6d4b" outcome="Passed" testListId="8c84fa94-04c1-424b-9868-57a2d4851a1d" relativeResultsDirectory="184b0b32-5bfd-4df7-81b6-725785438b55" />
    <UnitTestResult executionId="3142af5e-ea93-4d8b-b81f-489a7d3e4dc2" testId="c75b6041-fb30-e634-0855-8a68e1f317ee" testName="DescSchema_ShouldListAllAvailableMethods" computerName="DESKTOP-I52018A" duration="00:00:01.2528788" startTime="2026-09-06T18:46:09.4642805+02:00" endTime="2026-09-06T18:46:10.7173134+02:00" testType="13cdc9d9-ddb5-4fa4-a97d-d965ccfc6d4b" outcome="Passed" testListId="8c84fa94-04c1-424b-9868-57a2d4851a1d" relativeResultsDirectory="3142af5e-ea93-4d8b-b81f-489a7d3e4dc2" />
    <UnitTestResult executionId="21f11fa8-5eff-4c7b-9a5d-7e30d6bb6c54" testId="742deaa7-60be-cb58-c255-60b75bd0006c" testName="WhenMessageIsUnknownAndUnknownColumnAccessed_ShouldReturnNull" computerName="DESKTOP-I52018A" duration="00:00:00.0668935" startTime="2026-09-06T18:46:13.0650414+02:00" endTime="2026-09-06T18:46:13.1320522+02:00" testType="13cdc9d9-ddb5-4fa4-a97d-d965ccfc6d4b" outcome="Passed" testListId="8c84fa94-04c1-424b-9868-57a2d4851a1d" relativeResultsDirectory="21f11fa8-5eff-4c7b-9a5d-7e30d6bb6c54" />
    <UnitTestResult executionId="12117c5c-681f-4c2f-a9bd-e0f153e1eddb" testId="f72f2f4f-8473-fd49-ec48-4af903bbba42" testName="TryPlanSource_WhenSignalsIdentityPredicateIsRequested_AcceptsPredicateOnly" computerName="DESKTOP-I52018A" duration="00:00:00.0004701" startTime="2026-09-06T18:46:09.3465334+02:00" endTime="2026-09-06T18:46:09.3470487+02:00" testType="13cdc9d9-ddb5-4fa4-a97d-d965ccfc6d4b" outcome="Passed" testListId="8c84fa94-04c1-424b-9868-57a2d4851a1d" relativeResultsDirectory="12117c5c-681f-4c2f-a9bd-e0f153e1eddb" />
    <UnitTestResult executionId="739b18e9-353c-4fbc-b34b-16660c6379a1" testId="887addcd-1f1f-5a9e-ed77-560cf9849482" testName="WhenVehicleSpeedIsEncodedWithBigEndian_ShouldSucceed" computerName="DESKTOP-I52018A" duration="00:00:00.2403934" startTime="2026-09-06T18:46:13.7430000+02:00" endTime="2026-09-06T18:46:13.9841314+02:00" testType="13cdc9d9-ddb5-4fa4-a97d-d965ccfc6d4b" outcome="Passed" testListId="8c84fa94-04c1-424b-9868-57a2d4851a1d" relativeResultsDirectory="739b18e9-353c-4fbc-b34b-16660c6379a1" />
    <UnitTestResult executionId="3247db01-2bbd-4bda-9a23-c99974167a20" testId="e126ad78-78f3-c1fb-9853-d889acbad6bb" testName="SignalValueMap_IsCrossApplyAddressable" computerName="DESKTOP-I52018A" duration="00:00:00.2438985" startTime="2026-09-06T18:46:11.5087582+02:00" endTime="2026-09-06T18:46:11.7527696+02:00" testType="13cdc9d9-ddb5-4fa4-a97d-d965ccfc6d4b" outcome="Passed" testListId="8c84fa94-04c1-424b-9868-57a2d4851a1d" relativeResultsDirectory="3247db01-2bbd-4bda-9a23-c99974167a20" />
    <UnitTestResult executionId="4a56f112-fc3f-4b86-a91a-bea22470feb7" testId="b9621d75-8820-031d-ea06-e5a104ff4afc" testName="MessageFrameObjectRows_WhenPredicateIsAccepted_EmitsFilteredRows" computerName="DESKTOP-I52018A" duration="00:00:00.0031818" startTime="2026-09-06T18:46:09.4328630+02:00" endTime="2026-09-06T18:46:09.4361383+02:00" testType="13cdc9d9-ddb5-4fa4-a97d-d965ccfc6d4b" outcome="Passed" testListId="8c84fa94-04c1-424b-9868-57a2d4851a1d" relativeResultsDirectory="4a56f112-fc3f-4b86-a91a-bea22470feb7" />
    <UnitTestResult executionId="df6b6d26-acff-4ffe-a1d0-c5c7b09e8a8d" testId="3e3b1ca5-da61-a6b0-8ea8-25ccae85e4c9" testName="WhenDescSignals_ShouldSucceed" computerName="DESKTOP-I52018A" duration="00:00:00.0396155" startTime="2026-09-06T18:46:11.9275330+02:00" endTime="2026-09-06T18:46:11.9672451+02:00" testType="13cdc9d9-ddb5-4fa4-a97d-d965ccfc6d4b" outcome="Passed" testListId="8c84fa94-04c1-424b-9868-57a2d4851a1d" relativeResultsDirectory="df6b6d26-acff-4ffe-a1d0-c5c7b09e8a8d" />
    <UnitTestResult executionId="b52d3308-600d-4da9-b285-6a346d605950" testId="867be7e2-bc3d-5878-735f-ec1bce619c99" testName="DescSignalsWithArgs_ShouldReturnTableSchema" computerName="DESKTOP-I52018A" duration="00:00:00.0288334" startTime="2026-09-06T18:46:10.9172911+02:00" endTime="2026-09-06T18:46:10.9462209+02:00" testType="13cdc9d9-ddb5-4fa4-a97d-d965ccfc6d4b" outcome="Passed" testListId="8c84fa94-04c1-424b-9868-57a2d4851a1d" relativeResultsDirectory="b52d3308-600d-4da9-b285-6a346d605950" />
    <UnitTestResult executionId="78358e16-4818-4ee3-9d02-f2c5f65b0ce7" testId="791f2e93-79a6-9f71-e159-f4044b3e938a" testName="DescSignals_ShouldReturnMethodSignature" computerName="DESKTOP-I52018A" duration="00:00:00.0284914" startTime="2026-09-06T18:46:10.7538513+02:00" endTime="2026-09-06T18:46:10.7824289+02:00" testType="13cdc9d9-ddb5-4fa4-a97d-d965ccfc6d4b" outcome="Passed" testListId="8c84fa94-04c1-424b-9868-57a2d4851a1d" relativeResultsDirectory="78358e16-4818-4ee3-9d02-f2c5f65b0ce7" />
    <UnitTestResult executionId="864eba33-e60d-4583-a0be-73d767373238" testId="024784a1-192b-373c-10ca-fd93c6753e78" testName="WhenEncodedMessageMustBeDecoded_ShouldDecodeToTheSameValue" computerName="DESKTOP-I52018A" duration="00:00:00.1515817" startTime="2026-09-06T18:46:12.2572063+02:00" endTime="2026-09-06T18:46:12.4088976+02:00" testType="13cdc9d9-ddb5-4fa4-a97d-d965ccfc6d4b" outcome="Passed" testListId="8c84fa94-04c1-424b-9868-57a2d4851a1d" relativeResultsDirectory="864eba33-e60d-4583-a0be-73d767373238" />
    <UnitTestResult executionId="be99dec8-d8d3-4424-ad9c-e20ed64ea3bf" testId="8e2e9b55-8cf8-64e2-a6bc-ca1d2c4aed9a" testName="DescSchema_ShouldHaveConsistentColumnTypes" computerName="DESKTOP-I52018A" duration="00:00:00.0279173" startTime="2026-09-06T18:46:10.9919770+02:00" endTime="2026-09-06T18:46:11.0200003+02:00" testType="13cdc9d9-ddb5-4fa4-a97d-d965ccfc6d4b" outcome="Passed" testListId="8c84fa94-04c1-424b-9868-57a2d4851a1d" relativeResultsDirectory="be99dec8-d8d3-4424-ad9c-e20ed64ea3bf" />
    <UnitTestResult executionId="697d8286-2c9b-471f-bde4-12c303366280" testId="c17f7be6-66e9-fcca-dc1a-e1bde17e28c0" testName="EveryConcreteCANConstructor_HasOneExactStarContract" computerName="DESKTOP-I52018A" duration="00:00:00.4252163" startTime="2026-09-06T18:46:11.0833572+02:00" endTime="2026-09-06T18:46:11.5087036+02:00" testType="13cdc9d9-ddb5-4fa4-a97d-d965ccfc6d4b" outcome="Passed" testListId="8c84fa94-04c1-424b-9868-57a2d4851a1d" relativeResultsDirectory="697d8286-2c9b-471f-bde4-12c303366280" />
    <UnitTestResult executionId="e872db96-4efa-4888-a13b-4db410c2a77b" testId="b0ece696-a236-e558-83c2-51abe91bb456" testName="MessagesRows_WhenPredicateIsAccepted_EmitsFilteredRows" computerName="DESKTOP-I52018A" duration="00:00:00.0062179" startTime="2026-09-06T18:46:09.4527466+02:00" endTime="2026-09-06T18:46:09.4590840+02:00" testType="13cdc9d9-ddb5-4fa4-a97d-d965ccfc6d4b" outcome="Passed" testListId="8c84fa94-04c1-424b-9868-57a2d4851a1d" relativeResultsDirectory="e872db96-4efa-4888-a13b-4db410c2a77b" />
    <UnitTestResult executionId="ce51de65-7d67-42b1-bb88-4bf710482862" testId="708d82f1-9bf0-2aaf-0fa0-bddf0309526f" testName="WhenNeedToRetrieveCanMessagesOlderThan_ShouldSucceed" computerName="DESKTOP-I52018A" duration="00:00:00.0901340" startTime="2026-09-06T18:46:13.2970427+02:00" endTime="2026-09-06T18:46:13.3872915+02:00" testType="13cdc9d9-ddb5-4fa4-a97d-d965ccfc6d4b" outcome="Passed" testListId="8c84fa94-04c1-424b-9868-57a2d4851a1d" relativeResultsDirectory="ce51de65-7d67-42b1-bb88-4bf710482862" />
    <UnitTestResult executionId="6cbb38d9-90da-4b52-bb70-ddd42326aee9" testId="a185e74c-9fa9-0467-4598-9c96640928fa" testName="WhenNeedToRetrieveCanMessagesYoungerThan_ShouldSucceed" computerName="DESKTOP-I52018A" duration="00:00:00.1006629" startTime="2026-09-06T18:46:13.1962063+02:00" endTime="2026-09-06T18:46:13.2969914+02:00" testType="13cdc9d9-ddb5-4fa4-a97d-d965ccfc6d4b" outcome="Passed" testListId="8c84fa94-04c1-424b-9868-57a2d4851a1d" relativeResultsDirectory="6cbb38d9-90da-4b52-bb70-ddd42326aee9" />
    <UnitTestResult executionId="692ec91e-3b3e-45c7-9e37-86e26a401878" testId="dd635973-2e8f-06cc-9ca9-aa62fe7baae0" testName="WhenDlcIsMissing_ShouldSucceed" computerName="DESKTOP-I52018A" duration="00:00:00.0488858" startTime="2026-09-06T18:46:13.3873468+02:00" endTime="2026-09-06T18:46:13.4363434+02:00" testType="13cdc9d9-ddb5-4fa4-a97d-d965ccfc6d4b" outcome="Passed" testListId="8c84fa94-04c1-424b-9868-57a2d4851a1d" relativeResultsDirectory="692ec91e-3b3e-45c7-9e37-86e26a401878" />
    <UnitTestResult executionId="49b0eb48-85c1-4f65-b7ff-727c814ce565" testId="ace6d8e3-aa4c-bb01-e991-b9f1707417ef" testName="WhenDataRetrieve_ShouldSuccess" computerName="DESKTOP-I52018A" duration="00:00:00.0562655" startTime="2026-09-06T18:46:12.8678972+02:00" endTime="2026-09-06T18:46:12.9242697+02:00" testType="13cdc9d9-ddb5-4fa4-a97d-d965ccfc6d4b" outcome="Passed" testListId="8c84fa94-04c1-424b-9868-57a2d4851a1d" relativeResultsDirectory="49b0eb48-85c1-4f65-b7ff-727c814ce565" />
  </Results>
  <TestDefinitions>
    <UnitTest name="DescSeparatedValues_ShouldReturnAllOverloads" storage="d:\repos\musoq.datasources\musoq.datasources.canbus.tests\bin\release\net10.0\musoq.datasources.canbus.tests.dll" id="a84dbfdf-7b89-06e4-7cd3-ea82080ae70a">
      <Execution id="049ca9b8-47cf-470c-89d3-60f7825036ff" />
      <TestMethod codeBase="D:\repos\Musoq.DataSources\Musoq.DataSources.CANBus.Tests\bin\Release\net10.0\Musoq.DataSources.CANBus.Tests.dll" adapterTypeName="executor://mstestadapter/v2" className="Musoq.DataSources.CANBus.Tests.CANBusSchemaDescribeTests" name="DescSeparatedValues_ShouldReturnAllOverloads" />
    </UnitTest>
    <UnitTest name="TryPlanSource_WhenSeparatedValuesDlcPredicateIsRequested_AcceptsPredicate" storage="d:\repos\musoq.datasources\musoq.datasources.canbus.tests\bin\release\net10.0\musoq.datasources.canbus.tests.dll" id="35932410-3683-58b3-7006-0fc434826e92">
      <Execution id="b6b97955-0439-47d1-87c3-b1602306d203" />
      <TestMethod codeBase="D:\repos\Musoq.DataSources\Musoq.DataSources.CANBus.Tests\bin\Release\net10.0\Musoq.DataSources.CANBus.Tests.dll" adapterTypeName="executor://mstestadapter/v2" className="Musoq.DataSources.CANBus.Tests.CANBusRuntimeV2ProjectionTests" name="TryPlanSource_WhenSeparatedValuesDlcPredicateIsRequested_AcceptsPredicate" />
    </UnitTest>
    <UnitTest name="TryPlanSource_WhenSeparatedValuesBaseColumnsOnlyArePresent_DoesNotAcceptProjection" storage="d:\repos\musoq.datasources\musoq.datasources.canbus.tests\bin\release\net10.0\musoq.datasources.canbus.tests.dll" id="2197cff4-cea7-d01e-a6c4-1a4f1972f530">
      <Execution id="cd970d6f-48ce-4546-b534-324e98fcc14e" />
      <TestMethod codeBase="D:\repos\Musoq.DataSources\Musoq.DataSources.CANBus.Tests\bin\Release\net10.0\Musoq.DataSources.CANBus.Tests.dll" adapterTypeName="executor://mstestadapter/v2" className="Musoq.DataSources.CANBus.Tests.CANBusRuntimeV2ProjectionTests" name="TryPlanSource_WhenSeparatedValuesBaseColumnsOnlyArePresent_DoesNotAcceptProjection" />
    </UnitTest>
    <UnitTest name="SignalsRows_WhenPredicateIsAccepted_EmitsFilteredRows" storage="d:\repos\musoq.datasources\musoq.datasources.canbus.tests\bin\release\net10.0\musoq.datasources.canbus.tests.dll" id="a9fe3cd6-e669-b6aa-eee4-eedae1484039">
      <Execution id="26bca45c-505b-4456-8e46-0729fa039478" />
      <TestMethod codeBase="D:\repos\Musoq.DataSources\Musoq.DataSources.CANBus.Tests\bin\Release\net10.0\Musoq.DataSources.CANBus.Tests.dll" adapterTypeName="executor://mstestadapter/v2" className="Musoq.DataSources.CANBus.Tests.CANBusRuntimeV2ProjectionTests" name="SignalsRows_WhenPredicateIsAccepted_EmitsFilteredRows" />
    </UnitTest>
    <UnitTest name="DescSchema_ShouldHaveConsistentColumnTypes" storage="d:\repos\musoq.datasources\musoq.datasources.canbus.tests\bin\release\net10.0\musoq.datasources.canbus.tests.dll" id="8e2e9b55-8cf8-64e2-a6bc-ca1d2c4aed9a">
      <Execution id="be99dec8-d8d3-4424-ad9c-e20ed64ea3bf" />
      <TestMethod codeBase="D:\repos\Musoq.DataSources\Musoq.DataSources.CANBus.Tests\bin\Release\net10.0\Musoq.DataSources.CANBus.Tests.dll" adapterTypeName="executor://mstestadapter/v2" className="Musoq.DataSources.CANBus.Tests.CANBusSchemaDescribeTests" name="DescSchema_ShouldHaveConsistentColumnTypes" />
    </UnitTest>
    <UnitTest name="WhenVehicleSpeedIsEncodedWithBigEndian_ShouldSucceed" storage="d:\repos\musoq.datasources\musoq.datasources.canbus.tests\bin\release\net10.0\musoq.datasources.canbus.tests.dll" id="887addcd-1f1f-5a9e-ed77-560cf9849482">
      <Execution id="739b18e9-353c-4fbc-b34b-16660c6379a1" />
      <TestMethod codeBase="D:\repos\Musoq.DataSources\Musoq.DataSources.CANBus.Tests\bin\Release\net10.0\Musoq.DataSources.CANBus.Tests.dll" adapterTypeName="executor://mstestadapter/v2" className="Musoq.DataSources.CANBus.Tests.SeparatedValuesTests" name="WhenVehicleSpeedIsEncodedWithBigEndian_ShouldSucceed" />
    </UnitTest>
    <UnitTest name="TryPlanSource_WhenTypedCanTablesRequiredColumnsArePresent_DoesNotAcceptProjection" storage="d:\repos\musoq.datasources\musoq.datasources.canbus.tests\bin\release\net10.0\musoq.datasources.canbus.tests.dll" id="2810447a-174a-6166-a9a2-3bfd5cac61ae">
      <Execution id="184b0b32-5bfd-4df7-81b6-725785438b55" />
      <TestMethod codeBase="D:\repos\Musoq.DataSources\Musoq.DataSources.CANBus.Tests\bin\Release\net10.0\Musoq.DataSources.CANBus.Tests.dll" adapterTypeName="executor://mstestadapter/v2" className="Musoq.DataSources.CANBus.Tests.CANBusRuntimeV2ProjectionTests" name="TryPlanSource_WhenTypedCanTablesRequiredColumnsArePresent_DoesNotAcceptProjection" />
    </UnitTest>
    <UnitTest name="DescSchema_ShouldListAllAvailableMethods" storage="d:\repos\musoq.datasources\musoq.datasources.canbus.tests\bin\release\net10.0\musoq.datasources.canbus.tests.dll" id="c75b6041-fb30-e634-0855-8a68e1f317ee">
      <Execution id="3142af5e-ea93-4d8b-b81f-489a7d3e4dc2" />
      <TestMethod codeBase="D:\repos\Musoq.DataSources\Musoq.DataSources.CANBus.Tests\bin\Release\net10.0\Musoq.DataSources.CANBus.Tests.dll" adapterTypeName="executor://mstestadapter/v2" className="Musoq.DataSources.CANBus.Tests.CANBusSchemaDescribeTests" name="DescSchema_ShouldListAllAvailableMethods" />
    </UnitTest>
    <UnitTest name="WhenDataRetrieve_ShouldSuccess" storage="d:\repos\musoq.datasources\musoq.datasources.canbus.tests\bin\release\net10.0\musoq.datasources.canbus.tests.dll" id="ace6d8e3-aa4c-bb01-e991-b9f1707417ef">
      <Execution id="49b0eb48-85c1-4f65-b7ff-727c814ce565" />
      <TestMethod codeBase="D:\repos\Musoq.DataSources\Musoq.DataSources.CANBus.Tests\bin\Release\net10.0\Musoq.DataSources.CANBus.Tests.dll" adapterTypeName="executor://mstestadapter/v2" className="Musoq.DataSources.CANBus.Tests.SeparatedValuesTests" name="WhenDataRetrieve_ShouldSuccess" />
    </UnitTest>
    <UnitTest name="WhenEncodedMessageMustBeDecoded_ShouldDecodeToTheSameValue" storage="d:\repos\musoq.datasources\musoq.datasources.canbus.tests\bin\release\net10.0\musoq.datasources.canbus.tests.dll" id="024784a1-192b-373c-10ca-fd93c6753e78">
      <Execution id="864eba33-e60d-4583-a0be-73d767373238" />
      <TestMethod codeBase="D:\repos\Musoq.DataSources\Musoq.DataSources.CANBus.Tests\bin\Release\net10.0\Musoq.DataSources.CANBus.Tests.dll" adapterTypeName="executor://mstestadapter/v2" className="Musoq.DataSources.CANBus.Tests.MessagesOrSignalsTests" name="WhenEncodedMessageMustBeDecoded_ShouldDecodeToTheSameValue" />
    </UnitTest>
    <UnitTest name="TryPlanSource_WhenSignalsIdentityPredicateIsRequested_AcceptsPredicateOnly" storage="d:\repos\musoq.datasources\musoq.datasources.canbus.tests\bin\release\net10.0\musoq.datasources.canbus.tests.dll" id="f72f2f4f-8473-fd49-ec48-4af903bbba42">
      <Execution id="12117c5c-681f-4c2f-a9bd-e0f153e1eddb" />
      <TestMethod codeBase="D:\repos\Musoq.DataSources\Musoq.DataSources.CANBus.Tests\bin\Release\net10.0\Musoq.DataSources.CANBus.Tests.dll" adapterTypeName="executor://mstestadapter/v2" className="Musoq.DataSources.CANBus.Tests.CANBusRuntimeV2ProjectionTests" name="TryPlanSource_WhenSignalsIdentityPredicateIsRequested_AcceptsPredicateOnly" />
    </UnitTest>
    <UnitTest name="DescMessagesWithArgs_ShouldReturnTableSchema" storage="d:\repos\musoq.datasources\musoq.datasources.canbus.tests\bin\release\net10.0\musoq.datasources.canbus.tests.dll" id="96a8578b-0618-9b90-c8bb-bf746d5e57a2">
      <Execution id="3529be9a-de83-45f7-8853-44fc67fbe0fb" />
      <TestMethod codeBase="D:\repos\Musoq.DataSources\Musoq.DataSources.CANBus.Tests\bin\Release\net10.0\Musoq.DataSources.CANBus.Tests.dll" adapterTypeName="executor://mstestadapter/v2" className="Musoq.DataSources.CANBus.Tests.CANBusSchemaDescribeTests" name="DescMessagesWithArgs_ShouldReturnTableSchema" />
    </UnitTest>
    <UnitTest name="TryPlanSource_WhenSeparatedValuesDynamicRequiredColumnsAndFramePredicateArePresent_AcceptsProjectionAndPredicate" storage="d:\repos\musoq.datasources\musoq.datasources.canbus.tests\bin\release\net10.0\musoq.datasources.canbus.tests.dll" id="315c029c-c0a5-4afd-19f1-74cedad15874">
      <Execution id="91610892-c29f-4246-a05c-162aa5388c3b" />
      <TestMethod codeBase="D:\repos\Musoq.DataSources\Musoq.DataSources.CANBus.Tests\bin\Release\net10.0\Musoq.DataSources.CANBus.Tests.dll" adapterTypeName="executor://mstestadapter/v2" className="Musoq.DataSources.CANBus.Tests.CANBusRuntimeV2ProjectionTests" name="TryPlanSource_WhenSeparatedValuesDynamicRequiredColumnsAndFramePredicateArePresent_AcceptsProjectionAndPredicate" />
    </UnitTest>
    <UnitTest name="DescMessages_ShouldReturnMethodSignature" storage="d:\repos\musoq.datasources\musoq.datasources.canbus.tests\bin\release\net10.0\musoq.datasources.canbus.tests.dll" id="f3ccbb17-ca87-2603-3fa1-060e9a12b2b7">
      <Execution id="01191dcd-71cd-4771-8543-61660a410868" />
      <TestMethod codeBase="D:\repos\Musoq.DataSources\Musoq.DataSources.CANBus.Tests\bin\Release\net10.0\Musoq.DataSources.CANBus.Tests.dll" adapterTypeName="executor://mstestadapter/v2" className="Musoq.DataSources.CANBus.Tests.CANBusSchemaDescribeTests" name="DescMessages_ShouldReturnMethodSignature" />
    </UnitTest>
    <UnitTest name="TryPlanSource_WhenMessagesIdentityPredicateIsRequested_AcceptsPredicateOnly" storage="d:\repos\musoq.datasources\musoq.datasources.canbus.tests\bin\release\net10.0\musoq.datasources.canbus.tests.dll" id="2efa22a8-0cae-82c4-4f12-0248d183a6e2">
      <Execution id="d9bb4e6c-7cc8-4f9f-b6a1-58143d55ae2a" />
      <TestMethod codeBase="D:\repos\Musoq.DataSources\Musoq.DataSources.CANBus.Tests\bin\Release\net10.0\Musoq.DataSources.CANBus.Tests.dll" adapterTypeName="executor://mstestadapter/v2" className="Musoq.DataSources.CANBus.Tests.CANBusRuntimeV2ProjectionTests" name="TryPlanSource_WhenMessagesIdentityPredicateIsRequested_AcceptsPredicateOnly" />
    </UnitTest>
    <UnitTest name="DescUnknownMethod_ShouldThrowException" storage="d:\repos\musoq.datasources\musoq.datasources.canbus.tests\bin\release\net10.0\musoq.datasources.canbus.tests.dll" id="cdd2a725-e924-205b-c098-abce944b9295">
      <Execution id="61340134-1552-48d4-892c-0c5a569d7460" />
      <TestMethod codeBase="D:\repos\Musoq.DataSources\Musoq.DataSources.CANBus.Tests\bin\Release\net10.0\Musoq.DataSources.CANBus.Tests.dll" adapterTypeName="executor://mstestadapter/v2" className="Musoq.DataSources.CANBus.Tests.CANBusSchemaDescribeTests" name="DescUnknownMethod_ShouldThrowException" />
    </UnitTest>
    <UnitTest name="WhenOnlyExhaustSystemPropertiesMustBeUsed_ShouldFilterToOnlyExhaustSystem" storage="d:\repos\musoq.datasources\musoq.datasources.canbus.tests\bin\release\net10.0\musoq.datasources.canbus.tests.dll" id="e41a61e6-55ac-9ef7-aa21-1fb80a09b059">
      <Execution id="1de86b7a-bab1-449d-bff9-f7fa6ee4252d" />
      <TestMethod codeBase="D:\repos\Musoq.DataSources\Musoq.DataSources.CANBus.Tests\bin\Release\net10.0\Musoq.DataSources.CANBus.Tests.dll" adapterTypeName="executor://mstestadapter/v2" className="Musoq.DataSources.CANBus.Tests.SeparatedValuesTests" name="WhenOnlyExhaustSystemPropertiesMustBeUsed_ShouldFilterToOnlyExhaustSystem" />
    </UnitTest>
    <UnitTest name="WhenAllBaseColumnsAreAccessedForCsvFile_ShouldAllowAccessToAllColumns" storage="d:\repos\musoq.datasources\musoq.datasources.canbus.tests\bin\release\net10.0\musoq.datasources.canbus.tests.dll" id="4fe1c43c-7d5c-07aa-31e2-b4523836379a">
      <Execution id="67800bdc-edf7-4931-8bd4-32c35ad570fd" />
      <TestMethod codeBase="D:\repos\Musoq.DataSources\Musoq.DataSources.CANBus.Tests\bin\Release\net10.0\Musoq.DataSources.CANBus.Tests.dll" adapterTypeName="executor://mstestadapter/v2" className="Musoq.DataSources.CANBus.Tests.SeparatedValuesTests" name="WhenAllBaseColumnsAreAccessedForCsvFile_ShouldAllowAccessToAllColumns" />
    </UnitTest>
    <UnitTest name="WhenDbcFileHasUnnecessarySpaceBeforeTheSemicolon_AndSignalsToRetrieve_ShouldSuccess" storage="d:\repos\musoq.datasources\musoq.datasources.canbus.tests\bin\release\net10.0\musoq.datasources.canbus.tests.dll" id="844f480c-e67a-2e30-9312-d192320b8275">
      <Execution id="02633931-0ba4-4bd7-adeb-1953b91593b4" />
      <TestMethod codeBase="D:\repos\Musoq.DataSources\Musoq.DataSources.CANBus.Tests\bin\Release\net10.0\Musoq.DataSources.CANBus.Tests.dll" adapterTypeName="executor://mstestadapter/v2" className="Musoq.DataSources.CANBus.Tests.MessagesOrSignalsTests" name="WhenDbcFileHasUnnecessarySpaceBeforeTheSemicolon_AndSignalsToRetrieve_ShouldSuccess" />
    </UnitTest>
    <UnitTest name="WhenDbcSignalsOverlaps_S2InsideS1_ShouldDetectIt" storage="d:\repos\musoq.datasources\musoq.datasources.canbus.tests\bin\release\net10.0\musoq.datasources.canbus.tests.dll" id="8632efcd-a1d5-5674-4d7e-7ba05279e40e">
      <Execution id="c32cbc3e-98c7-475b-aa5a-252df4c60f41" />
      <TestMethod codeBase="D:\repos\Musoq.DataSources\Musoq.DataSources.CANBus.Tests\bin\Release\net10.0\Musoq.DataSources.CANBus.Tests.dll" adapterTypeName="executor://mstestadapter/v2" className="Musoq.DataSources.CANBus.Tests.MessagesOrSignalsTests" name="WhenDbcSignalsOverlaps_S2InsideS1_ShouldDetectIt" />
    </UnitTest>
    <UnitTest name="WhenMessageIsUnknownAndUnknownColumnAccessed_ShouldReturnNull" storage="d:\repos\musoq.datasources\musoq.datasources.canbus.tests\bin\release\net10.0\musoq.datasources.canbus.tests.dll" id="742deaa7-60be-cb58-c255-60b75bd0006c">
      <Execution id="21f11fa8-5eff-4c7b-9a5d-7e30d6bb6c54" />
      <TestMethod codeBase="D:\repos\Musoq.DataSources\Musoq.DataSources.CANBus.Tests\bin\Release\net10.0\Musoq.DataSources.CANBus.Tests.dll" adapterTypeName="executor://mstestadapter/v2" className="Musoq.DataSources.CANBus.Tests.SeparatedValuesTests" name="WhenMessageIsUnknownAndUnknownColumnAccessed_ShouldReturnNull" />
    </UnitTest>
    <UnitTest name="WhenDescMessages_ShouldSucceed" storage="d:\repos\musoq.datasources\musoq.datasources.canbus.tests\bin\release\net10.0\musoq.datasources.canbus.tests.dll" id="25d96002-e763-ec46-08e3-4378575437f9">
      <Execution id="37aaa790-957d-41ac-bb74-dbcdce540eac" />
      <TestMethod codeBase="D:\repos\Musoq.DataSources\Musoq.DataSources.CANBus.Tests\bin\Release\net10.0\Musoq.DataSources.CANBus.Tests.dll" adapterTypeName="executor://mstestadapter/v2" className="Musoq.DataSources.CANBus.Tests.MessagesOrSignalsTests" name="WhenDescMessages_ShouldSucceed" />
    </UnitTest>
    <UnitTest name="WhenNeedToRetrieveCanMessagesYoungerThan_ShouldSucceed" storage="d:\repos\musoq.datasources\musoq.datasources.canbus.tests\bin\release\net10.0\musoq.datasources.canbus.tests.dll" id="a185e74c-9fa9-0467-4598-9c96640928fa">
      <Execution id="6cbb38d9-90da-4b52-bb70-ddd42326aee9" />
      <TestMethod codeBase="D:\repos\Musoq.DataSources\Musoq.DataSources.CANBus.Tests\bin\Release\net10.0\Musoq.DataSources.CANBus.Tests.dll" adapterTypeName="executor://mstestadapter/v2" className="Musoq.DataSources.CANBus.Tests.SeparatedValuesTests" name="WhenNeedToRetrieveCanMessagesYoungerThan_ShouldSucceed" />
    </UnitTest>
    <UnitTest name="MessageFrameObjectRows_WhenProjectionIsAccepted_OutputsOnlyAcceptedColumns" storage="d:\repos\musoq.datasources\musoq.datasources.canbus.tests\bin\release\net10.0\musoq.datasources.canbus.tests.dll" id="65e9f10e-c109-d9d8-409a-9d529bff7ffc">
      <Execution id="5e130805-48cb-4bf5-8804-c5baaa39b59e" />
      <TestMethod codeBase="D:\repos\Musoq.DataSources\Musoq.DataSources.CANBus.Tests\bin\Release\net10.0\Musoq.DataSources.CANBus.Tests.dll" adapterTypeName="executor://mstestadapter/v2" className="Musoq.DataSources.CANBus.Tests.CANBusRuntimeV2ProjectionTests" name="MessageFrameObjectRows_WhenProjectionIsAccepted_OutputsOnlyAcceptedColumns" />
    </UnitTest>
    <UnitTest name="WhenDbcFileSignalsDoesNotOverlap_ShouldSucceed" storage="d:\repos\musoq.datasources\musoq.datasources.canbus.tests\bin\release\net10.0\musoq.datasources.canbus.tests.dll" id="b4dad614-f2c7-4aee-9797-065ce40245ad">
      <Execution id="524d358d-2d32-4971-944e-6e4ee1cad2d3" />
      <TestMethod codeBase="D:\repos\Musoq.DataSources\Musoq.DataSources.CANBus.Tests\bin\Release\net10.0\Musoq.DataSources.CANBus.Tests.dll" adapterTypeName="executor://mstestadapter/v2" className="Musoq.DataSources.CANBus.Tests.MessagesOrSignalsTests" name="WhenDbcFileSignalsDoesNotOverlap_ShouldSucceed" />
    </UnitTest>
    <UnitTest name="WhenAllMessageColumnsAccessed_ShouldReturnValues" storage="d:\repos\musoq.datasources\musoq.datasources.canbus.tests\bin\release\net10.0\musoq.datasources.canbus.tests.dll" id="f14695d2-bb43-c265-36e6-15b2a40021d2">
      <Execution id="e85861c5-1668-45f0-92a9-49e42bf33c8e" />
      <TestMethod codeBase="D:\repos\Musoq.DataSources\Musoq.DataSources.CANBus.Tests\bin\Release\net10.0\Musoq.DataSources.CANBus.Tests.dll" adapterTypeName="executor://mstestadapter/v2" className="Musoq.DataSources.CANBus.Tests.MessagesOrSignalsTests" name="WhenAllMessageColumnsAccessed_ShouldReturnValues" />
    </UnitTest>
    <UnitTest name="WhenVehicleSpeedHasCertainValue_ShouldSucceed" storage="d:\repos\musoq.datasources\musoq.datasources.canbus.tests\bin\release\net10.0\musoq.datasources.canbus.tests.dll" id="67b63764-4e68-7b8f-3daf-b4732cd8e2cc">
      <Execution id="760e1167-4594-40de-aaed-884c9f413e6b" />
      <TestMethod codeBase="D:\repos\Musoq.DataSources\Musoq.DataSources.CANBus.Tests\bin\Release\net10.0\Musoq.DataSources.CANBus.Tests.dll" adapterTypeName="executor://mstestadapter/v2" className="Musoq.DataSources.CANBus.Tests.SeparatedValuesTests" name="WhenVehicleSpeedHasCertainValue_ShouldSucceed" />
    </UnitTest>
    <UnitTest name="WhenIsTurnedOnEncodedWithLittleEndian_ShouldSucceed" storage="d:\repos\musoq.datasources\musoq.datasources.canbus.tests\bin\release\net10.0\musoq.datasources.canbus.tests.dll" id="ef7b411b-a0ec-a194-cb25-1805a887e464">
      <Execution id="7e3866c4-e93a-493e-84c8-13ed3e8e0a4b" />
      <TestMethod codeBase="D:\repos\Musoq.DataSources\Musoq.DataSources.CANBus.Tests\bin\Release\net10.0\Musoq.DataSources.CANBus.Tests.dll" adapterTypeName="executor://mstestadapter/v2" className="Musoq.DataSources.CANBus.Tests.SeparatedValuesTests" name="WhenIsTurnedOnEncodedWithLittleEndian_ShouldSucceed" />
    </UnitTest>
    <UnitTest name="WhenMessagesCrossAppliedWithSignals_ShouldPass" storage="d:\repos\musoq.datasources\musoq.datasources.canbus.tests\bin\release\net10.0\musoq.datasources.canbus.tests.dll" id="9cbd16b9-87f6-307e-f352-61ae95720054">
      <Execution id="3881b615-70f5-4d4d-8e1b-1ac2eda8bcbf" />
      <TestMethod codeBase="D:\repos\Musoq.DataSources\Musoq.DataSources.CANBus.Tests\bin\Release\net10.0\Musoq.DataSources.CANBus.Tests.dll" adapterTypeName="executor://mstestadapter/v2" className="Musoq.DataSources.CANBus.Tests.MessagesOrSignalsTests" name="WhenMessagesCrossAppliedWithSignals_ShouldPass" />
    </UnitTest>
    <UnitTest name="DescSignals_ShouldReturnMethodSignature" storage="d:\repos\musoq.datasources\musoq.datasources.canbus.tests\bin\release\net10.0\musoq.datasources.canbus.tests.dll" id="791f2e93-79a6-9f71-e159-f4044b3e938a">
      <Execution id="78358e16-4818-4ee3-9d02-f2c5f65b0ce7" />
      <TestMethod codeBase="D:\repos\Musoq.DataSources\Musoq.DataSources.CANBus.Tests\bin\Release\net10.0\Musoq.DataSources.CANBus.Tests.dll" adapterTypeName="executor://mstestadapter/v2" className="Musoq.DataSources.CANBus.Tests.CANBusSchemaDescribeTests" name="DescSignals_ShouldReturnMethodSignature" />
    </UnitTest>
    <UnitTest name="WhenMessageIsUnknown_ShouldBeAvailable" storage="d:\repos\musoq.datasources\musoq.datasources.canbus.tests\bin\release\net10.0\musoq.datasources.canbus.tests.dll" id="9a712b1b-ca4b-2c59-0a49-1277cf881a73">
      <Execution id="f10463f7-85a4-40e9-b2e1-785b771cee3e" />
      <TestMethod codeBase="D:\repos\Musoq.DataSources\Musoq.DataSources.CANBus.Tests\bin\Release\net10.0\Musoq.DataSources.CANBus.Tests.dll" adapterTypeName="executor://mstestadapter/v2" className="Musoq.DataSources.CANBus.Tests.SeparatedValuesTests" name="WhenMessageIsUnknown_ShouldBeAvailable" />
    </UnitTest>
    <UnitTest name="WhenHexValuesInIdUsed_ShouldSuccess" storage="d:\repos\musoq.datasources\musoq.datasources.canbus.tests\bin\release\net10.0\musoq.datasources.canbus.tests.dll" id="050bc372-0f40-1b76-063e-82463502ac7c">
      <Execution id="09a035b9-d5a5-4876-ac98-0a9b2956ce43" />
      <TestMethod codeBase="D:\repos\Musoq.DataSources\Musoq.DataSources.CANBus.Tests\bin\Release\net10.0\Musoq.DataSources.CANBus.Tests.dll" adapterTypeName="executor://mstestadapter/v2" className="Musoq.DataSources.CANBus.Tests.SeparatedValuesTests" name="WhenHexValuesInIdUsed_ShouldSuccess" />
    </UnitTest>
    <UnitTest name="EveryConcreteCANConstructor_HasOneExactStarContract" storage="d:\repos\musoq.datasources\musoq.datasources.canbus.tests\bin\release\net10.0\musoq.datasources.canbus.tests.dll" id="c17f7be6-66e9-fcca-dc1a-e1bde17e28c0">
      <Execution id="697d8286-2c9b-471f-bde4-12c303366280" />
      <TestMethod codeBase="D:\repos\Musoq.DataSources\Musoq.DataSources.CANBus.Tests\bin\Release\net10.0\Musoq.DataSources.CANBus.Tests.dll" adapterTypeName="executor://mstestadapter/v2" className="Musoq.DataSources.CANBus.Tests.CANBusStarContractTests" name="EveryConcreteCANConstructor_HasOneExactStarContract" />
    </UnitTest>
    <UnitTest name="WhenDbcFileHasUnnecessarySpaceBeforeTheSemicolon_AndMessagesToRetrieve_ShouldSuccess" storage="d:\repos\musoq.datasources\musoq.datasources.canbus.tests\bin\release\net10.0\musoq.datasources.canbus.tests.dll" id="88938d23-a883-f4de-1231-0557185a630e">
      <Execution id="129549ca-5c8f-4363-9d52-8119f12e03d7" />
      <TestMethod codeBase="D:\repos\Musoq.DataSources\Musoq.DataSources.CANBus.Tests\bin\Release\net10.0\Musoq.DataSources.CANBus.Tests.dll" adapterTypeName="executor://mstestadapter/v2" className="Musoq.DataSources.CANBus.Tests.MessagesOrSignalsTests" name="WhenDbcFileHasUnnecessarySpaceBeforeTheSemicolon_AndMessagesToRetrieve_ShouldSuccess" />
    </UnitTest>
    <UnitTest name="WhenVehicleHasIdAndSpeedOfCertainValue_ShouldSucceed" storage="d:\repos\musoq.datasources\musoq.datasources.canbus.tests\bin\release\net10.0\musoq.datasources.canbus.tests.dll" id="49511076-21c1-1cb2-c771-6ec1d8f3bf35">
      <Execution id="46e78ebf-8857-4b26-b99c-50585ee38eb1" />
      <TestMethod codeBase="D:\repos\Musoq.DataSources\Musoq.DataSources.CANBus.Tests\bin\Release\net10.0\Musoq.DataSources.CANBus.Tests.dll" adapterTypeName="executor://mstestadapter/v2" className="Musoq.DataSources.CANBus.Tests.SeparatedValuesTests" name="WhenVehicleHasIdAndSpeedOfCertainValue_ShouldSucceed" />
    </UnitTest>
    <UnitTest name="MessageFrameObjectRows_WhenPredicateIsAccepted_EmitsFilteredRows" storage="d:\repos\musoq.datasources\musoq.datasources.canbus.tests\bin\release\net10.0\musoq.datasources.canbus.tests.dll" id="b9621d75-8820-031d-ea06-e5a104ff4afc">
      <Execution id="4a56f112-fc3f-4b86-a91a-bea22470feb7" />
      <TestMethod codeBase="D:\repos\Musoq.DataSources\Musoq.DataSources.CANBus.Tests\bin\Release\net10.0\Musoq.DataSources.CANBus.Tests.dll" adapterTypeName="executor://mstestadapter/v2" className="Musoq.DataSources.CANBus.Tests.CANBusRuntimeV2ProjectionTests" name="MessageFrameObjectRows_WhenPredicateIsAccepted_EmitsFilteredRows" />
    </UnitTest>
    <UnitTest name="WhenDescSignals_ShouldSucceed" storage="d:\repos\musoq.datasources\musoq.datasources.canbus.tests\bin\release\net10.0\musoq.datasources.canbus.tests.dll" id="3e3b1ca5-da61-a6b0-8ea8-25ccae85e4c9">
      <Execution id="df6b6d26-acff-4ffe-a1d0-c5c7b09e8a8d" />
      <TestMethod codeBase="D:\repos\Musoq.DataSources\Musoq.DataSources.CANBus.Tests\bin\Release\net10.0\Musoq.DataSources.CANBus.Tests.dll" adapterTypeName="executor://mstestadapter/v2" className="Musoq.DataSources.CANBus.Tests.MessagesOrSignalsTests" name="WhenDescSignals_ShouldSucceed" />
    </UnitTest>
    <UnitTest name="TryPlanSource_WhenSeparatedValuesDynamicSignalPredicateIsRequested_LeavesPredicateResidual" storage="d:\repos\musoq.datasources\musoq.datasources.canbus.tests\bin\release\net10.0\musoq.datasources.canbus.tests.dll" id="6e0f1208-e9a8-1214-9ee0-3226ca9338b8">
      <Execution id="e5f6ad45-cccd-494f-92c1-4aa0aa8ce66d" />
      <TestMethod codeBase="D:\repos\Musoq.DataSources\Musoq.DataSources.CANBus.Tests\bin\Release\net10.0\Musoq.DataSources.CANBus.Tests.dll" adapterTypeName="executor://mstestadapter/v2" className="Musoq.DataSources.CANBus.Tests.CANBusRuntimeV2ProjectionTests" name="TryPlanSource_WhenSeparatedValuesDynamicSignalPredicateIsRequested_LeavesPredicateResidual" />
    </UnitTest>
    <UnitTest name="DescSignalsWithArgs_ShouldReturnTableSchema" storage="d:\repos\musoq.datasources\musoq.datasources.canbus.tests\bin\release\net10.0\musoq.datasources.canbus.tests.dll" id="867be7e2-bc3d-5878-735f-ec1bce619c99">
      <Execution id="b52d3308-600d-4da9-b285-6a346d605950" />
      <TestMethod codeBase="D:\repos\Musoq.DataSources\Musoq.DataSources.CANBus.Tests\bin\Release\net10.0\Musoq.DataSources.CANBus.Tests.dll" adapterTypeName="executor://mstestadapter/v2" className="Musoq.DataSources.CANBus.Tests.CANBusSchemaDescribeTests" name="DescSignalsWithArgs_ShouldReturnTableSchema" />
    </UnitTest>
    <UnitTest name="WhenNeedToRetrieveCanMessagesOlderThan_ShouldSucceed" storage="d:\repos\musoq.datasources\musoq.datasources.canbus.tests\bin\release\net10.0\musoq.datasources.canbus.tests.dll" id="708d82f1-9bf0-2aaf-0fa0-bddf0309526f">
      <Execution id="ce51de65-7d67-42b1-bb88-4bf710482862" />
      <TestMethod codeBase="D:\repos\Musoq.DataSources\Musoq.DataSources.CANBus.Tests\bin\Release\net10.0\Musoq.DataSources.CANBus.Tests.dll" adapterTypeName="executor://mstestadapter/v2" className="Musoq.DataSources.CANBus.Tests.SeparatedValuesTests" name="WhenNeedToRetrieveCanMessagesOlderThan_ShouldSucceed" />
    </UnitTest>
    <UnitTest name="WhenOnlyEnginePropertiesMustBeUsed_ShouldFilterToOnlyEngine" storage="d:\repos\musoq.datasources\musoq.datasources.canbus.tests\bin\release\net10.0\musoq.datasources.canbus.tests.dll" id="eb2ea991-6edf-0fe8-6754-4a0c7e300d87">
      <Execution id="e3c2f3e0-0ddc-4fc7-94ab-db10ade09bcd" />
      <TestMethod codeBase="D:\repos\Musoq.DataSources\Musoq.DataSources.CANBus.Tests\bin\Release\net10.0\Musoq.DataSources.CANBus.Tests.dll" adapterTypeName="executor://mstestadapter/v2" className="Musoq.DataSources.CANBus.Tests.SeparatedValuesTests" name="WhenOnlyEnginePropertiesMustBeUsed_ShouldFilterToOnlyEngine" />
    </UnitTest>
    <UnitTest name="MessagesRows_WhenPredicateIsAccepted_EmitsFilteredRows" storage="d:\repos\musoq.datasources\musoq.datasources.canbus.tests\bin\release\net10.0\musoq.datasources.canbus.tests.dll" id="b0ece696-a236-e558-83c2-51abe91bb456">
      <Execution id="e872db96-4efa-4888-a13b-4db410c2a77b" />
      <TestMethod codeBase="D:\repos\Musoq.DataSources\Musoq.DataSources.CANBus.Tests\bin\Release\net10.0\Musoq.DataSources.CANBus.Tests.dll" adapterTypeName="executor://mstestadapter/v2" className="Musoq.DataSources.CANBus.Tests.CANBusRuntimeV2ProjectionTests" name="MessagesRows_WhenPredicateIsAccepted_EmitsFilteredRows" />
    </UnitTest>
    <UnitTest name="WhenDlcIsMissing_ShouldSucceed" storage="d:\repos\musoq.datasources\musoq.datasources.canbus.tests\bin\release\net10.0\musoq.datasources.canbus.tests.dll" id="dd635973-2e8f-06cc-9ca9-aa62fe7baae0">
      <Execution id="692ec91e-3b3e-45c7-9e37-86e26a401878" />
      <TestMethod codeBase="D:\repos\Musoq.DataSources\Musoq.DataSources.CANBus.Tests\bin\Release\net10.0\Musoq.DataSources.CANBus.Tests.dll" adapterTypeName="executor://mstestadapter/v2" className="Musoq.DataSources.CANBus.Tests.SeparatedValuesTests" name="WhenDlcIsMissing_ShouldSucceed" />
    </UnitTest>
    <UnitTest name="SignalValueMap_IsCrossApplyAddressable" storage="d:\repos\musoq.datasources\musoq.datasources.canbus.tests\bin\release\net10.0\musoq.datasources.canbus.tests.dll" id="e126ad78-78f3-c1fb-9853-d889acbad6bb">
      <Execution id="3247db01-2bbd-4bda-9a23-c99974167a20" />
      <TestMethod codeBase="D:\repos\Musoq.DataSources\Musoq.DataSources.CANBus.Tests\bin\Release\net10.0\Musoq.DataSources.CANBus.Tests.dll" adapterTypeName="executor://mstestadapter/v2" className="Musoq.DataSources.CANBus.Tests.CANBusStarContractTests" name="SignalValueMap_IsCrossApplyAddressable" />
    </UnitTest>
    <UnitTest name="DescMessagesNoArgs_VsWithArgs_ShouldReturnDifferentResults" storage="d:\repos\musoq.datasources\musoq.datasources.canbus.tests\bin\release\net10.0\musoq.datasources.canbus.tests.dll" id="a08c3643-ca3d-cb78-2944-3041427dd6ab">
      <Execution id="4b4aa6b2-8987-4d4e-82b8-6c2d42140334" />
      <TestMethod codeBase="D:\repos\Musoq.DataSources\Musoq.DataSources.CANBus.Tests\bin\Release\net10.0\Musoq.DataSources.CANBus.Tests.dll" adapterTypeName="executor://mstestadapter/v2" className="Musoq.DataSources.CANBus.Tests.CANBusSchemaDescribeTests" name="DescMessagesNoArgs_VsWithArgs_ShouldReturnDifferentResults" />
    </UnitTest>
    <UnitTest name="WhenAllSignalColumnsAccessed_ShouldReturnValues" storage="d:\repos\musoq.datasources\musoq.datasources.canbus.tests\bin\release\net10.0\musoq.datasources.canbus.tests.dll" id="6ec392bd-e9c8-3a22-73a2-32c2977c4fa3">
      <Execution id="fc15a0b5-90c2-45c6-8952-bc3acc7bea5b" />
      <TestMethod codeBase="D:\repos\Musoq.DataSources\Musoq.DataSources.CANBus.Tests\bin\Release\net10.0\Musoq.DataSources.CANBus.Tests.dll" adapterTypeName="executor://mstestadapter/v2" className="Musoq.DataSources.CANBus.Tests.MessagesOrSignalsTests" name="WhenAllSignalColumnsAccessed_ShouldReturnValues" />
    </UnitTest>
    <UnitTest name="WhenSignalOrderRetrieved_ShouldSuccess" storage="d:\repos\musoq.datasources\musoq.datasources.canbus.tests\bin\release\net10.0\musoq.datasources.canbus.tests.dll" id="82201a07-0622-6b16-72ac-c8fc17464ada">
      <Execution id="ac97f8ac-ef29-49bc-b08f-2e81cc80a727" />
      <TestMethod codeBase="D:\repos\Musoq.DataSources\Musoq.DataSources.CANBus.Tests\bin\Release\net10.0\Musoq.DataSources.CANBus.Tests.dll" adapterTypeName="executor://mstestadapter/v2" className="Musoq.DataSources.CANBus.Tests.MessagesOrSignalsTests" name="WhenSignalOrderRetrieved_ShouldSuccess" />
    </UnitTest>
  </TestDefinitions>
  <TestEntries>
    <TestEntry testId="6ec392bd-e9c8-3a22-73a2-32c2977c4fa3" executionId="fc15a0b5-90c2-45c6-8952-bc3acc7bea5b" testListId="8c84fa94-04c1-424b-9868-57a2d4851a1d" />
    <TestEntry testId="8632efcd-a1d5-5674-4d7e-7ba05279e40e" executionId="c32cbc3e-98c7-475b-aa5a-252df4c60f41" testListId="8c84fa94-04c1-424b-9868-57a2d4851a1d" />
    <TestEntry testId="67b63764-4e68-7b8f-3daf-b4732cd8e2cc" executionId="760e1167-4594-40de-aaed-884c9f413e6b" testListId="8c84fa94-04c1-424b-9868-57a2d4851a1d" />
    <TestEntry testId="35932410-3683-58b3-7006-0fc434826e92" executionId="b6b97955-0439-47d1-87c3-b1602306d203" testListId="8c84fa94-04c1-424b-9868-57a2d4851a1d" />
    <TestEntry testId="b4dad614-f2c7-4aee-9797-065ce40245ad" executionId="524d358d-2d32-4971-944e-6e4ee1cad2d3" testListId="8c84fa94-04c1-424b-9868-57a2d4851a1d" />
    <TestEntry testId="f14695d2-bb43-c265-36e6-15b2a40021d2" executionId="e85861c5-1668-45f0-92a9-49e42bf33c8e" testListId="8c84fa94-04c1-424b-9868-57a2d4851a1d" />
    <TestEntry testId="82201a07-0622-6b16-72ac-c8fc17464ada" executionId="ac97f8ac-ef29-49bc-b08f-2e81cc80a727" testListId="8c84fa94-04c1-424b-9868-57a2d4851a1d" />
    <TestEntry testId="9a712b1b-ca4b-2c59-0a49-1277cf881a73" executionId="f10463f7-85a4-40e9-b2e1-785b771cee3e" testListId="8c84fa94-04c1-424b-9868-57a2d4851a1d" />
    <TestEntry testId="2efa22a8-0cae-82c4-4f12-0248d183a6e2" executionId="d9bb4e6c-7cc8-4f9f-b6a1-58143d55ae2a" testListId="8c84fa94-04c1-424b-9868-57a2d4851a1d" />
    <TestEntry testId="cdd2a725-e924-205b-c098-abce944b9295" executionId="61340134-1552-48d4-892c-0c5a569d7460" testListId="8c84fa94-04c1-424b-9868-57a2d4851a1d" />
    <TestEntry testId="a9fe3cd6-e669-b6aa-eee4-eedae1484039" executionId="26bca45c-505b-4456-8e46-0729fa039478" testListId="8c84fa94-04c1-424b-9868-57a2d4851a1d" />
    <TestEntry testId="96a8578b-0618-9b90-c8bb-bf746d5e57a2" executionId="3529be9a-de83-45f7-8853-44fc67fbe0fb" testListId="8c84fa94-04c1-424b-9868-57a2d4851a1d" />
    <TestEntry testId="315c029c-c0a5-4afd-19f1-74cedad15874" executionId="91610892-c29f-4246-a05c-162aa5388c3b" testListId="8c84fa94-04c1-424b-9868-57a2d4851a1d" />
    <TestEntry testId="88938d23-a883-f4de-1231-0557185a630e" executionId="129549ca-5c8f-4363-9d52-8119f12e03d7" testListId="8c84fa94-04c1-424b-9868-57a2d4851a1d" />
    <TestEntry testId="65e9f10e-c109-d9d8-409a-9d529bff7ffc" executionId="5e130805-48cb-4bf5-8804-c5baaa39b59e" testListId="8c84fa94-04c1-424b-9868-57a2d4851a1d" />
    <TestEntry testId="4fe1c43c-7d5c-07aa-31e2-b4523836379a" executionId="67800bdc-edf7-4931-8bd4-32c35ad570fd" testListId="8c84fa94-04c1-424b-9868-57a2d4851a1d" />
    <TestEntry testId="844f480c-e67a-2e30-9312-d192320b8275" executionId="02633931-0ba4-4bd7-adeb-1953b91593b4" testListId="8c84fa94-04c1-424b-9868-57a2d4851a1d" />
    <TestEntry testId="050bc372-0f40-1b76-063e-82463502ac7c" executionId="09a035b9-d5a5-4876-ac98-0a9b2956ce43" testListId="8c84fa94-04c1-424b-9868-57a2d4851a1d" />
    <TestEntry testId="25d96002-e763-ec46-08e3-4378575437f9" executionId="37aaa790-957d-41ac-bb74-dbcdce540eac" testListId="8c84fa94-04c1-424b-9868-57a2d4851a1d" />
    <TestEntry testId="a08c3643-ca3d-cb78-2944-3041427dd6ab" executionId="4b4aa6b2-8987-4d4e-82b8-6c2d42140334" testListId="8c84fa94-04c1-424b-9868-57a2d4851a1d" />
    <TestEntry testId="6e0f1208-e9a8-1214-9ee0-3226ca9338b8" executionId="e5f6ad45-cccd-494f-92c1-4aa0aa8ce66d" testListId="8c84fa94-04c1-424b-9868-57a2d4851a1d" />
    <TestEntry testId="9cbd16b9-87f6-307e-f352-61ae95720054" executionId="3881b615-70f5-4d4d-8e1b-1ac2eda8bcbf" testListId="8c84fa94-04c1-424b-9868-57a2d4851a1d" />
    <TestEntry testId="a84dbfdf-7b89-06e4-7cd3-ea82080ae70a" executionId="049ca9b8-47cf-470c-89d3-60f7825036ff" testListId="8c84fa94-04c1-424b-9868-57a2d4851a1d" />
    <TestEntry testId="2197cff4-cea7-d01e-a6c4-1a4f1972f530" executionId="cd970d6f-48ce-4546-b534-324e98fcc14e" testListId="8c84fa94-04c1-424b-9868-57a2d4851a1d" />
    <TestEntry testId="e41a61e6-55ac-9ef7-aa21-1fb80a09b059" executionId="1de86b7a-bab1-449d-bff9-f7fa6ee4252d" testListId="8c84fa94-04c1-424b-9868-57a2d4851a1d" />
    <TestEntry testId="eb2ea991-6edf-0fe8-6754-4a0c7e300d87" executionId="e3c2f3e0-0ddc-4fc7-94ab-db10ade09bcd" testListId="8c84fa94-04c1-424b-9868-57a2d4851a1d" />
    <TestEntry testId="ef7b411b-a0ec-a194-cb25-1805a887e464" executionId="7e3866c4-e93a-493e-84c8-13ed3e8e0a4b" testListId="8c84fa94-04c1-424b-9868-57a2d4851a1d" />
    <TestEntry testId="49511076-21c1-1cb2-c771-6ec1d8f3bf35" executionId="46e78ebf-8857-4b26-b99c-50585ee38eb1" testListId="8c84fa94-04c1-424b-9868-57a2d4851a1d" />
    <TestEntry testId="f3ccbb17-ca87-2603-3fa1-060e9a12b2b7" executionId="01191dcd-71cd-4771-8543-61660a410868" testListId="8c84fa94-04c1-424b-9868-57a2d4851a1d" />
    <TestEntry testId="2810447a-174a-6166-a9a2-3bfd5cac61ae" executionId="184b0b32-5bfd-4df7-81b6-725785438b55" testListId="8c84fa94-04c1-424b-9868-57a2d4851a1d" />
    <TestEntry testId="c75b6041-fb30-e634-0855-8a68e1f317ee" executionId="3142af5e-ea93-4d8b-b81f-489a7d3e4dc2" testListId="8c84fa94-04c1-424b-9868-57a2d4851a1d" />
    <TestEntry testId="742deaa7-60be-cb58-c255-60b75bd0006c" executionId="21f11fa8-5eff-4c7b-9a5d-7e30d6bb6c54" testListId="8c84fa94-04c1-424b-9868-57a2d4851a1d" />
    <TestEntry testId="f72f2f4f-8473-fd49-ec48-4af903bbba42" executionId="12117c5c-681f-4c2f-a9bd-e0f153e1eddb" testListId="8c84fa94-04c1-424b-9868-57a2d4851a1d" />
    <TestEntry testId="887addcd-1f1f-5a9e-ed77-560cf9849482" executionId="739b18e9-353c-4fbc-b34b-16660c6379a1" testListId="8c84fa94-04c1-424b-9868-57a2d4851a1d" />
    <TestEntry testId="e126ad78-78f3-c1fb-9853-d889acbad6bb" executionId="3247db01-2bbd-4bda-9a23-c99974167a20" testListId="8c84fa94-04c1-424b-9868-57a2d4851a1d" />
    <TestEntry testId="b9621d75-8820-031d-ea06-e5a104ff4afc" executionId="4a56f112-fc3f-4b86-a91a-bea22470feb7" testListId="8c84fa94-04c1-424b-9868-57a2d4851a1d" />
    <TestEntry testId="3e3b1ca5-da61-a6b0-8ea8-25ccae85e4c9" executionId="df6b6d26-acff-4ffe-a1d0-c5c7b09e8a8d" testListId="8c84fa94-04c1-424b-9868-57a2d4851a1d" />
    <TestEntry testId="867be7e2-bc3d-5878-735f-ec1bce619c99" executionId="b52d3308-600d-4da9-b285-6a346d605950" testListId="8c84fa94-04c1-424b-9868-57a2d4851a1d" />
    <TestEntry testId="791f2e93-79a6-9f71-e159-f4044b3e938a" executionId="78358e16-4818-4ee3-9d02-f2c5f65b0ce7" testListId="8c84fa94-04c1-424b-9868-57a2d4851a1d" />
    <TestEntry testId="024784a1-192b-373c-10ca-fd93c6753e78" executionId="864eba33-e60d-4583-a0be-73d767373238" testListId="8c84fa94-04c1-424b-9868-57a2d4851a1d" />
    <TestEntry testId="8e2e9b55-8cf8-64e2-a6bc-ca1d2c4aed9a" executionId="be99dec8-d8d3-4424-ad9c-e20ed64ea3bf" testListId="8c84fa94-04c1-424b-9868-57a2d4851a1d" />
    <TestEntry testId="c17f7be6-66e9-fcca-dc1a-e1bde17e28c0" executionId="697d8286-2c9b-471f-bde4-12c303366280" testListId="8c84fa94-04c1-424b-9868-57a2d4851a1d" />
    <TestEntry testId="b0ece696-a236-e558-83c2-51abe91bb456" executionId="e872db96-4efa-4888-a13b-4db410c2a77b" testListId="8c84fa94-04c1-424b-9868-57a2d4851a1d" />
    <TestEntry testId="708d82f1-9bf0-2aaf-0fa0-bddf0309526f" executionId="ce51de65-7d67-42b1-bb88-4bf710482862" testListId="8c84fa94-04c1-424b-9868-57a2d4851a1d" />
    <TestEntry testId="a185e74c-9fa9-0467-4598-9c96640928fa" executionId="6cbb38d9-90da-4b52-bb70-ddd42326aee9" testListId="8c84fa94-04c1-424b-9868-57a2d4851a1d" />
    <TestEntry testId="dd635973-2e8f-06cc-9ca9-aa62fe7baae0" executionId="692ec91e-3b3e-45c7-9e37-86e26a401878" testListId="8c84fa94-04c1-424b-9868-57a2d4851a1d" />
    <TestEntry testId="ace6d8e3-aa4c-bb01-e991-b9f1707417ef" executionId="49b0eb48-85c1-4f65-b7ff-727c814ce565" testListId="8c84fa94-04c1-424b-9868-57a2d4851a1d" />
  </TestEntries>
  <TestLists>
    <TestList name="Results Not in a List" id="8c84fa94-04c1-424b-9868-57a2d4851a1d" />
    <TestList name="All Loaded Results" id="19431567-8539-422a-85d7-44ee4e166bda" />
  </TestLists>
  <ResultSummary outcome="Completed">
    <Counters total="47" executed="47" passed="47" failed="0" error="0" timeout="0" aborted="0" inconclusive="0" passedButRunAborted="0" notRunnable="0" notExecuted="0" disconnected="0" warning="0" completed="0" inProgress="0" pending="0" />
  </ResultSummary>
</TestRun>