<?xml version="1.0" encoding="utf-8"?>
<TestRun id="ac530573-c403-4346-b524-6cd4f4159e0e" name="Jakub@DESKTOP-I52018A 2026-09-06 18:45:59" runUser="DESKTOP-I52018A\Jakub" xmlns="http://microsoft.com/schemas/VisualStudio/TeamTest/2010">
  <Times creation="2026-09-06T18:45:59.0281488+02:00" queuing="2026-09-06T18:45:59.0281491+02:00" start="2026-09-06T18:45:57.1566096+02:00" finish="2026-09-06T18:45:59.9691266+02:00" />
  <TestSettings name="default" id="23b90a20-a5f4-49c7-8c78-086ec37a685f">
    <Deployment runDeploymentRoot="Jakub_DESKTOP-I52018A_2026-09-06_18_45_59" />
  </TestSettings>
  <Results>
    <UnitTestResult executionId="ac591827-3297-4be2-af48-2c011fdb8997" testId="66a17797-8488-5a16-f5e9-44999fe2bd3b" testName="DescUnknownMethod_ShouldThrowException" computerName="DESKTOP-I52018A" duration="00:00:00.0496168" startTime="2026-09-06T18:45:59.1472323+02:00" endTime="2026-09-06T18:45:59.1969804+02:00" testType="13cdc9d9-ddb5-4fa4-a97d-d965ccfc6d4b" outcome="Passed" testListId="8c84fa94-04c1-424b-9868-57a2d4851a1d" relativeResultsDirectory="ac591827-3297-4be2-af48-2c011fdb8997" />
    <UnitTestResult executionId="b4b6a91f-0021-405c-ab9c-997b7da4e497" testId="c520486b-aefd-886f-38e7-480f842a097b" testName="TryPlanSource_WhenUnsupportedPredicateOrOrderIsRequested_LeavesSliceResidual" computerName="DESKTOP-I52018A" duration="00:00:00.0007879" startTime="2026-09-06T18:45:57.6430882+02:00" endTime="2026-09-06T18:45:57.6441249+02:00" testType="13cdc9d9-ddb5-4fa4-a97d-d965ccfc6d4b" outcome="Passed" testListId="8c84fa94-04c1-424b-9868-57a2d4851a1d" relativeResultsDirectory="b4b6a91f-0021-405c-ab9c-997b7da4e497" />
    <UnitTestResult executionId="f59c70b7-461e-4162-a125-c03284a00db2" testId="d618434f-3d49-b5f4-31f6-93469f1b6913" testName="TimeSource_CancelledLoadTest" computerName="DESKTOP-I52018A" duration="00:00:00.0014420" startTime="2026-09-06T18:45:59.9135065+02:00" endTime="2026-09-06T18:45:59.9150372+02:00" testType="13cdc9d9-ddb5-4fa4-a97d-d965ccfc6d4b" outcome="Passed" testListId="8c84fa94-04c1-424b-9868-57a2d4851a1d" relativeResultsDirectory="f59c70b7-461e-4162-a125-c03284a00db2" />
    <UnitTestResult executionId="840b119b-1ab9-4480-99ab-7c82b5e83c85" testId="3cff1efd-c924-8405-a8cf-ac3bb93e9650" testName="DescInterval_ShouldReturnMethodSignature" computerName="DESKTOP-I52018A" duration="00:00:00.0372016" startTime="2026-09-06T18:45:59.1098712+02:00" endTime="2026-09-06T18:45:59.1471828+02:00" testType="13cdc9d9-ddb5-4fa4-a97d-d965ccfc6d4b" outcome="Passed" testListId="8c84fa94-04c1-424b-9868-57a2d4851a1d" relativeResultsDirectory="840b119b-1ab9-4480-99ab-7c82b5e83c85" />
    <UnitTestResult executionId="18e8aada-69d5-48ff-a0e0-1d6f37ea2ccf" testId="aee9b086-981f-6522-ba90-5a9b17efaa7a" testName="TimeSource_WhenExecutionPlanHasPredicateAndSlice_EmitsFilteredRows" computerName="DESKTOP-I52018A" duration="00:00:00.0673066" startTime="2026-09-06T18:45:57.6443256+02:00" endTime="2026-09-06T18:45:57.7117938+02:00" testType="13cdc9d9-ddb5-4fa4-a97d-d965ccfc6d4b" outcome="Passed" testListId="8c84fa94-04c1-424b-9868-57a2d4851a1d" relativeResultsDirectory="18e8aada-69d5-48ff-a0e0-1d6f37ea2ccf" />
    <UnitTestResult executionId="09cf37dc-61bb-420a-adcd-1c1c38798241" testId="95590978-c816-59de-79e8-b364a6830ec5" testName="DescSchema_ShouldListAllAvailableMethods" computerName="DESKTOP-I52018A" duration="00:00:01.3977682" startTime="2026-09-06T18:45:57.7118516+02:00" endTime="2026-09-06T18:45:59.1098106+02:00" testType="13cdc9d9-ddb5-4fa4-a97d-d965ccfc6d4b" outcome="Passed" testListId="8c84fa94-04c1-424b-9868-57a2d4851a1d" relativeResultsDirectory="09cf37dc-61bb-420a-adcd-1c1c38798241" />
    <UnitTestResult executionId="1de57924-9d3c-4b05-9e20-c1cb0beb429e" testId="8a6f3e36-0504-5f3b-83f2-4d0955f6e476" testName="EnumerateAllDaysInMonthTest" computerName="DESKTOP-I52018A" duration="00:00:00.1774713" startTime="2026-09-06T18:45:59.7358371+02:00" endTime="2026-09-06T18:45:59.9134555+02:00" testType="13cdc9d9-ddb5-4fa4-a97d-d965ccfc6d4b" outcome="Passed" testListId="8c84fa94-04c1-424b-9868-57a2d4851a1d" relativeResultsDirectory="1de57924-9d3c-4b05-9e20-c1cb0beb429e" />
    <UnitTestResult executionId="d3ffd389-5b06-46fd-9768-655414394a20" testId="03996fee-de68-7ed7-da54-92db0612ef2a" testName="TryPlanSource_WhenDateTimePredicateNaturalOrderAndSliceAreRequested_AcceptsThem" computerName="DESKTOP-I52018A" duration="00:00:00.0275204" startTime="2026-09-06T18:45:57.5721632+02:00" endTime="2026-09-06T18:45:57.6303706+02:00" testType="13cdc9d9-ddb5-4fa4-a97d-d965ccfc6d4b" outcome="Passed" testListId="8c84fa94-04c1-424b-9868-57a2d4851a1d" relativeResultsDirectory="d3ffd389-5b06-46fd-9768-655414394a20" />
    <UnitTestResult executionId="d17f7c77-1155-458a-84ee-7e428ab428d1" testId="699d8331-5c91-f8e3-3769-2fb6d8cb7359" testName="EveryTimeConstructor_HasOneExactStarContract" computerName="DESKTOP-I52018A" duration="00:00:00.3705232" startTime="2026-09-06T18:45:59.3651166+02:00" endTime="2026-09-06T18:45:59.7357849+02:00" testType="13cdc9d9-ddb5-4fa4-a97d-d965ccfc6d4b" outcome="Passed" testListId="8c84fa94-04c1-424b-9868-57a2d4851a1d" relativeResultsDirectory="d17f7c77-1155-458a-84ee-7e428ab428d1" />
    <UnitTestResult executionId="2e7a5894-6780-4966-bb20-90bdea78c8c0" testId="039ce281-ac9c-1287-bddd-633798da8a31" testName="DescIntervalNoArgs_VsWithArgs_ShouldReturnDifferentResults" computerName="DESKTOP-I52018A" duration="00:00:00.1329860" startTime="2026-09-06T18:45:59.2319444+02:00" endTime="2026-09-06T18:45:59.3650616+02:00" testType="13cdc9d9-ddb5-4fa4-a97d-d965ccfc6d4b" outcome="Passed" testListId="8c84fa94-04c1-424b-9868-57a2d4851a1d" relativeResultsDirectory="2e7a5894-6780-4966-bb20-90bdea78c8c0" />
    <UnitTestResult executionId="212fdd1b-ac7e-4f79-ac99-7c2bdd9a6aef" testId="4274b376-d053-1a0b-fda1-f63fbc806ea4" testName="DescSchema_ShouldHaveConsistentColumnTypes" computerName="DESKTOP-I52018A" duration="00:00:00.0347017" startTime="2026-09-06T18:45:59.1970520+02:00" endTime="2026-09-06T18:45:59.2318849+02:00" testType="13cdc9d9-ddb5-4fa4-a97d-d965ccfc6d4b" outcome="Passed" testListId="8c84fa94-04c1-424b-9868-57a2d4851a1d" relativeResultsDirectory="212fdd1b-ac7e-4f79-ac99-7c2bdd9a6aef" />
    <UnitTestResult executionId="8b53153e-6d6d-4307-a07f-4182f710974b" testId="7b79f75e-796c-a45c-8722-d819a33530b7" testName="TimeSource_FullLoadTest" computerName="DESKTOP-I52018A" duration="00:00:00.0011329" startTime="2026-09-06T18:45:59.9150635+02:00" endTime="2026-09-06T18:45:59.9166944+02:00" testType="13cdc9d9-ddb5-4fa4-a97d-d965ccfc6d4b" outcome="Passed" testListId="8c84fa94-04c1-424b-9868-57a2d4851a1d" relativeResultsDirectory="8b53153e-6d6d-4307-a07f-4182f710974b" />
  </Results>
  <TestDefinitions>
    <UnitTest name="DescInterval_ShouldReturnMethodSignature" storage="d:\repos\musoq.datasources\musoq.datasources.time.tests\bin\release\net10.0\musoq.datasources.time.tests.dll" id="3cff1efd-c924-8405-a8cf-ac3bb93e9650">
      <Execution id="840b119b-1ab9-4480-99ab-7c82b5e83c85" />
      <TestMethod codeBase="D:\repos\Musoq.DataSources\Musoq.DataSources.Time.Tests\bin\Release\net10.0\Musoq.DataSources.Time.Tests.dll" adapterTypeName="executor://mstestadapter/v2" className="Musoq.DataSources.Time.Tests.TimeSchemaDescribeTests" name="DescInterval_ShouldReturnMethodSignature" />
    </UnitTest>
    <UnitTest name="TimeSource_WhenExecutionPlanHasPredicateAndSlice_EmitsFilteredRows" storage="d:\repos\musoq.datasources\musoq.datasources.time.tests\bin\release\net10.0\musoq.datasources.time.tests.dll" id="aee9b086-981f-6522-ba90-5a9b17efaa7a">
      <Execution id="18e8aada-69d5-48ff-a0e0-1d6f37ea2ccf" />
      <TestMethod codeBase="D:\repos\Musoq.DataSources\Musoq.DataSources.Time.Tests\bin\Release\net10.0\Musoq.DataSources.Time.Tests.dll" adapterTypeName="executor://mstestadapter/v2" className="Musoq.DataSources.Time.Tests.TimeRuntimeV2PushdownTests" name="TimeSource_WhenExecutionPlanHasPredicateAndSlice_EmitsFilteredRows" />
    </UnitTest>
    <UnitTest name="DescSchema_ShouldHaveConsistentColumnTypes" storage="d:\repos\musoq.datasources\musoq.datasources.time.tests\bin\release\net10.0\musoq.datasources.time.tests.dll" id="4274b376-d053-1a0b-fda1-f63fbc806ea4">
      <Execution id="212fdd1b-ac7e-4f79-ac99-7c2bdd9a6aef" />
      <TestMethod codeBase="D:\repos\Musoq.DataSources\Musoq.DataSources.Time.Tests\bin\Release\net10.0\Musoq.DataSources.Time.Tests.dll" adapterTypeName="executor://mstestadapter/v2" className="Musoq.DataSources.Time.Tests.TimeSchemaDescribeTests" name="DescSchema_ShouldHaveConsistentColumnTypes" />
    </UnitTest>
    <UnitTest name="EveryTimeConstructor_HasOneExactStarContract" storage="d:\repos\musoq.datasources\musoq.datasources.time.tests\bin\release\net10.0\musoq.datasources.time.tests.dll" id="699d8331-5c91-f8e3-3769-2fb6d8cb7359">
      <Execution id="d17f7c77-1155-458a-84ee-7e428ab428d1" />
      <TestMethod codeBase="D:\repos\Musoq.DataSources\Musoq.DataSources.Time.Tests\bin\Release\net10.0\Musoq.DataSources.Time.Tests.dll" adapterTypeName="executor://mstestadapter/v2" className="Musoq.DataSources.Time.Tests.TimeStarContractTests" name="EveryTimeConstructor_HasOneExactStarContract" />
    </UnitTest>
    <UnitTest name="TryPlanSource_WhenUnsupportedPredicateOrOrderIsRequested_LeavesSliceResidual" storage="d:\repos\musoq.datasources\musoq.datasources.time.tests\bin\release\net10.0\musoq.datasources.time.tests.dll" id="c520486b-aefd-886f-38e7-480f842a097b">
      <Execution id="b4b6a91f-0021-405c-ab9c-997b7da4e497" />
      <TestMethod codeBase="D:\repos\Musoq.DataSources\Musoq.DataSources.Time.Tests\bin\Release\net10.0\Musoq.DataSources.Time.Tests.dll" adapterTypeName="executor://mstestadapter/v2" className="Musoq.DataSources.Time.Tests.TimeRuntimeV2PushdownTests" name="TryPlanSource_WhenUnsupportedPredicateOrOrderIsRequested_LeavesSliceResidual" />
    </UnitTest>
    <UnitTest name="EnumerateAllDaysInMonthTest" storage="d:\repos\musoq.datasources\musoq.datasources.time.tests\bin\release\net10.0\musoq.datasources.time.tests.dll" id="8a6f3e36-0504-5f3b-83f2-4d0955f6e476">
      <Execution id="1de57924-9d3c-4b05-9e20-c1cb0beb429e" />
      <TestMethod codeBase="D:\repos\Musoq.DataSources\Musoq.DataSources.Time.Tests\bin\Release\net10.0\Musoq.DataSources.Time.Tests.dll" adapterTypeName="executor://mstestadapter/v2" className="Musoq.DataSources.Time.Tests.TimeTests" name="EnumerateAllDaysInMonthTest" />
    </UnitTest>
    <UnitTest name="TimeSource_CancelledLoadTest" storage="d:\repos\musoq.datasources\musoq.datasources.time.tests\bin\release\net10.0\musoq.datasources.time.tests.dll" id="d618434f-3d49-b5f4-31f6-93469f1b6913">
      <Execution id="f59c70b7-461e-4162-a125-c03284a00db2" />
      <TestMethod codeBase="D:\repos\Musoq.DataSources\Musoq.DataSources.Time.Tests\bin\Release\net10.0\Musoq.DataSources.Time.Tests.dll" adapterTypeName="executor://mstestadapter/v2" className="Musoq.DataSources.Time.Tests.TimeTests" name="TimeSource_CancelledLoadTest" />
    </UnitTest>
    <UnitTest name="DescSchema_ShouldListAllAvailableMethods" storage="d:\repos\musoq.datasources\musoq.datasources.time.tests\bin\release\net10.0\musoq.datasources.time.tests.dll" id="95590978-c816-59de-79e8-b364a6830ec5">
      <Execution id="09cf37dc-61bb-420a-adcd-1c1c38798241" />
      <TestMethod codeBase="D:\repos\Musoq.DataSources\Musoq.DataSources.Time.Tests\bin\Release\net10.0\Musoq.DataSources.Time.Tests.dll" adapterTypeName="executor://mstestadapter/v2" className="Musoq.DataSources.Time.Tests.TimeSchemaDescribeTests" name="DescSchema_ShouldListAllAvailableMethods" />
    </UnitTest>
    <UnitTest name="TimeSource_FullLoadTest" storage="d:\repos\musoq.datasources\musoq.datasources.time.tests\bin\release\net10.0\musoq.datasources.time.tests.dll" id="7b79f75e-796c-a45c-8722-d819a33530b7">
      <Execution id="8b53153e-6d6d-4307-a07f-4182f710974b" />
      <TestMethod codeBase="D:\repos\Musoq.DataSources\Musoq.DataSources.Time.Tests\bin\Release\net10.0\Musoq.DataSources.Time.Tests.dll" adapterTypeName="executor://mstestadapter/v2" className="Musoq.DataSources.Time.Tests.TimeTests" name="TimeSource_FullLoadTest" />
    </UnitTest>
    <UnitTest name="TryPlanSource_WhenDateTimePredicateNaturalOrderAndSliceAreRequested_AcceptsThem" storage="d:\repos\musoq.datasources\musoq.datasources.time.tests\bin\release\net10.0\musoq.datasources.time.tests.dll" id="03996fee-de68-7ed7-da54-92db0612ef2a">
      <Execution id="d3ffd389-5b06-46fd-9768-655414394a20" />
      <TestMethod codeBase="D:\repos\Musoq.DataSources\Musoq.DataSources.Time.Tests\bin\Release\net10.0\Musoq.DataSources.Time.Tests.dll" adapterTypeName="executor://mstestadapter/v2" className="Musoq.DataSources.Time.Tests.TimeRuntimeV2PushdownTests" name="TryPlanSource_WhenDateTimePredicateNaturalOrderAndSliceAreRequested_AcceptsThem" />
    </UnitTest>
    <UnitTest name="DescIntervalNoArgs_VsWithArgs_ShouldReturnDifferentResults" storage="d:\repos\musoq.datasources\musoq.datasources.time.tests\bin\release\net10.0\musoq.datasources.time.tests.dll" id="039ce281-ac9c-1287-bddd-633798da8a31">
      <Execution id="2e7a5894-6780-4966-bb20-90bdea78c8c0" />
      <TestMethod codeBase="D:\repos\Musoq.DataSources\Musoq.DataSources.Time.Tests\bin\Release\net10.0\Musoq.DataSources.Time.Tests.dll" adapterTypeName="executor://mstestadapter/v2" className="Musoq.DataSources.Time.Tests.TimeSchemaDescribeTests" name="DescIntervalNoArgs_VsWithArgs_ShouldReturnDifferentResults" />
    </UnitTest>
    <UnitTest name="DescUnknownMethod_ShouldThrowException" storage="d:\repos\musoq.datasources\musoq.datasources.time.tests\bin\release\net10.0\musoq.datasources.time.tests.dll" id="66a17797-8488-5a16-f5e9-44999fe2bd3b">
      <Execution id="ac591827-3297-4be2-af48-2c011fdb8997" />
      <TestMethod codeBase="D:\repos\Musoq.DataSources\Musoq.DataSources.Time.Tests\bin\Release\net10.0\Musoq.DataSources.Time.Tests.dll" adapterTypeName="executor://mstestadapter/v2" className="Musoq.DataSources.Time.Tests.TimeSchemaDescribeTests" name="DescUnknownMethod_ShouldThrowException" />
    </UnitTest>
  </TestDefinitions>
  <TestEntries>
    <TestEntry testId="66a17797-8488-5a16-f5e9-44999fe2bd3b" executionId="ac591827-3297-4be2-af48-2c011fdb8997" testListId="8c84fa94-04c1-424b-9868-57a2d4851a1d" />
    <TestEntry testId="c520486b-aefd-886f-38e7-480f842a097b" executionId="b4b6a91f-0021-405c-ab9c-997b7da4e497" testListId="8c84fa94-04c1-424b-9868-57a2d4851a1d" />
    <TestEntry testId="d618434f-3d49-b5f4-31f6-93469f1b6913" executionId="f59c70b7-461e-4162-a125-c03284a00db2" testListId="8c84fa94-04c1-424b-9868-57a2d4851a1d" />
    <TestEntry testId="3cff1efd-c924-8405-a8cf-ac3bb93e9650" executionId="840b119b-1ab9-4480-99ab-7c82b5e83c85" testListId="8c84fa94-04c1-424b-9868-57a2d4851a1d" />
    <TestEntry testId="aee9b086-981f-6522-ba90-5a9b17efaa7a" executionId="18e8aada-69d5-48ff-a0e0-1d6f37ea2ccf" testListId="8c84fa94-04c1-424b-9868-57a2d4851a1d" />
    <TestEntry testId="95590978-c816-59de-79e8-b364a6830ec5" executionId="09cf37dc-61bb-420a-adcd-1c1c38798241" testListId="8c84fa94-04c1-424b-9868-57a2d4851a1d" />
    <TestEntry testId="8a6f3e36-0504-5f3b-83f2-4d0955f6e476" executionId="1de57924-9d3c-4b05-9e20-c1cb0beb429e" testListId="8c84fa94-04c1-424b-9868-57a2d4851a1d" />
    <TestEntry testId="03996fee-de68-7ed7-da54-92db0612ef2a" executionId="d3ffd389-5b06-46fd-9768-655414394a20" testListId="8c84fa94-04c1-424b-9868-57a2d4851a1d" />
    <TestEntry testId="699d8331-5c91-f8e3-3769-2fb6d8cb7359" executionId="d17f7c77-1155-458a-84ee-7e428ab428d1" testListId="8c84fa94-04c1-424b-9868-57a2d4851a1d" />
    <TestEntry testId="039ce281-ac9c-1287-bddd-633798da8a31" executionId="2e7a5894-6780-4966-bb20-90bdea78c8c0" testListId="8c84fa94-04c1-424b-9868-57a2d4851a1d" />
    <TestEntry testId="4274b376-d053-1a0b-fda1-f63fbc806ea4" executionId="212fdd1b-ac7e-4f79-ac99-7c2bdd9a6aef" testListId="8c84fa94-04c1-424b-9868-57a2d4851a1d" />
    <TestEntry testId="7b79f75e-796c-a45c-8722-d819a33530b7" executionId="8b53153e-6d6d-4307-a07f-4182f710974b" testListId="8c84fa94-04c1-424b-9868-57a2d4851a1d" />
  </TestEntries>
  <TestLists>
    <TestList name="Results Not in a List" id="8c84fa94-04c1-424b-9868-57a2d4851a1d" />
    <TestList name="All Loaded Results" id="19431567-8539-422a-85d7-44ee4e166bda" />
  </TestLists>
  <ResultSummary outcome="Completed">
    <Counters total="12" executed="12" passed="12" failed="0" error="0" timeout="0" aborted="0" inconclusive="0" passedButRunAborted="0" notRunnable="0" notExecuted="0" disconnected="0" warning="0" completed="0" inProgress="0" pending="0" />
  </ResultSummary>
</TestRun>