<?xml version="1.0" encoding="utf-8"?>
<TestRun id="46b29d9e-e4b9-4925-8233-70c1fceb3303" name="Jakub@DESKTOP-I52018A 2026-09-06 18:46:06" runUser="DESKTOP-I52018A\Jakub" xmlns="http://microsoft.com/schemas/VisualStudio/TeamTest/2010">
  <Times creation="2026-09-06T18:46:06.5727642+02:00" queuing="2026-09-06T18:46:06.5727646+02:00" start="2026-09-06T18:46:04.0534930+02:00" finish="2026-09-06T18:46:07.0726357+02:00" />
  <TestSettings name="default" id="1c670c3e-3d4f-4862-b10d-4ccb47c8c727">
    <Deployment runDeploymentRoot="Jakub_DESKTOP-I52018A_2026-09-06_18_46_06" />
  </TestSettings>
  <Results>
    <UnitTestResult executionId="dff9f8b0-d3af-4546-8155-686114f39524" testId="05abe49b-4ac6-7699-1bdd-26e1595bf24b" testName="TryPlanSource_WhenUnsupportedIssuePredicateIsUsed_KeepsPredicateResidual" computerName="DESKTOP-I52018A" duration="00:00:00.0003786" startTime="2026-09-06T18:46:06.8025697+02:00" endTime="2026-09-06T18:46:06.8029855+02:00" testType="13cdc9d9-ddb5-4fa4-a97d-d965ccfc6d4b" outcome="Passed" testListId="8c84fa94-04c1-424b-9868-57a2d4851a1d" relativeResultsDirectory="dff9f8b0-d3af-4546-8155-686114f39524" />
    <UnitTestResult executionId="cb448ac2-654f-4902-b773-3cefabd0a5e0" testId="4b5af9d8-32f2-53bf-a005-a911b84fd10e" testName="BuildJql_WithCreatedBefore_ShouldBuildCorrectJql" computerName="DESKTOP-I52018A" duration="00:00:00.0001362" startTime="2026-09-06T18:46:07.0199453+02:00" endTime="2026-09-06T18:46:07.0201162+02:00" testType="13cdc9d9-ddb5-4fa4-a97d-d965ccfc6d4b" outcome="Passed" testListId="8c84fa94-04c1-424b-9868-57a2d4851a1d" relativeResultsDirectory="cb448ac2-654f-4902-b773-3cefabd0a5e0" />
    <UnitTestResult executionId="d2a9504b-6efd-44e6-9cb7-c4185e1338f9" testId="f2829263-c6a2-102b-d23f-2bf2f0c956b0" testName="BuildJql_WithUnassigned_ShouldUseEmpty" computerName="DESKTOP-I52018A" duration="00:00:00.0000340" startTime="2026-09-06T18:46:07.0190054+02:00" endTime="2026-09-06T18:46:07.0190575+02:00" testType="13cdc9d9-ddb5-4fa4-a97d-d965ccfc6d4b" outcome="Passed" testListId="8c84fa94-04c1-424b-9868-57a2d4851a1d" relativeResultsDirectory="d2a9504b-6efd-44e6-9cb7-c4185e1338f9" />
    <UnitTestResult executionId="60f18a4e-26f4-4f58-9602-23d85d46b3b0" testId="dbbd1734-6ba8-9968-7cd5-41bee621a1a3" testName="WhenNoCommentsFound_ShouldReturnEmptyTable" computerName="DESKTOP-I52018A" duration="00:00:00.0483755" startTime="2026-09-06T18:46:05.9978739+02:00" endTime="2026-09-06T18:46:06.0465390+02:00" testType="13cdc9d9-ddb5-4fa4-a97d-d965ccfc6d4b" outcome="Passed" testListId="8c84fa94-04c1-424b-9868-57a2d4851a1d" relativeResultsDirectory="60f18a4e-26f4-4f58-9602-23d85d46b3b0" />
    <UnitTestResult executionId="c3b5eee1-b3e1-45b6-91c2-d4d22014adf7" testId="9535762b-03cd-4245-df9d-684e3f1ae2fb" testName="WhenIssuesQueried_ShouldReturnAllColumns" computerName="DESKTOP-I52018A" duration="00:00:00.0775001" startTime="2026-09-06T18:46:06.4799034+02:00" endTime="2026-09-06T18:46:06.5575081+02:00" testType="13cdc9d9-ddb5-4fa4-a97d-d965ccfc6d4b" outcome="Passed" testListId="8c84fa94-04c1-424b-9868-57a2d4851a1d" relativeResultsDirectory="c3b5eee1-b3e1-45b6-91c2-d4d22014adf7" />
    <UnitTestResult executionId="03e26a46-872b-4447-9ebb-7358d2ae54b5" testId="03648352-f662-2ec3-630e-647d47df7e5e" testName="BuildJql_WithAcceptedOrder_ShouldAppendOrderBy" computerName="DESKTOP-I52018A" duration="00:00:00.0000594" startTime="2026-09-06T18:46:07.0215427+02:00" endTime="2026-09-06T18:46:07.0221620+02:00" testType="13cdc9d9-ddb5-4fa4-a97d-d965ccfc6d4b" outcome="Passed" testListId="8c84fa94-04c1-424b-9868-57a2d4851a1d" relativeResultsDirectory="03e26a46-872b-4447-9ebb-7358d2ae54b5" />
    <UnitTestResult executionId="cf5ff05d-d358-463d-995a-b4f65c92aa69" testId="a6ff4688-0f19-8297-4718-bf40bea29695" testName="BuildJql_WithTextSearch_ShouldUseTildeOperator" computerName="DESKTOP-I52018A" duration="00:00:00.0000513" startTime="2026-09-06T18:46:07.0207517+02:00" endTime="2026-09-06T18:46:07.0208266+02:00" testType="13cdc9d9-ddb5-4fa4-a97d-d965ccfc6d4b" outcome="Passed" testListId="8c84fa94-04c1-424b-9868-57a2d4851a1d" relativeResultsDirectory="cf5ff05d-d358-463d-995a-b4f65c92aa69" />
    <UnitTestResult executionId="324bb808-12cf-4b79-a7c6-516ae8c9781c" testId="77e6d4a3-a222-fc68-4aba-b32003c4ee5e" testName="TryPlanSource_WhenSupportedAndUnsupportedIssuePredicatesAreUsed_SplitsAcceptedAndResidual" computerName="DESKTOP-I52018A" duration="00:00:00.0002681" startTime="2026-09-06T18:46:06.8030004+02:00" endTime="2026-09-06T18:46:06.8032994+02:00" testType="13cdc9d9-ddb5-4fa4-a97d-d965ccfc6d4b" outcome="Passed" testListId="8c84fa94-04c1-424b-9868-57a2d4851a1d" relativeResultsDirectory="324bb808-12cf-4b79-a7c6-516ae8c9781c" />
    <UnitTestResult executionId="b3ad6a75-0b22-44b9-894d-e6b7a7fc940b" testId="fba85fb1-79e7-5f13-6706-86fff070c810" testName="TryPlanSource_WhenIssueStatusPredicateIsUsed_AcceptsPredicate" computerName="DESKTOP-I52018A" duration="00:00:00.0006672" startTime="2026-09-06T18:46:06.8018268+02:00" endTime="2026-09-06T18:46:06.8025527+02:00" testType="13cdc9d9-ddb5-4fa4-a97d-d965ccfc6d4b" outcome="Passed" testListId="8c84fa94-04c1-424b-9868-57a2d4851a1d" relativeResultsDirectory="b3ad6a75-0b22-44b9-894d-e6b7a7fc940b" />
    <UnitTestResult executionId="550861f5-15a5-470a-9f69-cfcfab791b32" testId="27febc42-f81f-9a9f-0d26-5d967198dc11" testName="WhenProjectsQueried_ShouldReturnAllColumns" computerName="DESKTOP-I52018A" duration="00:00:00.0451908" startTime="2026-09-06T18:46:06.6438255+02:00" endTime="2026-09-06T18:46:06.6891126+02:00" testType="13cdc9d9-ddb5-4fa4-a97d-d965ccfc6d4b" outcome="Passed" testListId="8c84fa94-04c1-424b-9868-57a2d4851a1d" relativeResultsDirectory="550861f5-15a5-470a-9f69-cfcfab791b32" />
    <UnitTestResult executionId="f458ad3f-79e7-4900-ab55-bb984fef9f1f" testId="67f76105-cd48-ecdd-d4a2-92b19204598c" testName="DescribeSourceRuntimeSettings_ShouldDeclareJiraCredentials" computerName="DESKTOP-I52018A" duration="00:00:00.0011900" startTime="2026-09-06T18:46:06.8005101+02:00" endTime="2026-09-06T18:46:06.8018072+02:00" testType="13cdc9d9-ddb5-4fa4-a97d-d965ccfc6d4b" outcome="Passed" testListId="8c84fa94-04c1-424b-9868-57a2d4851a1d" relativeResultsDirectory="f458ad3f-79e7-4900-ab55-bb984fef9f1f" />
    <UnitTestResult executionId="94dcc882-20d4-4f33-aa6a-77174f7e7eaf" testId="303f6553-c177-c254-fe79-59f90f7392bc" testName="TryPlanSource_WhenProjectPredicateIsUsed_KeepsPredicateResidual" computerName="DESKTOP-I52018A" duration="00:00:00.0002627" startTime="2026-09-06T18:46:06.8057201+02:00" endTime="2026-09-06T18:46:06.8060125+02:00" testType="13cdc9d9-ddb5-4fa4-a97d-d965ccfc6d4b" outcome="Passed" testListId="8c84fa94-04c1-424b-9868-57a2d4851a1d" relativeResultsDirectory="94dcc882-20d4-4f33-aa6a-77174f7e7eaf" />
    <UnitTestResult executionId="a631f513-9e01-4bca-833a-9135c872e6f9" testId="1b8bffb8-9988-ba83-73d0-3a8390773ea0" testName="WhenProjectsQueried_ShouldReturnValues" computerName="DESKTOP-I52018A" duration="00:00:00.0414858" startTime="2026-09-06T18:46:06.6021614+02:00" endTime="2026-09-06T18:46:06.6437761+02:00" testType="13cdc9d9-ddb5-4fa4-a97d-d965ccfc6d4b" outcome="Passed" testListId="8c84fa94-04c1-424b-9868-57a2d4851a1d" relativeResultsDirectory="a631f513-9e01-4bca-833a-9135c872e6f9" />
    <UnitTestResult executionId="aeb65945-444f-4bda-8369-9190632cf757" testId="661bd89e-bbba-12cb-680a-f2635a8c699c" testName="WhenNoProjectsFound_ShouldReturnEmptyTable" computerName="DESKTOP-I52018A" duration="00:00:00.0420616" startTime="2026-09-06T18:46:06.7582819+02:00" endTime="2026-09-06T18:46:06.8004574+02:00" testType="13cdc9d9-ddb5-4fa4-a97d-d965ccfc6d4b" outcome="Passed" testListId="8c84fa94-04c1-424b-9868-57a2d4851a1d" relativeResultsDirectory="aeb65945-444f-4bda-8369-9190632cf757" />
    <UnitTestResult executionId="38b31862-e1c2-4966-b271-e52eb85a7a25" testId="d78ee3d9-7728-8576-123e-2fd9d0c32c24" testName="BuildJql_WithPriority_ShouldBuildCorrectJql" computerName="DESKTOP-I52018A" duration="00:00:00.0000656" startTime="2026-09-06T18:46:07.0188129+02:00" endTime="2026-09-06T18:46:07.0189164+02:00" testType="13cdc9d9-ddb5-4fa4-a97d-d965ccfc6d4b" outcome="Passed" testListId="8c84fa94-04c1-424b-9868-57a2d4851a1d" relativeResultsDirectory="38b31862-e1c2-4966-b271-e52eb85a7a25" />
    <UnitTestResult executionId="d3476a7b-31a7-468a-b2af-06e7cc9cdbef" testId="2d8bf240-6981-e19e-29cd-ddca2b779aca" testName="BuildJql_WithIssueKey_ShouldBuildCorrectJql" computerName="DESKTOP-I52018A" duration="00:00:00.0000439" startTime="2026-09-06T18:46:07.0192153+02:00" endTime="2026-09-06T18:46:07.0192777+02:00" testType="13cdc9d9-ddb5-4fa4-a97d-d965ccfc6d4b" outcome="Passed" testListId="8c84fa94-04c1-424b-9868-57a2d4851a1d" relativeResultsDirectory="d3476a7b-31a7-468a-b2af-06e7cc9cdbef" />
    <UnitTestResult executionId="ee8906fc-9ac9-4984-9d90-0ffe56807bf0" testId="64b776cb-3c56-f98e-553a-b23e4d5d7bd2" testName="TryPlanSource_WhenRequiredColumnsArePresent_DoesNotAcceptProjection" computerName="DESKTOP-I52018A" duration="00:00:00.0002647" startTime="2026-09-06T18:46:06.8060247+02:00" endTime="2026-09-06T18:46:06.8063172+02:00" testType="13cdc9d9-ddb5-4fa4-a97d-d965ccfc6d4b" outcome="Passed" testListId="8c84fa94-04c1-424b-9868-57a2d4851a1d" relativeResultsDirectory="ee8906fc-9ac9-4984-9d90-0ffe56807bf0" />
    <UnitTestResult executionId="3fc6315a-e3c1-44af-88b7-186e21c0e826" testId="55f269da-acc4-d4fa-b708-19a4758199ff" testName="BuildJql_WithComponents_ShouldBuildCorrectJql" computerName="DESKTOP-I52018A" duration="00:00:00.0000339" startTime="2026-09-06T18:46:07.0193557+02:00" endTime="2026-09-06T18:46:07.0194074+02:00" testType="13cdc9d9-ddb5-4fa4-a97d-d965ccfc6d4b" outcome="Passed" testListId="8c84fa94-04c1-424b-9868-57a2d4851a1d" relativeResultsDirectory="3fc6315a-e3c1-44af-88b7-186e21c0e826" />
    <UnitTestResult executionId="9f8c9031-b088-4b5b-865a-567d497b9ce4" testId="a1bd4b0f-9dda-4935-2fc1-13cf4b9f3a78" testName="BuildJql_WithExclusiveDateBounds_ShouldUseStrictOperators" computerName="DESKTOP-I52018A" duration="00:00:00.0003308" startTime="2026-09-06T18:46:07.0202841+02:00" endTime="2026-09-06T18:46:07.0206427+02:00" testType="13cdc9d9-ddb5-4fa4-a97d-d965ccfc6d4b" outcome="Passed" testListId="8c84fa94-04c1-424b-9868-57a2d4851a1d" relativeResultsDirectory="9f8c9031-b088-4b5b-865a-567d497b9ce4" />
    <UnitTestResult executionId="850eebfa-9540-4b88-be31-84c12cbe7f6d" testId="21cd9e8c-df81-d2a7-2152-6a75af4ac711" testName="BuildJql_WithLabels_ShouldBuildCorrectJql" computerName="DESKTOP-I52018A" duration="00:00:00.0000471" startTime="2026-09-06T18:46:07.0192841+02:00" endTime="2026-09-06T18:46:07.0193480+02:00" testType="13cdc9d9-ddb5-4fa4-a97d-d965ccfc6d4b" outcome="Passed" testListId="8c84fa94-04c1-424b-9868-57a2d4851a1d" relativeResultsDirectory="850eebfa-9540-4b88-be31-84c12cbe7f6d" />
    <UnitTestResult executionId="d0a43762-51c4-4f01-bc54-a807a81acd76" testId="6eb7d38e-ce3c-f4f0-ea02-e7f6731482cd" testName="BuildJql_WithNoParameters_ShouldReturnDefaultOrder" computerName="DESKTOP-I52018A" duration="00:00:00.0001359" startTime="2026-09-06T18:46:07.0176900+02:00" endTime="2026-09-06T18:46:07.0179222+02:00" testType="13cdc9d9-ddb5-4fa4-a97d-d965ccfc6d4b" outcome="Passed" testListId="8c84fa94-04c1-424b-9868-57a2d4851a1d" relativeResultsDirectory="d0a43762-51c4-4f01-bc54-a807a81acd76" />
    <UnitTestResult executionId="f6df029a-c455-4db8-9a05-c208eb9b094e" testId="7c718919-ec15-88b8-8e9e-fdab53dda31f" testName="BuildJql_WithCreatedAfter_ShouldBuildCorrectJql" computerName="DESKTOP-I52018A" duration="00:00:00.0001701" startTime="2026-09-06T18:46:07.0194133+02:00" endTime="2026-09-06T18:46:07.0196037+02:00" testType="13cdc9d9-ddb5-4fa4-a97d-d965ccfc6d4b" outcome="Passed" testListId="8c84fa94-04c1-424b-9868-57a2d4851a1d" relativeResultsDirectory="f6df029a-c455-4db8-9a05-c208eb9b094e" />
    <UnitTestResult executionId="0589a7c5-55a2-4d2b-9762-4d0368e1d5d3" testId="4a4042c8-f7f1-60f3-9e79-02238960db43" testName="WhenNoIssuesFound_ShouldReturnEmptyTable" computerName="DESKTOP-I52018A" duration="00:00:00.0404609" startTime="2026-09-06T18:46:06.5615362+02:00" endTime="2026-09-06T18:46:06.6021082+02:00" testType="13cdc9d9-ddb5-4fa4-a97d-d965ccfc6d4b" outcome="Passed" testListId="8c84fa94-04c1-424b-9868-57a2d4851a1d" relativeResultsDirectory="0589a7c5-55a2-4d2b-9762-4d0368e1d5d3" />
    <UnitTestResult executionId="3ad62726-9553-4a32-bd73-17834e8d903f" testId="9fd38717-fab0-21da-93c3-3e0718f43c7e" testName="BuildJql_WithSummaryContains_ShouldUseTildeOperator" computerName="DESKTOP-I52018A" duration="00:00:00.0000556" startTime="2026-09-06T18:46:07.0206565+02:00" endTime="2026-09-06T18:46:07.0207406+02:00" testType="13cdc9d9-ddb5-4fa4-a97d-d965ccfc6d4b" outcome="Passed" testListId="8c84fa94-04c1-424b-9868-57a2d4851a1d" relativeResultsDirectory="3ad62726-9553-4a32-bd73-17834e8d903f" />
    <UnitTestResult executionId="d1e5d816-4539-41ec-8f8b-13eb9bd9dd23" testId="768eb8df-d685-795f-6ba7-f4c08af59f81" testName="BuildJql_WithResolution_ShouldBuildCorrectJql" computerName="DESKTOP-I52018A" duration="00:00:00.0000671" startTime="2026-09-06T18:46:07.0214357+02:00" endTime="2026-09-06T18:46:07.0215320+02:00" testType="13cdc9d9-ddb5-4fa4-a97d-d965ccfc6d4b" outcome="Passed" testListId="8c84fa94-04c1-424b-9868-57a2d4851a1d" relativeResultsDirectory="d1e5d816-4539-41ec-8f8b-13eb9bd9dd23" />
    <UnitTestResult executionId="4931e09b-1186-41dd-b299-d4d03839c8ec" testId="58ce819e-e488-5fb8-85aa-fa8d8b5bc644" testName="WhenIssuesFilteredByAssignee_ShouldReturnFilteredResults" computerName="DESKTOP-I52018A" duration="00:00:00.0419555" startTime="2026-09-06T18:46:06.3481893+02:00" endTime="2026-09-06T18:46:06.3902504+02:00" testType="13cdc9d9-ddb5-4fa4-a97d-d965ccfc6d4b" outcome="Passed" testListId="8c84fa94-04c1-424b-9868-57a2d4851a1d" relativeResultsDirectory="4931e09b-1186-41dd-b299-d4d03839c8ec" />
    <UnitTestResult executionId="ecaea1f2-2052-4da1-9556-5d5a024ad315" testId="256217c1-173c-cb0d-fdf1-ab06f376a9d4" testName="BuildJql_WithStatus_ShouldBuildCorrectJql" computerName="DESKTOP-I52018A" duration="00:00:00.0000481" startTime="2026-09-06T18:46:07.0181357+02:00" endTime="2026-09-06T18:46:07.0182116+02:00" testType="13cdc9d9-ddb5-4fa4-a97d-d965ccfc6d4b" outcome="Passed" testListId="8c84fa94-04c1-424b-9868-57a2d4851a1d" relativeResultsDirectory="ecaea1f2-2052-4da1-9556-5d5a024ad315" />
    <UnitTestResult executionId="2653ca1e-abe5-4cb2-b4c1-603c2f8bb6b9" testId="ec4e782f-2280-5122-abd0-a58929b23b20" testName="WhenIssuesFilteredByMultipleConditions_ShouldReturnFilteredResults" computerName="DESKTOP-I52018A" duration="00:00:00.0464082" startTime="2026-09-06T18:46:06.4333484+02:00" endTime="2026-09-06T18:46:06.4798569+02:00" testType="13cdc9d9-ddb5-4fa4-a97d-d965ccfc6d4b" outcome="Passed" testListId="8c84fa94-04c1-424b-9868-57a2d4851a1d" relativeResultsDirectory="2653ca1e-abe5-4cb2-b4c1-603c2f8bb6b9" />
    <UnitTestResult executionId="14fb7344-7c55-427a-8ae6-18d0581f5bfe" testId="f778447c-7335-ec2e-a27b-b612d524dda1" testName="BuildJql_WithProjectKey_ShouldBuildCorrectJql" computerName="DESKTOP-I52018A" duration="00:00:00.0000462" startTime="2026-09-06T18:46:07.0191426+02:00" endTime="2026-09-06T18:46:07.0192079+02:00" testType="13cdc9d9-ddb5-4fa4-a97d-d965ccfc6d4b" outcome="Passed" testListId="8c84fa94-04c1-424b-9868-57a2d4851a1d" relativeResultsDirectory="14fb7344-7c55-427a-8ae6-18d0581f5bfe" />
    <UnitTestResult executionId="930ed039-aecf-4b24-bda0-6466faf9db62" testId="313aa507-700f-e5ef-1ce0-75eed8863cb8" testName="WhenCommentsFilteredByAuthor_ShouldReturnFilteredResults" computerName="DESKTOP-I52018A" duration="00:00:00.2035894" startTime="2026-09-06T18:46:06.0469298+02:00" endTime="2026-09-06T18:46:06.2507563+02:00" testType="13cdc9d9-ddb5-4fa4-a97d-d965ccfc6d4b" outcome="Passed" testListId="8c84fa94-04c1-424b-9868-57a2d4851a1d" relativeResultsDirectory="930ed039-aecf-4b24-bda0-6466faf9db62" />
    <UnitTestResult executionId="50d2f98d-3e98-4fa1-91b2-e3db91459737" testId="070ac88c-7ffe-1eff-4aaf-c4f28fbaa303" testName="BuildJql_WithReporter_ShouldBuildCorrectJql" computerName="DESKTOP-I52018A" duration="00:00:00.0000514" startTime="2026-09-06T18:46:07.0190646+02:00" endTime="2026-09-06T18:46:07.0191344+02:00" testType="13cdc9d9-ddb5-4fa4-a97d-d965ccfc6d4b" outcome="Passed" testListId="8c84fa94-04c1-424b-9868-57a2d4851a1d" relativeResultsDirectory="50d2f98d-3e98-4fa1-91b2-e3db91459737" />
    <UnitTestResult executionId="53094b94-b604-4799-af28-6832d72398e0" testId="03efc9fb-d698-f018-e58d-536b97a5abee" testName="WhenIssuesFilteredByStatus_ShouldReturnFilteredResults" computerName="DESKTOP-I52018A" duration="00:00:00.0493864" startTime="2026-09-06T18:46:06.2986230+02:00" endTime="2026-09-06T18:46:06.3481346+02:00" testType="13cdc9d9-ddb5-4fa4-a97d-d965ccfc6d4b" outcome="Passed" testListId="8c84fa94-04c1-424b-9868-57a2d4851a1d" relativeResultsDirectory="53094b94-b604-4799-af28-6832d72398e0" />
    <UnitTestResult executionId="73f668b7-970c-4029-b57c-678173c82444" testId="7ac51745-d6fd-16d9-6eaf-995ea6456535" testName="BuildJql_WithParentKey_ShouldBuildCorrectJql" computerName="DESKTOP-I52018A" duration="00:00:00.0000497" startTime="2026-09-06T18:46:07.0209635+02:00" endTime="2026-09-06T18:46:07.0210296+02:00" testType="13cdc9d9-ddb5-4fa4-a97d-d965ccfc6d4b" outcome="Passed" testListId="8c84fa94-04c1-424b-9868-57a2d4851a1d" relativeResultsDirectory="73f668b7-970c-4029-b57c-678173c82444" />
    <UnitTestResult executionId="847e9055-0429-443c-94bd-e08c74d740db" testId="c82daa88-2f0b-4db8-985f-187816203811" testName="WhenCommentsQueried_ShouldReturnValues" computerName="DESKTOP-I52018A" duration="00:00:01.6321947" startTime="2026-09-06T18:46:04.3540554+02:00" endTime="2026-09-06T18:46:05.9952845+02:00" testType="13cdc9d9-ddb5-4fa4-a97d-d965ccfc6d4b" outcome="Passed" testListId="8c84fa94-04c1-424b-9868-57a2d4851a1d" relativeResultsDirectory="847e9055-0429-443c-94bd-e08c74d740db" />
    <UnitTestResult executionId="676e8015-e661-43c7-8fef-19acb1b43406" testId="c633b78b-7cbf-b7e3-49bd-84d21c0b345b" testName="TryPlanSource_WhenCreatedOrderAndSliceAreRequested_AcceptsOrderAndSlice" computerName="DESKTOP-I52018A" duration="00:00:00.0010301" startTime="2026-09-06T18:46:06.8042523+02:00" endTime="2026-09-06T18:46:06.8053353+02:00" testType="13cdc9d9-ddb5-4fa4-a97d-d965ccfc6d4b" outcome="Passed" testListId="8c84fa94-04c1-424b-9868-57a2d4851a1d" relativeResultsDirectory="676e8015-e661-43c7-8fef-19acb1b43406" />
    <UnitTestResult executionId="b1000860-c201-48ea-a9c0-26bf3deb8230" testId="978b667a-a855-bb2e-7495-657c66c833b0" testName="WhenIssuesQueried_ShouldReturnValues" computerName="DESKTOP-I52018A" duration="00:00:00.0476266" startTime="2026-09-06T18:46:06.2508129+02:00" endTime="2026-09-06T18:46:06.2985726+02:00" testType="13cdc9d9-ddb5-4fa4-a97d-d965ccfc6d4b" outcome="Passed" testListId="8c84fa94-04c1-424b-9868-57a2d4851a1d" relativeResultsDirectory="b1000860-c201-48ea-a9c0-26bf3deb8230" />
    <UnitTestResult executionId="cbac249c-0833-4705-a664-e81e5fa5b69f" testId="aa8e3800-471d-71ba-fb15-4c7c88aed2b5" testName="WhenIssuesFilteredByType_ShouldReturnFilteredResults" computerName="DESKTOP-I52018A" duration="00:00:00.0429073" startTime="2026-09-06T18:46:06.3902959+02:00" endTime="2026-09-06T18:46:06.4333013+02:00" testType="13cdc9d9-ddb5-4fa4-a97d-d965ccfc6d4b" outcome="Passed" testListId="8c84fa94-04c1-424b-9868-57a2d4851a1d" relativeResultsDirectory="cbac249c-0833-4705-a664-e81e5fa5b69f" />
    <UnitTestResult executionId="1f58b864-3bb0-40b7-9654-4989096bd846" testId="9db14fdc-498c-1cfb-e154-93d839fd07be" testName="WhenProjectsFilteredByKey_ShouldReturnFilteredResults" computerName="DESKTOP-I52018A" duration="00:00:00.0689683" startTime="2026-09-06T18:46:06.6891570+02:00" endTime="2026-09-06T18:46:06.7582271+02:00" testType="13cdc9d9-ddb5-4fa4-a97d-d965ccfc6d4b" outcome="Passed" testListId="8c84fa94-04c1-424b-9868-57a2d4851a1d" relativeResultsDirectory="1f58b864-3bb0-40b7-9654-4989096bd846" />
    <UnitTestResult executionId="3a003c86-96d7-4a54-8fe2-f5141dcff1d6" testId="a050b1c6-d528-679c-6dd7-b2b366b3dc43" testName="BuildJql_WithFixVersion_ShouldBuildCorrectJql" computerName="DESKTOP-I52018A" duration="00:00:00.0000400" startTime="2026-09-06T18:46:07.0210363+02:00" endTime="2026-09-06T18:46:07.0210937+02:00" testType="13cdc9d9-ddb5-4fa4-a97d-d965ccfc6d4b" outcome="Passed" testListId="8c84fa94-04c1-424b-9868-57a2d4851a1d" relativeResultsDirectory="3a003c86-96d7-4a54-8fe2-f5141dcff1d6" />
    <UnitTestResult executionId="f3054432-f712-4c1c-818c-02b0df418422" testId="25c4a7f4-8dfc-697d-c745-260db49590cd" testName="BuildJql_WithBaseJql_ShouldIncludeBase" computerName="DESKTOP-I52018A" duration="00:00:00.0001450" startTime="2026-09-06T18:46:07.0179393+02:00" endTime="2026-09-06T18:46:07.0181220+02:00" testType="13cdc9d9-ddb5-4fa4-a97d-d965ccfc6d4b" outcome="Passed" testListId="8c84fa94-04c1-424b-9868-57a2d4851a1d" relativeResultsDirectory="f3054432-f712-4c1c-818c-02b0df418422" />
    <UnitTestResult executionId="b70e10c1-2ade-4517-9536-7ead61a99d69" testId="d7bbcdd0-37e4-5b8b-3ce2-baff7de1b234" testName="BuildJql_WithType_ShouldUseIssuetype" computerName="DESKTOP-I52018A" duration="00:00:00.0000358" startTime="2026-09-06T18:46:07.0182201+02:00" endTime="2026-09-06T18:46:07.0182755+02:00" testType="13cdc9d9-ddb5-4fa4-a97d-d965ccfc6d4b" outcome="Passed" testListId="8c84fa94-04c1-424b-9868-57a2d4851a1d" relativeResultsDirectory="b70e10c1-2ade-4517-9536-7ead61a99d69" />
    <UnitTestResult executionId="09186572-913a-4766-b138-6f0f4cf82767" testId="6a8e817e-2ca8-aca2-92f0-d8150a1e70b5" testName="BuildJql_WithUpdatedRange_ShouldBuildCorrectJql" computerName="DESKTOP-I52018A" duration="00:00:00.0001177" startTime="2026-09-06T18:46:07.0201292+02:00" endTime="2026-09-06T18:46:07.0202737+02:00" testType="13cdc9d9-ddb5-4fa4-a97d-d965ccfc6d4b" outcome="Passed" testListId="8c84fa94-04c1-424b-9868-57a2d4851a1d" relativeResultsDirectory="09186572-913a-4766-b138-6f0f4cf82767" />
    <UnitTestResult executionId="bc3eb019-8da6-46fc-b849-f51df897ca3f" testId="fa839e79-46dc-bbb1-b9d4-ed1dfb57f538" testName="BuildJql_WithAssignee_ShouldBuildCorrectJql" computerName="DESKTOP-I52018A" duration="00:00:00.0000428" startTime="2026-09-06T18:46:07.0189313+02:00" endTime="2026-09-06T18:46:07.0189976+02:00" testType="13cdc9d9-ddb5-4fa4-a97d-d965ccfc6d4b" outcome="Passed" testListId="8c84fa94-04c1-424b-9868-57a2d4851a1d" relativeResultsDirectory="bc3eb019-8da6-46fc-b849-f51df897ca3f" />
    <UnitTestResult executionId="183d6bc7-349e-47a7-b0e5-1fa3f2d9d8aa" testId="62811e49-2b29-6e77-a40e-1dc777abaef4" testName="BuildJql_WithMultipleParameters_ShouldCombineWithAnd" computerName="DESKTOP-I52018A" duration="00:00:00.0000478" startTime="2026-09-06T18:46:07.0208346+02:00" endTime="2026-09-06T18:46:07.0209027+02:00" testType="13cdc9d9-ddb5-4fa4-a97d-d965ccfc6d4b" outcome="Passed" testListId="8c84fa94-04c1-424b-9868-57a2d4851a1d" relativeResultsDirectory="183d6bc7-349e-47a7-b0e5-1fa3f2d9d8aa" />
    <UnitTestResult executionId="d1f890f2-c3f7-40e3-bba5-e7106ae17c0e" testId="706cc0a6-bc09-f6a0-fe30-1f20849e9a4c" testName="BuildJql_WithSpecialCharacters_ShouldEscapeCorrectly" computerName="DESKTOP-I52018A" duration="00:00:00.0000287" startTime="2026-09-06T18:46:07.0209094+02:00" endTime="2026-09-06T18:46:07.0209572+02:00" testType="13cdc9d9-ddb5-4fa4-a97d-d965ccfc6d4b" outcome="Passed" testListId="8c84fa94-04c1-424b-9868-57a2d4851a1d" relativeResultsDirectory="d1f890f2-c3f7-40e3-bba5-e7106ae17c0e" />
    <UnitTestResult executionId="5e639140-2f8c-418b-aa53-f63587b9d116" testId="c8c923f2-3784-c11b-b0e1-3d00cab46fb8" testName="TryPlanSource_WhenUnsupportedOrderIsRequested_KeepsOrderAndSliceResidual" computerName="DESKTOP-I52018A" duration="00:00:00.0003158" startTime="2026-09-06T18:46:06.8053545+02:00" endTime="2026-09-06T18:46:06.8057072+02:00" testType="13cdc9d9-ddb5-4fa4-a97d-d965ccfc6d4b" outcome="Passed" testListId="8c84fa94-04c1-424b-9868-57a2d4851a1d" relativeResultsDirectory="5e639140-2f8c-418b-aa53-f63587b9d116" />
    <UnitTestResult executionId="4ab0229c-aa69-49f3-9076-0a2c516092c7" testId="3c7dfe96-de38-0a79-59b4-7db807f1a5d5" testName="EveryJiraConstructor_HasOneExactStarContract" computerName="DESKTOP-I52018A" duration="00:00:00.2112340" startTime="2026-09-06T18:46:06.8063281+02:00" endTime="2026-09-06T18:46:07.0176389+02:00" testType="13cdc9d9-ddb5-4fa4-a97d-d965ccfc6d4b" outcome="Passed" testListId="8c84fa94-04c1-424b-9868-57a2d4851a1d" relativeResultsDirectory="4ab0229c-aa69-49f3-9076-0a2c516092c7" />
  </Results>
  <TestDefinitions>
    <UnitTest name="BuildJql_WithResolution_ShouldBuildCorrectJql" storage="d:\repos\musoq.datasources\musoq.datasources.jira.tests\bin\release\net10.0\musoq.datasources.jira.tests.dll" id="768eb8df-d685-795f-6ba7-f4c08af59f81">
      <Execution id="d1e5d816-4539-41ec-8f8b-13eb9bd9dd23" />
      <TestMethod codeBase="D:\repos\Musoq.DataSources\Musoq.DataSources.Jira.Tests\bin\Release\net10.0\Musoq.DataSources.Jira.Tests.dll" adapterTypeName="executor://mstestadapter/v2" className="Musoq.DataSources.Jira.Tests.JqlBuilderTests" name="BuildJql_WithResolution_ShouldBuildCorrectJql" />
    </UnitTest>
    <UnitTest name="TryPlanSource_WhenUnsupportedOrderIsRequested_KeepsOrderAndSliceResidual" storage="d:\repos\musoq.datasources\musoq.datasources.jira.tests\bin\release\net10.0\musoq.datasources.jira.tests.dll" id="c8c923f2-3784-c11b-b0e1-3d00cab46fb8">
      <Execution id="5e639140-2f8c-418b-aa53-f63587b9d116" />
      <TestMethod codeBase="D:\repos\Musoq.DataSources\Musoq.DataSources.Jira.Tests\bin\Release\net10.0\Musoq.DataSources.Jira.Tests.dll" adapterTypeName="executor://mstestadapter/v2" className="Musoq.DataSources.Jira.Tests.JiraRuntimeV2PlanningTests" name="TryPlanSource_WhenUnsupportedOrderIsRequested_KeepsOrderAndSliceResidual" />
    </UnitTest>
    <UnitTest name="WhenIssuesFilteredByStatus_ShouldReturnFilteredResults" storage="d:\repos\musoq.datasources\musoq.datasources.jira.tests\bin\release\net10.0\musoq.datasources.jira.tests.dll" id="03efc9fb-d698-f018-e58d-536b97a5abee">
      <Execution id="53094b94-b604-4799-af28-6832d72398e0" />
      <TestMethod codeBase="D:\repos\Musoq.DataSources\Musoq.DataSources.Jira.Tests\bin\Release\net10.0\Musoq.DataSources.Jira.Tests.dll" adapterTypeName="executor://mstestadapter/v2" className="Musoq.DataSources.Jira.Tests.JiraIssuesTests" name="WhenIssuesFilteredByStatus_ShouldReturnFilteredResults" />
    </UnitTest>
    <UnitTest name="WhenProjectsFilteredByKey_ShouldReturnFilteredResults" storage="d:\repos\musoq.datasources\musoq.datasources.jira.tests\bin\release\net10.0\musoq.datasources.jira.tests.dll" id="9db14fdc-498c-1cfb-e154-93d839fd07be">
      <Execution id="1f58b864-3bb0-40b7-9654-4989096bd846" />
      <TestMethod codeBase="D:\repos\Musoq.DataSources\Musoq.DataSources.Jira.Tests\bin\Release\net10.0\Musoq.DataSources.Jira.Tests.dll" adapterTypeName="executor://mstestadapter/v2" className="Musoq.DataSources.Jira.Tests.JiraProjectsTests" name="WhenProjectsFilteredByKey_ShouldReturnFilteredResults" />
    </UnitTest>
    <UnitTest name="WhenCommentsFilteredByAuthor_ShouldReturnFilteredResults" storage="d:\repos\musoq.datasources\musoq.datasources.jira.tests\bin\release\net10.0\musoq.datasources.jira.tests.dll" id="313aa507-700f-e5ef-1ce0-75eed8863cb8">
      <Execution id="930ed039-aecf-4b24-bda0-6466faf9db62" />
      <TestMethod codeBase="D:\repos\Musoq.DataSources\Musoq.DataSources.Jira.Tests\bin\Release\net10.0\Musoq.DataSources.Jira.Tests.dll" adapterTypeName="executor://mstestadapter/v2" className="Musoq.DataSources.Jira.Tests.JiraCommentsTests" name="WhenCommentsFilteredByAuthor_ShouldReturnFilteredResults" />
    </UnitTest>
    <UnitTest name="TryPlanSource_WhenSupportedAndUnsupportedIssuePredicatesAreUsed_SplitsAcceptedAndResidual" storage="d:\repos\musoq.datasources\musoq.datasources.jira.tests\bin\release\net10.0\musoq.datasources.jira.tests.dll" id="77e6d4a3-a222-fc68-4aba-b32003c4ee5e">
      <Execution id="324bb808-12cf-4b79-a7c6-516ae8c9781c" />
      <TestMethod codeBase="D:\repos\Musoq.DataSources\Musoq.DataSources.Jira.Tests\bin\Release\net10.0\Musoq.DataSources.Jira.Tests.dll" adapterTypeName="executor://mstestadapter/v2" className="Musoq.DataSources.Jira.Tests.JiraRuntimeV2PlanningTests" name="TryPlanSource_WhenSupportedAndUnsupportedIssuePredicatesAreUsed_SplitsAcceptedAndResidual" />
    </UnitTest>
    <UnitTest name="WhenNoProjectsFound_ShouldReturnEmptyTable" storage="d:\repos\musoq.datasources\musoq.datasources.jira.tests\bin\release\net10.0\musoq.datasources.jira.tests.dll" id="661bd89e-bbba-12cb-680a-f2635a8c699c">
      <Execution id="aeb65945-444f-4bda-8369-9190632cf757" />
      <TestMethod codeBase="D:\repos\Musoq.DataSources\Musoq.DataSources.Jira.Tests\bin\Release\net10.0\Musoq.DataSources.Jira.Tests.dll" adapterTypeName="executor://mstestadapter/v2" className="Musoq.DataSources.Jira.Tests.JiraProjectsTests" name="WhenNoProjectsFound_ShouldReturnEmptyTable" />
    </UnitTest>
    <UnitTest name="BuildJql_WithBaseJql_ShouldIncludeBase" storage="d:\repos\musoq.datasources\musoq.datasources.jira.tests\bin\release\net10.0\musoq.datasources.jira.tests.dll" id="25c4a7f4-8dfc-697d-c745-260db49590cd">
      <Execution id="f3054432-f712-4c1c-818c-02b0df418422" />
      <TestMethod codeBase="D:\repos\Musoq.DataSources\Musoq.DataSources.Jira.Tests\bin\Release\net10.0\Musoq.DataSources.Jira.Tests.dll" adapterTypeName="executor://mstestadapter/v2" className="Musoq.DataSources.Jira.Tests.JqlBuilderTests" name="BuildJql_WithBaseJql_ShouldIncludeBase" />
    </UnitTest>
    <UnitTest name="BuildJql_WithSpecialCharacters_ShouldEscapeCorrectly" storage="d:\repos\musoq.datasources\musoq.datasources.jira.tests\bin\release\net10.0\musoq.datasources.jira.tests.dll" id="706cc0a6-bc09-f6a0-fe30-1f20849e9a4c">
      <Execution id="d1f890f2-c3f7-40e3-bba5-e7106ae17c0e" />
      <TestMethod codeBase="D:\repos\Musoq.DataSources\Musoq.DataSources.Jira.Tests\bin\Release\net10.0\Musoq.DataSources.Jira.Tests.dll" adapterTypeName="executor://mstestadapter/v2" className="Musoq.DataSources.Jira.Tests.JqlBuilderTests" name="BuildJql_WithSpecialCharacters_ShouldEscapeCorrectly" />
    </UnitTest>
    <UnitTest name="BuildJql_WithSummaryContains_ShouldUseTildeOperator" storage="d:\repos\musoq.datasources\musoq.datasources.jira.tests\bin\release\net10.0\musoq.datasources.jira.tests.dll" id="9fd38717-fab0-21da-93c3-3e0718f43c7e">
      <Execution id="3ad62726-9553-4a32-bd73-17834e8d903f" />
      <TestMethod codeBase="D:\repos\Musoq.DataSources\Musoq.DataSources.Jira.Tests\bin\Release\net10.0\Musoq.DataSources.Jira.Tests.dll" adapterTypeName="executor://mstestadapter/v2" className="Musoq.DataSources.Jira.Tests.JqlBuilderTests" name="BuildJql_WithSummaryContains_ShouldUseTildeOperator" />
    </UnitTest>
    <UnitTest name="BuildJql_WithFixVersion_ShouldBuildCorrectJql" storage="d:\repos\musoq.datasources\musoq.datasources.jira.tests\bin\release\net10.0\musoq.datasources.jira.tests.dll" id="a050b1c6-d528-679c-6dd7-b2b366b3dc43">
      <Execution id="3a003c86-96d7-4a54-8fe2-f5141dcff1d6" />
      <TestMethod codeBase="D:\repos\Musoq.DataSources\Musoq.DataSources.Jira.Tests\bin\Release\net10.0\Musoq.DataSources.Jira.Tests.dll" adapterTypeName="executor://mstestadapter/v2" className="Musoq.DataSources.Jira.Tests.JqlBuilderTests" name="BuildJql_WithFixVersion_ShouldBuildCorrectJql" />
    </UnitTest>
    <UnitTest name="TryPlanSource_WhenRequiredColumnsArePresent_DoesNotAcceptProjection" storage="d:\repos\musoq.datasources\musoq.datasources.jira.tests\bin\release\net10.0\musoq.datasources.jira.tests.dll" id="64b776cb-3c56-f98e-553a-b23e4d5d7bd2">
      <Execution id="ee8906fc-9ac9-4984-9d90-0ffe56807bf0" />
      <TestMethod codeBase="D:\repos\Musoq.DataSources\Musoq.DataSources.Jira.Tests\bin\Release\net10.0\Musoq.DataSources.Jira.Tests.dll" adapterTypeName="executor://mstestadapter/v2" className="Musoq.DataSources.Jira.Tests.JiraRuntimeV2PlanningTests" name="TryPlanSource_WhenRequiredColumnsArePresent_DoesNotAcceptProjection" />
    </UnitTest>
    <UnitTest name="TryPlanSource_WhenCreatedOrderAndSliceAreRequested_AcceptsOrderAndSlice" storage="d:\repos\musoq.datasources\musoq.datasources.jira.tests\bin\release\net10.0\musoq.datasources.jira.tests.dll" id="c633b78b-7cbf-b7e3-49bd-84d21c0b345b">
      <Execution id="676e8015-e661-43c7-8fef-19acb1b43406" />
      <TestMethod codeBase="D:\repos\Musoq.DataSources\Musoq.DataSources.Jira.Tests\bin\Release\net10.0\Musoq.DataSources.Jira.Tests.dll" adapterTypeName="executor://mstestadapter/v2" className="Musoq.DataSources.Jira.Tests.JiraRuntimeV2PlanningTests" name="TryPlanSource_WhenCreatedOrderAndSliceAreRequested_AcceptsOrderAndSlice" />
    </UnitTest>
    <UnitTest name="BuildJql_WithProjectKey_ShouldBuildCorrectJql" storage="d:\repos\musoq.datasources\musoq.datasources.jira.tests\bin\release\net10.0\musoq.datasources.jira.tests.dll" id="f778447c-7335-ec2e-a27b-b612d524dda1">
      <Execution id="14fb7344-7c55-427a-8ae6-18d0581f5bfe" />
      <TestMethod codeBase="D:\repos\Musoq.DataSources\Musoq.DataSources.Jira.Tests\bin\Release\net10.0\Musoq.DataSources.Jira.Tests.dll" adapterTypeName="executor://mstestadapter/v2" className="Musoq.DataSources.Jira.Tests.JqlBuilderTests" name="BuildJql_WithProjectKey_ShouldBuildCorrectJql" />
    </UnitTest>
    <UnitTest name="BuildJql_WithTextSearch_ShouldUseTildeOperator" storage="d:\repos\musoq.datasources\musoq.datasources.jira.tests\bin\release\net10.0\musoq.datasources.jira.tests.dll" id="a6ff4688-0f19-8297-4718-bf40bea29695">
      <Execution id="cf5ff05d-d358-463d-995a-b4f65c92aa69" />
      <TestMethod codeBase="D:\repos\Musoq.DataSources\Musoq.DataSources.Jira.Tests\bin\Release\net10.0\Musoq.DataSources.Jira.Tests.dll" adapterTypeName="executor://mstestadapter/v2" className="Musoq.DataSources.Jira.Tests.JqlBuilderTests" name="BuildJql_WithTextSearch_ShouldUseTildeOperator" />
    </UnitTest>
    <UnitTest name="BuildJql_WithExclusiveDateBounds_ShouldUseStrictOperators" storage="d:\repos\musoq.datasources\musoq.datasources.jira.tests\bin\release\net10.0\musoq.datasources.jira.tests.dll" id="a1bd4b0f-9dda-4935-2fc1-13cf4b9f3a78">
      <Execution id="9f8c9031-b088-4b5b-865a-567d497b9ce4" />
      <TestMethod codeBase="D:\repos\Musoq.DataSources\Musoq.DataSources.Jira.Tests\bin\Release\net10.0\Musoq.DataSources.Jira.Tests.dll" adapterTypeName="executor://mstestadapter/v2" className="Musoq.DataSources.Jira.Tests.JqlBuilderTests" name="BuildJql_WithExclusiveDateBounds_ShouldUseStrictOperators" />
    </UnitTest>
    <UnitTest name="BuildJql_WithCreatedBefore_ShouldBuildCorrectJql" storage="d:\repos\musoq.datasources\musoq.datasources.jira.tests\bin\release\net10.0\musoq.datasources.jira.tests.dll" id="4b5af9d8-32f2-53bf-a005-a911b84fd10e">
      <Execution id="cb448ac2-654f-4902-b773-3cefabd0a5e0" />
      <TestMethod codeBase="D:\repos\Musoq.DataSources\Musoq.DataSources.Jira.Tests\bin\Release\net10.0\Musoq.DataSources.Jira.Tests.dll" adapterTypeName="executor://mstestadapter/v2" className="Musoq.DataSources.Jira.Tests.JqlBuilderTests" name="BuildJql_WithCreatedBefore_ShouldBuildCorrectJql" />
    </UnitTest>
    <UnitTest name="EveryJiraConstructor_HasOneExactStarContract" storage="d:\repos\musoq.datasources\musoq.datasources.jira.tests\bin\release\net10.0\musoq.datasources.jira.tests.dll" id="3c7dfe96-de38-0a79-59b4-7db807f1a5d5">
      <Execution id="4ab0229c-aa69-49f3-9076-0a2c516092c7" />
      <TestMethod codeBase="D:\repos\Musoq.DataSources\Musoq.DataSources.Jira.Tests\bin\Release\net10.0\Musoq.DataSources.Jira.Tests.dll" adapterTypeName="executor://mstestadapter/v2" className="Musoq.DataSources.Jira.Tests.JiraStarContractTests" name="EveryJiraConstructor_HasOneExactStarContract" />
    </UnitTest>
    <UnitTest name="WhenIssuesQueried_ShouldReturnAllColumns" storage="d:\repos\musoq.datasources\musoq.datasources.jira.tests\bin\release\net10.0\musoq.datasources.jira.tests.dll" id="9535762b-03cd-4245-df9d-684e3f1ae2fb">
      <Execution id="c3b5eee1-b3e1-45b6-91c2-d4d22014adf7" />
      <TestMethod codeBase="D:\repos\Musoq.DataSources\Musoq.DataSources.Jira.Tests\bin\Release\net10.0\Musoq.DataSources.Jira.Tests.dll" adapterTypeName="executor://mstestadapter/v2" className="Musoq.DataSources.Jira.Tests.JiraIssuesTests" name="WhenIssuesQueried_ShouldReturnAllColumns" />
    </UnitTest>
    <UnitTest name="WhenIssuesFilteredByMultipleConditions_ShouldReturnFilteredResults" storage="d:\repos\musoq.datasources\musoq.datasources.jira.tests\bin\release\net10.0\musoq.datasources.jira.tests.dll" id="ec4e782f-2280-5122-abd0-a58929b23b20">
      <Execution id="2653ca1e-abe5-4cb2-b4c1-603c2f8bb6b9" />
      <TestMethod codeBase="D:\repos\Musoq.DataSources\Musoq.DataSources.Jira.Tests\bin\Release\net10.0\Musoq.DataSources.Jira.Tests.dll" adapterTypeName="executor://mstestadapter/v2" className="Musoq.DataSources.Jira.Tests.JiraIssuesTests" name="WhenIssuesFilteredByMultipleConditions_ShouldReturnFilteredResults" />
    </UnitTest>
    <UnitTest name="BuildJql_WithAcceptedOrder_ShouldAppendOrderBy" storage="d:\repos\musoq.datasources\musoq.datasources.jira.tests\bin\release\net10.0\musoq.datasources.jira.tests.dll" id="03648352-f662-2ec3-630e-647d47df7e5e">
      <Execution id="03e26a46-872b-4447-9ebb-7358d2ae54b5" />
      <TestMethod codeBase="D:\repos\Musoq.DataSources\Musoq.DataSources.Jira.Tests\bin\Release\net10.0\Musoq.DataSources.Jira.Tests.dll" adapterTypeName="executor://mstestadapter/v2" className="Musoq.DataSources.Jira.Tests.JqlBuilderTests" name="BuildJql_WithAcceptedOrder_ShouldAppendOrderBy" />
    </UnitTest>
    <UnitTest name="BuildJql_WithNoParameters_ShouldReturnDefaultOrder" storage="d:\repos\musoq.datasources\musoq.datasources.jira.tests\bin\release\net10.0\musoq.datasources.jira.tests.dll" id="6eb7d38e-ce3c-f4f0-ea02-e7f6731482cd">
      <Execution id="d0a43762-51c4-4f01-bc54-a807a81acd76" />
      <TestMethod codeBase="D:\repos\Musoq.DataSources\Musoq.DataSources.Jira.Tests\bin\Release\net10.0\Musoq.DataSources.Jira.Tests.dll" adapterTypeName="executor://mstestadapter/v2" className="Musoq.DataSources.Jira.Tests.JqlBuilderTests" name="BuildJql_WithNoParameters_ShouldReturnDefaultOrder" />
    </UnitTest>
    <UnitTest name="WhenNoCommentsFound_ShouldReturnEmptyTable" storage="d:\repos\musoq.datasources\musoq.datasources.jira.tests\bin\release\net10.0\musoq.datasources.jira.tests.dll" id="dbbd1734-6ba8-9968-7cd5-41bee621a1a3">
      <Execution id="60f18a4e-26f4-4f58-9602-23d85d46b3b0" />
      <TestMethod codeBase="D:\repos\Musoq.DataSources\Musoq.DataSources.Jira.Tests\bin\Release\net10.0\Musoq.DataSources.Jira.Tests.dll" adapterTypeName="executor://mstestadapter/v2" className="Musoq.DataSources.Jira.Tests.JiraCommentsTests" name="WhenNoCommentsFound_ShouldReturnEmptyTable" />
    </UnitTest>
    <UnitTest name="WhenProjectsQueried_ShouldReturnAllColumns" storage="d:\repos\musoq.datasources\musoq.datasources.jira.tests\bin\release\net10.0\musoq.datasources.jira.tests.dll" id="27febc42-f81f-9a9f-0d26-5d967198dc11">
      <Execution id="550861f5-15a5-470a-9f69-cfcfab791b32" />
      <TestMethod codeBase="D:\repos\Musoq.DataSources\Musoq.DataSources.Jira.Tests\bin\Release\net10.0\Musoq.DataSources.Jira.Tests.dll" adapterTypeName="executor://mstestadapter/v2" className="Musoq.DataSources.Jira.Tests.JiraProjectsTests" name="WhenProjectsQueried_ShouldReturnAllColumns" />
    </UnitTest>
    <UnitTest name="BuildJql_WithUpdatedRange_ShouldBuildCorrectJql" storage="d:\repos\musoq.datasources\musoq.datasources.jira.tests\bin\release\net10.0\musoq.datasources.jira.tests.dll" id="6a8e817e-2ca8-aca2-92f0-d8150a1e70b5">
      <Execution id="09186572-913a-4766-b138-6f0f4cf82767" />
      <TestMethod codeBase="D:\repos\Musoq.DataSources\Musoq.DataSources.Jira.Tests\bin\Release\net10.0\Musoq.DataSources.Jira.Tests.dll" adapterTypeName="executor://mstestadapter/v2" className="Musoq.DataSources.Jira.Tests.JqlBuilderTests" name="BuildJql_WithUpdatedRange_ShouldBuildCorrectJql" />
    </UnitTest>
    <UnitTest name="TryPlanSource_WhenProjectPredicateIsUsed_KeepsPredicateResidual" storage="d:\repos\musoq.datasources\musoq.datasources.jira.tests\bin\release\net10.0\musoq.datasources.jira.tests.dll" id="303f6553-c177-c254-fe79-59f90f7392bc">
      <Execution id="94dcc882-20d4-4f33-aa6a-77174f7e7eaf" />
      <TestMethod codeBase="D:\repos\Musoq.DataSources\Musoq.DataSources.Jira.Tests\bin\Release\net10.0\Musoq.DataSources.Jira.Tests.dll" adapterTypeName="executor://mstestadapter/v2" className="Musoq.DataSources.Jira.Tests.JiraRuntimeV2PlanningTests" name="TryPlanSource_WhenProjectPredicateIsUsed_KeepsPredicateResidual" />
    </UnitTest>
    <UnitTest name="WhenProjectsQueried_ShouldReturnValues" storage="d:\repos\musoq.datasources\musoq.datasources.jira.tests\bin\release\net10.0\musoq.datasources.jira.tests.dll" id="1b8bffb8-9988-ba83-73d0-3a8390773ea0">
      <Execution id="a631f513-9e01-4bca-833a-9135c872e6f9" />
      <TestMethod codeBase="D:\repos\Musoq.DataSources\Musoq.DataSources.Jira.Tests\bin\Release\net10.0\Musoq.DataSources.Jira.Tests.dll" adapterTypeName="executor://mstestadapter/v2" className="Musoq.DataSources.Jira.Tests.JiraProjectsTests" name="WhenProjectsQueried_ShouldReturnValues" />
    </UnitTest>
    <UnitTest name="WhenNoIssuesFound_ShouldReturnEmptyTable" storage="d:\repos\musoq.datasources\musoq.datasources.jira.tests\bin\release\net10.0\musoq.datasources.jira.tests.dll" id="4a4042c8-f7f1-60f3-9e79-02238960db43">
      <Execution id="0589a7c5-55a2-4d2b-9762-4d0368e1d5d3" />
      <TestMethod codeBase="D:\repos\Musoq.DataSources\Musoq.DataSources.Jira.Tests\bin\Release\net10.0\Musoq.DataSources.Jira.Tests.dll" adapterTypeName="executor://mstestadapter/v2" className="Musoq.DataSources.Jira.Tests.JiraIssuesTests" name="WhenNoIssuesFound_ShouldReturnEmptyTable" />
    </UnitTest>
    <UnitTest name="BuildJql_WithPriority_ShouldBuildCorrectJql" storage="d:\repos\musoq.datasources\musoq.datasources.jira.tests\bin\release\net10.0\musoq.datasources.jira.tests.dll" id="d78ee3d9-7728-8576-123e-2fd9d0c32c24">
      <Execution id="38b31862-e1c2-4966-b271-e52eb85a7a25" />
      <TestMethod codeBase="D:\repos\Musoq.DataSources\Musoq.DataSources.Jira.Tests\bin\Release\net10.0\Musoq.DataSources.Jira.Tests.dll" adapterTypeName="executor://mstestadapter/v2" className="Musoq.DataSources.Jira.Tests.JqlBuilderTests" name="BuildJql_WithPriority_ShouldBuildCorrectJql" />
    </UnitTest>
    <UnitTest name="TryPlanSource_WhenIssueStatusPredicateIsUsed_AcceptsPredicate" storage="d:\repos\musoq.datasources\musoq.datasources.jira.tests\bin\release\net10.0\musoq.datasources.jira.tests.dll" id="fba85fb1-79e7-5f13-6706-86fff070c810">
      <Execution id="b3ad6a75-0b22-44b9-894d-e6b7a7fc940b" />
      <TestMethod codeBase="D:\repos\Musoq.DataSources\Musoq.DataSources.Jira.Tests\bin\Release\net10.0\Musoq.DataSources.Jira.Tests.dll" adapterTypeName="executor://mstestadapter/v2" className="Musoq.DataSources.Jira.Tests.JiraRuntimeV2PlanningTests" name="TryPlanSource_WhenIssueStatusPredicateIsUsed_AcceptsPredicate" />
    </UnitTest>
    <UnitTest name="BuildJql_WithIssueKey_ShouldBuildCorrectJql" storage="d:\repos\musoq.datasources\musoq.datasources.jira.tests\bin\release\net10.0\musoq.datasources.jira.tests.dll" id="2d8bf240-6981-e19e-29cd-ddca2b779aca">
      <Execution id="d3476a7b-31a7-468a-b2af-06e7cc9cdbef" />
      <TestMethod codeBase="D:\repos\Musoq.DataSources\Musoq.DataSources.Jira.Tests\bin\Release\net10.0\Musoq.DataSources.Jira.Tests.dll" adapterTypeName="executor://mstestadapter/v2" className="Musoq.DataSources.Jira.Tests.JqlBuilderTests" name="BuildJql_WithIssueKey_ShouldBuildCorrectJql" />
    </UnitTest>
    <UnitTest name="BuildJql_WithComponents_ShouldBuildCorrectJql" storage="d:\repos\musoq.datasources\musoq.datasources.jira.tests\bin\release\net10.0\musoq.datasources.jira.tests.dll" id="55f269da-acc4-d4fa-b708-19a4758199ff">
      <Execution id="3fc6315a-e3c1-44af-88b7-186e21c0e826" />
      <TestMethod codeBase="D:\repos\Musoq.DataSources\Musoq.DataSources.Jira.Tests\bin\Release\net10.0\Musoq.DataSources.Jira.Tests.dll" adapterTypeName="executor://mstestadapter/v2" className="Musoq.DataSources.Jira.Tests.JqlBuilderTests" name="BuildJql_WithComponents_ShouldBuildCorrectJql" />
    </UnitTest>
    <UnitTest name="BuildJql_WithParentKey_ShouldBuildCorrectJql" storage="d:\repos\musoq.datasources\musoq.datasources.jira.tests\bin\release\net10.0\musoq.datasources.jira.tests.dll" id="7ac51745-d6fd-16d9-6eaf-995ea6456535">
      <Execution id="73f668b7-970c-4029-b57c-678173c82444" />
      <TestMethod codeBase="D:\repos\Musoq.DataSources\Musoq.DataSources.Jira.Tests\bin\Release\net10.0\Musoq.DataSources.Jira.Tests.dll" adapterTypeName="executor://mstestadapter/v2" className="Musoq.DataSources.Jira.Tests.JqlBuilderTests" name="BuildJql_WithParentKey_ShouldBuildCorrectJql" />
    </UnitTest>
    <UnitTest name="BuildJql_WithLabels_ShouldBuildCorrectJql" storage="d:\repos\musoq.datasources\musoq.datasources.jira.tests\bin\release\net10.0\musoq.datasources.jira.tests.dll" id="21cd9e8c-df81-d2a7-2152-6a75af4ac711">
      <Execution id="850eebfa-9540-4b88-be31-84c12cbe7f6d" />
      <TestMethod codeBase="D:\repos\Musoq.DataSources\Musoq.DataSources.Jira.Tests\bin\Release\net10.0\Musoq.DataSources.Jira.Tests.dll" adapterTypeName="executor://mstestadapter/v2" className="Musoq.DataSources.Jira.Tests.JqlBuilderTests" name="BuildJql_WithLabels_ShouldBuildCorrectJql" />
    </UnitTest>
    <UnitTest name="BuildJql_WithCreatedAfter_ShouldBuildCorrectJql" storage="d:\repos\musoq.datasources\musoq.datasources.jira.tests\bin\release\net10.0\musoq.datasources.jira.tests.dll" id="7c718919-ec15-88b8-8e9e-fdab53dda31f">
      <Execution id="f6df029a-c455-4db8-9a05-c208eb9b094e" />
      <TestMethod codeBase="D:\repos\Musoq.DataSources\Musoq.DataSources.Jira.Tests\bin\Release\net10.0\Musoq.DataSources.Jira.Tests.dll" adapterTypeName="executor://mstestadapter/v2" className="Musoq.DataSources.Jira.Tests.JqlBuilderTests" name="BuildJql_WithCreatedAfter_ShouldBuildCorrectJql" />
    </UnitTest>
    <UnitTest name="WhenIssuesFilteredByAssignee_ShouldReturnFilteredResults" storage="d:\repos\musoq.datasources\musoq.datasources.jira.tests\bin\release\net10.0\musoq.datasources.jira.tests.dll" id="58ce819e-e488-5fb8-85aa-fa8d8b5bc644">
      <Execution id="4931e09b-1186-41dd-b299-d4d03839c8ec" />
      <TestMethod codeBase="D:\repos\Musoq.DataSources\Musoq.DataSources.Jira.Tests\bin\Release\net10.0\Musoq.DataSources.Jira.Tests.dll" adapterTypeName="executor://mstestadapter/v2" className="Musoq.DataSources.Jira.Tests.JiraIssuesTests" name="WhenIssuesFilteredByAssignee_ShouldReturnFilteredResults" />
    </UnitTest>
    <UnitTest name="BuildJql_WithMultipleParameters_ShouldCombineWithAnd" storage="d:\repos\musoq.datasources\musoq.datasources.jira.tests\bin\release\net10.0\musoq.datasources.jira.tests.dll" id="62811e49-2b29-6e77-a40e-1dc777abaef4">
      <Execution id="183d6bc7-349e-47a7-b0e5-1fa3f2d9d8aa" />
      <TestMethod codeBase="D:\repos\Musoq.DataSources\Musoq.DataSources.Jira.Tests\bin\Release\net10.0\Musoq.DataSources.Jira.Tests.dll" adapterTypeName="executor://mstestadapter/v2" className="Musoq.DataSources.Jira.Tests.JqlBuilderTests" name="BuildJql_WithMultipleParameters_ShouldCombineWithAnd" />
    </UnitTest>
    <UnitTest name="TryPlanSource_WhenUnsupportedIssuePredicateIsUsed_KeepsPredicateResidual" storage="d:\repos\musoq.datasources\musoq.datasources.jira.tests\bin\release\net10.0\musoq.datasources.jira.tests.dll" id="05abe49b-4ac6-7699-1bdd-26e1595bf24b">
      <Execution id="dff9f8b0-d3af-4546-8155-686114f39524" />
      <TestMethod codeBase="D:\repos\Musoq.DataSources\Musoq.DataSources.Jira.Tests\bin\Release\net10.0\Musoq.DataSources.Jira.Tests.dll" adapterTypeName="executor://mstestadapter/v2" className="Musoq.DataSources.Jira.Tests.JiraRuntimeV2PlanningTests" name="TryPlanSource_WhenUnsupportedIssuePredicateIsUsed_KeepsPredicateResidual" />
    </UnitTest>
    <UnitTest name="BuildJql_WithType_ShouldUseIssuetype" storage="d:\repos\musoq.datasources\musoq.datasources.jira.tests\bin\release\net10.0\musoq.datasources.jira.tests.dll" id="d7bbcdd0-37e4-5b8b-3ce2-baff7de1b234">
      <Execution id="b70e10c1-2ade-4517-9536-7ead61a99d69" />
      <TestMethod codeBase="D:\repos\Musoq.DataSources\Musoq.DataSources.Jira.Tests\bin\Release\net10.0\Musoq.DataSources.Jira.Tests.dll" adapterTypeName="executor://mstestadapter/v2" className="Musoq.DataSources.Jira.Tests.JqlBuilderTests" name="BuildJql_WithType_ShouldUseIssuetype" />
    </UnitTest>
    <UnitTest name="BuildJql_WithStatus_ShouldBuildCorrectJql" storage="d:\repos\musoq.datasources\musoq.datasources.jira.tests\bin\release\net10.0\musoq.datasources.jira.tests.dll" id="256217c1-173c-cb0d-fdf1-ab06f376a9d4">
      <Execution id="ecaea1f2-2052-4da1-9556-5d5a024ad315" />
      <TestMethod codeBase="D:\repos\Musoq.DataSources\Musoq.DataSources.Jira.Tests\bin\Release\net10.0\Musoq.DataSources.Jira.Tests.dll" adapterTypeName="executor://mstestadapter/v2" className="Musoq.DataSources.Jira.Tests.JqlBuilderTests" name="BuildJql_WithStatus_ShouldBuildCorrectJql" />
    </UnitTest>
    <UnitTest name="WhenCommentsQueried_ShouldReturnValues" storage="d:\repos\musoq.datasources\musoq.datasources.jira.tests\bin\release\net10.0\musoq.datasources.jira.tests.dll" id="c82daa88-2f0b-4db8-985f-187816203811">
      <Execution id="847e9055-0429-443c-94bd-e08c74d740db" />
      <TestMethod codeBase="D:\repos\Musoq.DataSources\Musoq.DataSources.Jira.Tests\bin\Release\net10.0\Musoq.DataSources.Jira.Tests.dll" adapterTypeName="executor://mstestadapter/v2" className="Musoq.DataSources.Jira.Tests.JiraCommentsTests" name="WhenCommentsQueried_ShouldReturnValues" />
    </UnitTest>
    <UnitTest name="BuildJql_WithUnassigned_ShouldUseEmpty" storage="d:\repos\musoq.datasources\musoq.datasources.jira.tests\bin\release\net10.0\musoq.datasources.jira.tests.dll" id="f2829263-c6a2-102b-d23f-2bf2f0c956b0">
      <Execution id="d2a9504b-6efd-44e6-9cb7-c4185e1338f9" />
      <TestMethod codeBase="D:\repos\Musoq.DataSources\Musoq.DataSources.Jira.Tests\bin\Release\net10.0\Musoq.DataSources.Jira.Tests.dll" adapterTypeName="executor://mstestadapter/v2" className="Musoq.DataSources.Jira.Tests.JqlBuilderTests" name="BuildJql_WithUnassigned_ShouldUseEmpty" />
    </UnitTest>
    <UnitTest name="BuildJql_WithAssignee_ShouldBuildCorrectJql" storage="d:\repos\musoq.datasources\musoq.datasources.jira.tests\bin\release\net10.0\musoq.datasources.jira.tests.dll" id="fa839e79-46dc-bbb1-b9d4-ed1dfb57f538">
      <Execution id="bc3eb019-8da6-46fc-b849-f51df897ca3f" />
      <TestMethod codeBase="D:\repos\Musoq.DataSources\Musoq.DataSources.Jira.Tests\bin\Release\net10.0\Musoq.DataSources.Jira.Tests.dll" adapterTypeName="executor://mstestadapter/v2" className="Musoq.DataSources.Jira.Tests.JqlBuilderTests" name="BuildJql_WithAssignee_ShouldBuildCorrectJql" />
    </UnitTest>
    <UnitTest name="WhenIssuesFilteredByType_ShouldReturnFilteredResults" storage="d:\repos\musoq.datasources\musoq.datasources.jira.tests\bin\release\net10.0\musoq.datasources.jira.tests.dll" id="aa8e3800-471d-71ba-fb15-4c7c88aed2b5">
      <Execution id="cbac249c-0833-4705-a664-e81e5fa5b69f" />
      <TestMethod codeBase="D:\repos\Musoq.DataSources\Musoq.DataSources.Jira.Tests\bin\Release\net10.0\Musoq.DataSources.Jira.Tests.dll" adapterTypeName="executor://mstestadapter/v2" className="Musoq.DataSources.Jira.Tests.JiraIssuesTests" name="WhenIssuesFilteredByType_ShouldReturnFilteredResults" />
    </UnitTest>
    <UnitTest name="BuildJql_WithReporter_ShouldBuildCorrectJql" storage="d:\repos\musoq.datasources\musoq.datasources.jira.tests\bin\release\net10.0\musoq.datasources.jira.tests.dll" id="070ac88c-7ffe-1eff-4aaf-c4f28fbaa303">
      <Execution id="50d2f98d-3e98-4fa1-91b2-e3db91459737" />
      <TestMethod codeBase="D:\repos\Musoq.DataSources\Musoq.DataSources.Jira.Tests\bin\Release\net10.0\Musoq.DataSources.Jira.Tests.dll" adapterTypeName="executor://mstestadapter/v2" className="Musoq.DataSources.Jira.Tests.JqlBuilderTests" name="BuildJql_WithReporter_ShouldBuildCorrectJql" />
    </UnitTest>
    <UnitTest name="WhenIssuesQueried_ShouldReturnValues" storage="d:\repos\musoq.datasources\musoq.datasources.jira.tests\bin\release\net10.0\musoq.datasources.jira.tests.dll" id="978b667a-a855-bb2e-7495-657c66c833b0">
      <Execution id="b1000860-c201-48ea-a9c0-26bf3deb8230" />
      <TestMethod codeBase="D:\repos\Musoq.DataSources\Musoq.DataSources.Jira.Tests\bin\Release\net10.0\Musoq.DataSources.Jira.Tests.dll" adapterTypeName="executor://mstestadapter/v2" className="Musoq.DataSources.Jira.Tests.JiraIssuesTests" name="WhenIssuesQueried_ShouldReturnValues" />
    </UnitTest>
    <UnitTest name="DescribeSourceRuntimeSettings_ShouldDeclareJiraCredentials" storage="d:\repos\musoq.datasources\musoq.datasources.jira.tests\bin\release\net10.0\musoq.datasources.jira.tests.dll" id="67f76105-cd48-ecdd-d4a2-92b19204598c">
      <Execution id="f458ad3f-79e7-4900-ab55-bb984fef9f1f" />
      <TestMethod codeBase="D:\repos\Musoq.DataSources\Musoq.DataSources.Jira.Tests\bin\Release\net10.0\Musoq.DataSources.Jira.Tests.dll" adapterTypeName="executor://mstestadapter/v2" className="Musoq.DataSources.Jira.Tests.JiraRuntimeSettingsTests" name="DescribeSourceRuntimeSettings_ShouldDeclareJiraCredentials" />
    </UnitTest>
  </TestDefinitions>
  <TestEntries>
    <TestEntry testId="05abe49b-4ac6-7699-1bdd-26e1595bf24b" executionId="dff9f8b0-d3af-4546-8155-686114f39524" testListId="8c84fa94-04c1-424b-9868-57a2d4851a1d" />
    <TestEntry testId="4b5af9d8-32f2-53bf-a005-a911b84fd10e" executionId="cb448ac2-654f-4902-b773-3cefabd0a5e0" testListId="8c84fa94-04c1-424b-9868-57a2d4851a1d" />
    <TestEntry testId="f2829263-c6a2-102b-d23f-2bf2f0c956b0" executionId="d2a9504b-6efd-44e6-9cb7-c4185e1338f9" testListId="8c84fa94-04c1-424b-9868-57a2d4851a1d" />
    <TestEntry testId="dbbd1734-6ba8-9968-7cd5-41bee621a1a3" executionId="60f18a4e-26f4-4f58-9602-23d85d46b3b0" testListId="8c84fa94-04c1-424b-9868-57a2d4851a1d" />
    <TestEntry testId="9535762b-03cd-4245-df9d-684e3f1ae2fb" executionId="c3b5eee1-b3e1-45b6-91c2-d4d22014adf7" testListId="8c84fa94-04c1-424b-9868-57a2d4851a1d" />
    <TestEntry testId="03648352-f662-2ec3-630e-647d47df7e5e" executionId="03e26a46-872b-4447-9ebb-7358d2ae54b5" testListId="8c84fa94-04c1-424b-9868-57a2d4851a1d" />
    <TestEntry testId="a6ff4688-0f19-8297-4718-bf40bea29695" executionId="cf5ff05d-d358-463d-995a-b4f65c92aa69" testListId="8c84fa94-04c1-424b-9868-57a2d4851a1d" />
    <TestEntry testId="77e6d4a3-a222-fc68-4aba-b32003c4ee5e" executionId="324bb808-12cf-4b79-a7c6-516ae8c9781c" testListId="8c84fa94-04c1-424b-9868-57a2d4851a1d" />
    <TestEntry testId="fba85fb1-79e7-5f13-6706-86fff070c810" executionId="b3ad6a75-0b22-44b9-894d-e6b7a7fc940b" testListId="8c84fa94-04c1-424b-9868-57a2d4851a1d" />
    <TestEntry testId="27febc42-f81f-9a9f-0d26-5d967198dc11" executionId="550861f5-15a5-470a-9f69-cfcfab791b32" testListId="8c84fa94-04c1-424b-9868-57a2d4851a1d" />
    <TestEntry testId="67f76105-cd48-ecdd-d4a2-92b19204598c" executionId="f458ad3f-79e7-4900-ab55-bb984fef9f1f" testListId="8c84fa94-04c1-424b-9868-57a2d4851a1d" />
    <TestEntry testId="303f6553-c177-c254-fe79-59f90f7392bc" executionId="94dcc882-20d4-4f33-aa6a-77174f7e7eaf" testListId="8c84fa94-04c1-424b-9868-57a2d4851a1d" />
    <TestEntry testId="1b8bffb8-9988-ba83-73d0-3a8390773ea0" executionId="a631f513-9e01-4bca-833a-9135c872e6f9" testListId="8c84fa94-04c1-424b-9868-57a2d4851a1d" />
    <TestEntry testId="661bd89e-bbba-12cb-680a-f2635a8c699c" executionId="aeb65945-444f-4bda-8369-9190632cf757" testListId="8c84fa94-04c1-424b-9868-57a2d4851a1d" />
    <TestEntry testId="d78ee3d9-7728-8576-123e-2fd9d0c32c24" executionId="38b31862-e1c2-4966-b271-e52eb85a7a25" testListId="8c84fa94-04c1-424b-9868-57a2d4851a1d" />
    <TestEntry testId="2d8bf240-6981-e19e-29cd-ddca2b779aca" executionId="d3476a7b-31a7-468a-b2af-06e7cc9cdbef" testListId="8c84fa94-04c1-424b-9868-57a2d4851a1d" />
    <TestEntry testId="64b776cb-3c56-f98e-553a-b23e4d5d7bd2" executionId="ee8906fc-9ac9-4984-9d90-0ffe56807bf0" testListId="8c84fa94-04c1-424b-9868-57a2d4851a1d" />
    <TestEntry testId="55f269da-acc4-d4fa-b708-19a4758199ff" executionId="3fc6315a-e3c1-44af-88b7-186e21c0e826" testListId="8c84fa94-04c1-424b-9868-57a2d4851a1d" />
    <TestEntry testId="a1bd4b0f-9dda-4935-2fc1-13cf4b9f3a78" executionId="9f8c9031-b088-4b5b-865a-567d497b9ce4" testListId="8c84fa94-04c1-424b-9868-57a2d4851a1d" />
    <TestEntry testId="21cd9e8c-df81-d2a7-2152-6a75af4ac711" executionId="850eebfa-9540-4b88-be31-84c12cbe7f6d" testListId="8c84fa94-04c1-424b-9868-57a2d4851a1d" />
    <TestEntry testId="6eb7d38e-ce3c-f4f0-ea02-e7f6731482cd" executionId="d0a43762-51c4-4f01-bc54-a807a81acd76" testListId="8c84fa94-04c1-424b-9868-57a2d4851a1d" />
    <TestEntry testId="7c718919-ec15-88b8-8e9e-fdab53dda31f" executionId="f6df029a-c455-4db8-9a05-c208eb9b094e" testListId="8c84fa94-04c1-424b-9868-57a2d4851a1d" />
    <TestEntry testId="4a4042c8-f7f1-60f3-9e79-02238960db43" executionId="0589a7c5-55a2-4d2b-9762-4d0368e1d5d3" testListId="8c84fa94-04c1-424b-9868-57a2d4851a1d" />
    <TestEntry testId="9fd38717-fab0-21da-93c3-3e0718f43c7e" executionId="3ad62726-9553-4a32-bd73-17834e8d903f" testListId="8c84fa94-04c1-424b-9868-57a2d4851a1d" />
    <TestEntry testId="768eb8df-d685-795f-6ba7-f4c08af59f81" executionId="d1e5d816-4539-41ec-8f8b-13eb9bd9dd23" testListId="8c84fa94-04c1-424b-9868-57a2d4851a1d" />
    <TestEntry testId="58ce819e-e488-5fb8-85aa-fa8d8b5bc644" executionId="4931e09b-1186-41dd-b299-d4d03839c8ec" testListId="8c84fa94-04c1-424b-9868-57a2d4851a1d" />
    <TestEntry testId="256217c1-173c-cb0d-fdf1-ab06f376a9d4" executionId="ecaea1f2-2052-4da1-9556-5d5a024ad315" testListId="8c84fa94-04c1-424b-9868-57a2d4851a1d" />
    <TestEntry testId="ec4e782f-2280-5122-abd0-a58929b23b20" executionId="2653ca1e-abe5-4cb2-b4c1-603c2f8bb6b9" testListId="8c84fa94-04c1-424b-9868-57a2d4851a1d" />
    <TestEntry testId="f778447c-7335-ec2e-a27b-b612d524dda1" executionId="14fb7344-7c55-427a-8ae6-18d0581f5bfe" testListId="8c84fa94-04c1-424b-9868-57a2d4851a1d" />
    <TestEntry testId="313aa507-700f-e5ef-1ce0-75eed8863cb8" executionId="930ed039-aecf-4b24-bda0-6466faf9db62" testListId="8c84fa94-04c1-424b-9868-57a2d4851a1d" />
    <TestEntry testId="070ac88c-7ffe-1eff-4aaf-c4f28fbaa303" executionId="50d2f98d-3e98-4fa1-91b2-e3db91459737" testListId="8c84fa94-04c1-424b-9868-57a2d4851a1d" />
    <TestEntry testId="03efc9fb-d698-f018-e58d-536b97a5abee" executionId="53094b94-b604-4799-af28-6832d72398e0" testListId="8c84fa94-04c1-424b-9868-57a2d4851a1d" />
    <TestEntry testId="7ac51745-d6fd-16d9-6eaf-995ea6456535" executionId="73f668b7-970c-4029-b57c-678173c82444" testListId="8c84fa94-04c1-424b-9868-57a2d4851a1d" />
    <TestEntry testId="c82daa88-2f0b-4db8-985f-187816203811" executionId="847e9055-0429-443c-94bd-e08c74d740db" testListId="8c84fa94-04c1-424b-9868-57a2d4851a1d" />
    <TestEntry testId="c633b78b-7cbf-b7e3-49bd-84d21c0b345b" executionId="676e8015-e661-43c7-8fef-19acb1b43406" testListId="8c84fa94-04c1-424b-9868-57a2d4851a1d" />
    <TestEntry testId="978b667a-a855-bb2e-7495-657c66c833b0" executionId="b1000860-c201-48ea-a9c0-26bf3deb8230" testListId="8c84fa94-04c1-424b-9868-57a2d4851a1d" />
    <TestEntry testId="aa8e3800-471d-71ba-fb15-4c7c88aed2b5" executionId="cbac249c-0833-4705-a664-e81e5fa5b69f" testListId="8c84fa94-04c1-424b-9868-57a2d4851a1d" />
    <TestEntry testId="9db14fdc-498c-1cfb-e154-93d839fd07be" executionId="1f58b864-3bb0-40b7-9654-4989096bd846" testListId="8c84fa94-04c1-424b-9868-57a2d4851a1d" />
    <TestEntry testId="a050b1c6-d528-679c-6dd7-b2b366b3dc43" executionId="3a003c86-96d7-4a54-8fe2-f5141dcff1d6" testListId="8c84fa94-04c1-424b-9868-57a2d4851a1d" />
    <TestEntry testId="25c4a7f4-8dfc-697d-c745-260db49590cd" executionId="f3054432-f712-4c1c-818c-02b0df418422" testListId="8c84fa94-04c1-424b-9868-57a2d4851a1d" />
    <TestEntry testId="d7bbcdd0-37e4-5b8b-3ce2-baff7de1b234" executionId="b70e10c1-2ade-4517-9536-7ead61a99d69" testListId="8c84fa94-04c1-424b-9868-57a2d4851a1d" />
    <TestEntry testId="6a8e817e-2ca8-aca2-92f0-d8150a1e70b5" executionId="09186572-913a-4766-b138-6f0f4cf82767" testListId="8c84fa94-04c1-424b-9868-57a2d4851a1d" />
    <TestEntry testId="fa839e79-46dc-bbb1-b9d4-ed1dfb57f538" executionId="bc3eb019-8da6-46fc-b849-f51df897ca3f" testListId="8c84fa94-04c1-424b-9868-57a2d4851a1d" />
    <TestEntry testId="62811e49-2b29-6e77-a40e-1dc777abaef4" executionId="183d6bc7-349e-47a7-b0e5-1fa3f2d9d8aa" testListId="8c84fa94-04c1-424b-9868-57a2d4851a1d" />
    <TestEntry testId="706cc0a6-bc09-f6a0-fe30-1f20849e9a4c" executionId="d1f890f2-c3f7-40e3-bba5-e7106ae17c0e" testListId="8c84fa94-04c1-424b-9868-57a2d4851a1d" />
    <TestEntry testId="c8c923f2-3784-c11b-b0e1-3d00cab46fb8" executionId="5e639140-2f8c-418b-aa53-f63587b9d116" testListId="8c84fa94-04c1-424b-9868-57a2d4851a1d" />
    <TestEntry testId="3c7dfe96-de38-0a79-59b4-7db807f1a5d5" executionId="4ab0229c-aa69-49f3-9076-0a2c516092c7" testListId="8c84fa94-04c1-424b-9868-57a2d4851a1d" />
  </TestEntries>
  <TestLists>
    <TestList name="Results Not in a List" id="8c84fa94-04c1-424b-9868-57a2d4851a1d" />
    <TestList name="All Loaded Results" id="19431567-8539-422a-85d7-44ee4e166bda" />
  </TestLists>
  <ResultSummary outcome="Completed">
    <Counters total="47" executed="47" passed="47" failed="0" error="0" timeout="0" aborted="0" inconclusive="0" passedButRunAborted="0" notRunnable="0" notExecuted="0" disconnected="0" warning="0" completed="0" inProgress="0" pending="0" />
  </ResultSummary>
</TestRun>