<?xml version="1.0" encoding="utf-8"?>
<TestRun id="930513b2-7912-41a3-9a97-63f7d439bf07" name="Jakub@DESKTOP-I52018A 2026-09-06 18:46:06" runUser="DESKTOP-I52018A\Jakub" xmlns="http://microsoft.com/schemas/VisualStudio/TeamTest/2010">
  <Times creation="2026-09-06T18:46:06.6117476+02:00" queuing="2026-09-06T18:46:06.6117477+02:00" start="2026-09-06T18:46:04.0599204+02:00" finish="2026-09-06T18:46:08.8595167+02:00" />
  <TestSettings name="default" id="09cbd455-22ca-49d8-814e-909f7696e39d">
    <Deployment runDeploymentRoot="Jakub_DESKTOP-I52018A_2026-09-06_18_46_06" />
  </TestSettings>
  <Results>
    <UnitTestResult executionId="10e61e6e-19fc-44fa-922f-bf3c9dab4198" testId="bbdaec88-d543-b861-1759-0ec6517a7283" testName="TryPlanSource_WhenSkipAndTakeHaveResidualPredicate_KeepsSliceResidual" computerName="DESKTOP-I52018A" duration="00:00:00.0004464" startTime="2026-09-06T18:46:07.3461438+02:00" endTime="2026-09-06T18:46:07.3466437+02:00" testType="13cdc9d9-ddb5-4fa4-a97d-d965ccfc6d4b" outcome="Passed" testListId="8c84fa94-04c1-424b-9868-57a2d4851a1d" relativeResultsDirectory="10e61e6e-19fc-44fa-922f-bf3c9dab4198" />
    <UnitTestResult executionId="2fd25230-80d3-4659-a184-0709dc193b08" testId="0d5180c5-dc55-64c6-0c39-dc458d908932" testName="WhenIssuesFilteredByAuthor_ShouldReturnFilteredResults" computerName="DESKTOP-I52018A" duration="00:00:00.0435827" startTime="2026-09-06T18:46:06.6439376+02:00" endTime="2026-09-06T18:46:06.6876154+02:00" testType="13cdc9d9-ddb5-4fa4-a97d-d965ccfc6d4b" outcome="Passed" testListId="8c84fa94-04c1-424b-9868-57a2d4851a1d" relativeResultsDirectory="2fd25230-80d3-4659-a184-0709dc193b08" />
    <UnitTestResult executionId="d9a6250d-0e83-48e3-a944-cc7556f4fb31" testId="b698228b-23c4-c4cf-7d26-0d2d5ff1dc95" testName="HasLabel_WithMatchingLabel_ShouldReturnTrue" computerName="DESKTOP-I52018A" duration="00:00:00.0000949" startTime="2026-09-06T18:46:06.6882070+02:00" endTime="2026-09-06T18:46:06.6883237+02:00" testType="13cdc9d9-ddb5-4fa4-a97d-d965ccfc6d4b" outcome="Passed" testListId="8c84fa94-04c1-424b-9868-57a2d4851a1d" relativeResultsDirectory="d9a6250d-0e83-48e3-a944-cc7556f4fb31" />
    <UnitTestResult executionId="38306d96-c8b4-47c9-8846-16bdb04881fa" testId="95482df1-a8d0-7528-ed58-edde52261554" testName="WhenIssuesQueried_ShouldReturnValues" computerName="DESKTOP-I52018A" duration="00:00:00.0615527" startTime="2026-09-06T18:46:06.5350661+02:00" endTime="2026-09-06T18:46:06.5967484+02:00" testType="13cdc9d9-ddb5-4fa4-a97d-d965ccfc6d4b" outcome="Passed" testListId="8c84fa94-04c1-424b-9868-57a2d4851a1d" relativeResultsDirectory="38306d96-c8b4-47c9-8846-16bdb04881fa" />
    <UnitTestResult executionId="e15594a6-a1dc-4f17-a7f5-ab4e6d9c15cb" testId="412796bc-aff9-03c6-dd31-4a5fb6100556" testName="WhenPullRequestsFilteredByState_ShouldReturnFilteredResults" computerName="DESKTOP-I52018A" duration="00:00:00.0944337" startTime="2026-09-06T18:46:06.7417672+02:00" endTime="2026-09-06T18:46:06.8362955+02:00" testType="13cdc9d9-ddb5-4fa4-a97d-d965ccfc6d4b" outcome="Passed" testListId="8c84fa94-04c1-424b-9868-57a2d4851a1d" relativeResultsDirectory="e15594a6-a1dc-4f17-a7f5-ab4e6d9c15cb" />
    <UnitTestResult executionId="9f1ac72f-0a94-46cb-8062-2d7fae0645ae" testId="34f86cff-3177-129b-a44d-09095da7998e" testName="WhenRepositoriesForOwnerQueried_ShouldReturnValues" computerName="DESKTOP-I52018A" duration="00:00:00.0734183" startTime="2026-09-06T18:46:07.1418285+02:00" endTime="2026-09-06T18:46:07.2153673+02:00" testType="13cdc9d9-ddb5-4fa4-a97d-d965ccfc6d4b" outcome="Passed" testListId="8c84fa94-04c1-424b-9868-57a2d4851a1d" relativeResultsDirectory="9f1ac72f-0a94-46cb-8062-2d7fae0645ae" />
    <UnitTestResult executionId="24a5b086-8013-4637-a65d-727e30ab2474" testId="29c7aab4-a53a-1bd3-e8bd-32358fb18c97" testName="HasLabel_WithNullLabels_ShouldReturnFalse" computerName="DESKTOP-I52018A" duration="00:00:00.0000209" startTime="2026-09-06T18:46:06.6884391+02:00" endTime="2026-09-06T18:46:06.6884798+02:00" testType="13cdc9d9-ddb5-4fa4-a97d-d965ccfc6d4b" outcome="Passed" testListId="8c84fa94-04c1-424b-9868-57a2d4851a1d" relativeResultsDirectory="24a5b086-8013-4637-a65d-727e30ab2474" />
    <UnitTestResult executionId="c7138d83-d687-47da-b165-13d3297a713a" testId="513929d8-2569-286a-3c7f-d6d94d62b2e3" testName="IsStale_WithOldDate_ShouldReturnTrue" computerName="DESKTOP-I52018A" duration="00:00:00.0001247" startTime="2026-09-06T18:46:06.6899123+02:00" endTime="2026-09-06T18:46:06.6900596+02:00" testType="13cdc9d9-ddb5-4fa4-a97d-d965ccfc6d4b" outcome="Passed" testListId="8c84fa94-04c1-424b-9868-57a2d4851a1d" relativeResultsDirectory="c7138d83-d687-47da-b165-13d3297a713a" />
    <UnitTestResult executionId="ce42c6f8-7458-4c39-aed7-53dfceda5222" testId="8548a627-847f-583d-f68f-caa17f7034d0" testName="TryPlanSource_WhenReleasePredicateIsUsed_KeepsPredicateResidual" computerName="DESKTOP-I52018A" duration="00:00:00.0004682" startTime="2026-09-06T18:46:07.3434517+02:00" endTime="2026-09-06T18:46:07.3439857+02:00" testType="13cdc9d9-ddb5-4fa4-a97d-d965ccfc6d4b" outcome="Passed" testListId="8c84fa94-04c1-424b-9868-57a2d4851a1d" relativeResultsDirectory="ce42c6f8-7458-4c39-aed7-53dfceda5222" />
    <UnitTestResult executionId="3da99529-123f-4da4-a82c-f910c90e2bbd" testId="6e10af90-1957-141f-d2a1-a622dd8160db" testName="WhenIssuesFilteredByState_ShouldReturnFilteredResults" computerName="DESKTOP-I52018A" duration="00:00:00.0431976" startTime="2026-09-06T18:46:06.6005924+02:00" endTime="2026-09-06T18:46:06.6438925+02:00" testType="13cdc9d9-ddb5-4fa4-a97d-d965ccfc6d4b" outcome="Passed" testListId="8c84fa94-04c1-424b-9868-57a2d4851a1d" relativeResultsDirectory="3da99529-123f-4da4-a82c-f910c90e2bbd" />
    <UnitTestResult executionId="876c797e-90f7-4781-942a-5660f77db514" testId="243a2a25-3d85-e394-a250-0af0a8d26167" testName="WhenPullRequestsFilteredByHeadRef_ShouldPassHeadToRequest" computerName="DESKTOP-I52018A" duration="00:00:00.0444526" startTime="2026-09-06T18:46:06.8991005+02:00" endTime="2026-09-06T18:46:06.9436545+02:00" testType="13cdc9d9-ddb5-4fa4-a97d-d965ccfc6d4b" outcome="Passed" testListId="8c84fa94-04c1-424b-9868-57a2d4851a1d" relativeResultsDirectory="876c797e-90f7-4781-942a-5660f77db514" />
    <UnitTestResult executionId="28b5e213-6976-4645-8326-fe126bb8c6fe" testId="e8200e02-be2a-1cf2-1ffb-ccf1d2d9baf8" testName="DescribeSourceRuntimeSettings_ShouldDeclareGitHubToken" computerName="DESKTOP-I52018A" duration="00:00:00.0014693" startTime="2026-09-06T18:46:07.3406622+02:00" endTime="2026-09-06T18:46:07.3422655+02:00" testType="13cdc9d9-ddb5-4fa4-a97d-d965ccfc6d4b" outcome="Passed" testListId="8c84fa94-04c1-424b-9868-57a2d4851a1d" relativeResultsDirectory="28b5e213-6976-4645-8326-fe126bb8c6fe" />
    <UnitTestResult executionId="83d5f030-97eb-4ed5-bfac-2c2bc1816d5f" testId="437e4f39-8b3a-d2a6-17ab-6625c61bc897" testName="IsStale_WithNull_ShouldReturnFalse" computerName="DESKTOP-I52018A" duration="00:00:00.0000509" startTime="2026-09-06T18:46:06.6905404+02:00" endTime="2026-09-06T18:46:06.6906218+02:00" testType="13cdc9d9-ddb5-4fa4-a97d-d965ccfc6d4b" outcome="Passed" testListId="8c84fa94-04c1-424b-9868-57a2d4851a1d" relativeResultsDirectory="83d5f030-97eb-4ed5-bfac-2c2bc1816d5f" />
    <UnitTestResult executionId="48265913-3a32-4169-8dcc-bcd400c1cf9e" testId="2cbbe8ba-9d9b-0c97-8c3b-d93c6985d89f" testName="WhenBranchesFilteredByProtected_ShouldReturnProtectedOnly" computerName="DESKTOP-I52018A" duration="00:00:00.0737987" startTime="2026-09-06T18:46:06.0137340+02:00" endTime="2026-09-06T18:46:06.0879088+02:00" testType="13cdc9d9-ddb5-4fa4-a97d-d965ccfc6d4b" outcome="Passed" testListId="8c84fa94-04c1-424b-9868-57a2d4851a1d" relativeResultsDirectory="48265913-3a32-4169-8dcc-bcd400c1cf9e" />
    <UnitTestResult executionId="b69cacf1-7b25-449e-b140-c210215a2750" testId="c1376167-f654-1dde-7d2c-009d17854f2d" testName="WhenPullRequestsFilteredByMerged_ShouldReturnMergedOnly" computerName="DESKTOP-I52018A" duration="00:00:00.0625978" startTime="2026-09-06T18:46:06.8363482+02:00" endTime="2026-09-06T18:46:06.8990493+02:00" testType="13cdc9d9-ddb5-4fa4-a97d-d965ccfc6d4b" outcome="Passed" testListId="8c84fa94-04c1-424b-9868-57a2d4851a1d" relativeResultsDirectory="b69cacf1-7b25-449e-b140-c210215a2750" />
    <UnitTestResult executionId="e8184adb-45ca-458e-af91-5c8c7cf474ec" testId="3a85c59a-51f0-42c8-e005-7e1b25fe89a4" testName="MarkedCollections_AreCrossApplyAddressable" computerName="DESKTOP-I52018A" duration="00:00:00.3726822" startTime="2026-09-06T18:46:08.4320127+02:00" endTime="2026-09-06T18:46:08.8056905+02:00" testType="13cdc9d9-ddb5-4fa4-a97d-d965ccfc6d4b" outcome="Passed" testListId="8c84fa94-04c1-424b-9868-57a2d4851a1d" relativeResultsDirectory="e8184adb-45ca-458e-af91-5c8c7cf474ec" />
    <UnitTestResult executionId="1ec4c993-e8b5-4bf2-bb34-564924b7c9e8" testId="0a8f2ccc-3977-316d-de43-7c8aa02cf35b" testName="WhenBranchSpecificCommitsQueried_ShouldReturnOnlyCommitsUniqueToHeadBranch" computerName="DESKTOP-I52018A" duration="00:00:00.0585401" startTime="2026-09-06T18:46:06.3803886+02:00" endTime="2026-09-06T18:46:06.4390167+02:00" testType="13cdc9d9-ddb5-4fa4-a97d-d965ccfc6d4b" outcome="Passed" testListId="8c84fa94-04c1-424b-9868-57a2d4851a1d" relativeResultsDirectory="1ec4c993-e8b5-4bf2-bb34-564924b7c9e8" />
    <UnitTestResult executionId="c67c12bf-f688-4ede-8fdc-fc504222df04" testId="89f36587-0cdb-9740-eeda-6fec7081935c" testName="WhenBranchesQueried_ShouldReturnValues" computerName="DESKTOP-I52018A" duration="00:00:01.6482674" startTime="2026-09-06T18:46:04.3542655+02:00" endTime="2026-09-06T18:46:06.0113208+02:00" testType="13cdc9d9-ddb5-4fa4-a97d-d965ccfc6d4b" outcome="Passed" testListId="8c84fa94-04c1-424b-9868-57a2d4851a1d" relativeResultsDirectory="c67c12bf-f688-4ede-8fdc-fc504222df04" />
    <UnitTestResult executionId="4f98d534-9e09-431a-aec1-ede51dc288b9" testId="5d8cfabb-5d30-8f74-ef63-c8bb340cc987" testName="LabelCount_WithNull_ShouldReturnZero" computerName="DESKTOP-I52018A" duration="00:00:00.0000250" startTime="2026-09-06T18:46:06.6896461+02:00" endTime="2026-09-06T18:46:06.6896903+02:00" testType="13cdc9d9-ddb5-4fa4-a97d-d965ccfc6d4b" outcome="Passed" testListId="8c84fa94-04c1-424b-9868-57a2d4851a1d" relativeResultsDirectory="4f98d534-9e09-431a-aec1-ede51dc288b9" />
    <UnitTestResult executionId="50d0e223-7a4d-4a4c-8e7b-7fdcdd04d150" testId="2be8d816-0dc7-706c-ca1c-5860d2089a70" testName="WhenBranchSpecificCommitsQueried_WithNoUniqueCommits_ShouldReturnEmpty" computerName="DESKTOP-I52018A" duration="00:00:00.0390772" startTime="2026-09-06T18:46:06.4390616+02:00" endTime="2026-09-06T18:46:06.4782401+02:00" testType="13cdc9d9-ddb5-4fa4-a97d-d965ccfc6d4b" outcome="Passed" testListId="8c84fa94-04c1-424b-9868-57a2d4851a1d" relativeResultsDirectory="50d0e223-7a4d-4a4c-8e7b-7fdcdd04d150" />
    <UnitTestResult executionId="a30bdbee-1ca4-4cbf-8844-00a1af31761b" testId="7c8bc14f-f97b-f45e-a0db-969be6fc2ec3" testName="WhenCommitsFilteredByAuthorLogin_ShouldPassAuthorToRequest" computerName="DESKTOP-I52018A" duration="00:00:00.0566175" startTime="2026-09-06T18:46:06.4782922+02:00" endTime="2026-09-06T18:46:06.5350168+02:00" testType="13cdc9d9-ddb5-4fa4-a97d-d965ccfc6d4b" outcome="Passed" testListId="8c84fa94-04c1-424b-9868-57a2d4851a1d" relativeResultsDirectory="a30bdbee-1ca4-4cbf-8844-00a1af31761b" />
    <UnitTestResult executionId="cbca2ebb-81ce-4f48-8a09-4c5f64ad596e" testId="747a55a4-4e6f-5bef-38f0-cbf059bd4533" testName="HasLabel_CaseInsensitive_ShouldReturnTrue" computerName="DESKTOP-I52018A" duration="00:00:00.0000194" startTime="2026-09-06T18:46:06.6884863+02:00" endTime="2026-09-06T18:46:06.6885218+02:00" testType="13cdc9d9-ddb5-4fa4-a97d-d965ccfc6d4b" outcome="Passed" testListId="8c84fa94-04c1-424b-9868-57a2d4851a1d" relativeResultsDirectory="cbca2ebb-81ce-4f48-8a09-4c5f64ad596e" />
    <UnitTestResult executionId="a721e2b5-94da-439b-927b-c023055a83da" testId="9184a333-f79a-39e1-081f-5b89fb28b216" testName="LabelCount_WithMultipleLabels_ShouldReturnCount" computerName="DESKTOP-I52018A" duration="00:00:00.0000788" startTime="2026-09-06T18:46:06.6894369+02:00" endTime="2026-09-06T18:46:06.6895627+02:00" testType="13cdc9d9-ddb5-4fa4-a97d-d965ccfc6d4b" outcome="Passed" testListId="8c84fa94-04c1-424b-9868-57a2d4851a1d" relativeResultsDirectory="a721e2b5-94da-439b-927b-c023055a83da" />
    <UnitTestResult executionId="c71a7ed0-7c4f-44c5-ab4c-b456d90cdfe7" testId="de64f549-b81a-123f-6ba3-c04431c84411" testName="WhenRepositoriesFilteredByVisibility_ShouldPassVisibilityToRequest" computerName="DESKTOP-I52018A" duration="00:00:00.0537490" startTime="2026-09-06T18:46:07.2867371+02:00" endTime="2026-09-06T18:46:07.3406076+02:00" testType="13cdc9d9-ddb5-4fa4-a97d-d965ccfc6d4b" outcome="Passed" testListId="8c84fa94-04c1-424b-9868-57a2d4851a1d" relativeResultsDirectory="c71a7ed0-7c4f-44c5-ab4c-b456d90cdfe7" />
    <UnitTestResult executionId="4a38481e-e115-4252-a3f0-3bddc50cbb16" testId="f3a14e6a-3a20-441c-74fc-990c43f81b85" testName="WhenCommitsForBranchQueried_ShouldPassShaParameter" computerName="DESKTOP-I52018A" duration="00:00:00.0455897" startTime="2026-09-06T18:46:06.2879866+02:00" endTime="2026-09-06T18:46:06.3336763+02:00" testType="13cdc9d9-ddb5-4fa4-a97d-d965ccfc6d4b" outcome="Passed" testListId="8c84fa94-04c1-424b-9868-57a2d4851a1d" relativeResultsDirectory="4a38481e-e115-4252-a3f0-3bddc50cbb16" />
    <UnitTestResult executionId="cac2c38f-837e-4507-9fc3-20707180d5cc" testId="e14c56aa-ee1d-aad4-c461-16bca7da2774" testName="DaysBetween_WithTwoDates_ShouldReturnDifference" computerName="DESKTOP-I52018A" duration="00:00:00.0000896" startTime="2026-09-06T18:46:06.6907393+02:00" endTime="2026-09-06T18:46:06.6908520+02:00" testType="13cdc9d9-ddb5-4fa4-a97d-d965ccfc6d4b" outcome="Passed" testListId="8c84fa94-04c1-424b-9868-57a2d4851a1d" relativeResultsDirectory="cac2c38f-837e-4507-9fc3-20707180d5cc" />
    <UnitTestResult executionId="ee7c4e75-f0c1-43f4-9225-2026fddd5c23" testId="9d8b0dbe-14cd-946f-625f-cca5e714ea12" testName="WhenCommitsForMainBranchQueried_ShouldPassBranchNameToApi" computerName="DESKTOP-I52018A" duration="00:00:00.0465147" startTime="2026-09-06T18:46:06.3337278+02:00" endTime="2026-09-06T18:46:06.3803385+02:00" testType="13cdc9d9-ddb5-4fa4-a97d-d965ccfc6d4b" outcome="Passed" testListId="8c84fa94-04c1-424b-9868-57a2d4851a1d" relativeResultsDirectory="ee7c4e75-f0c1-43f4-9225-2026fddd5c23" />
    <UnitTestResult executionId="ba165452-bc5d-4a71-9128-d8e2eb629afd" testId="53b30f9a-dcf7-fabe-8fc6-0ef83e86260f" testName="ParseRepoFullName_WithEmptyString_ShouldReturnEmptyTuple" computerName="DESKTOP-I52018A" duration="00:00:00.0001221" startTime="2026-09-06T18:46:06.6879654+02:00" endTime="2026-09-06T18:46:06.6881201+02:00" testType="13cdc9d9-ddb5-4fa4-a97d-d965ccfc6d4b" outcome="Passed" testListId="8c84fa94-04c1-424b-9868-57a2d4851a1d" relativeResultsDirectory="ba165452-bc5d-4a71-9128-d8e2eb629afd" />
    <UnitTestResult executionId="6fd9819e-8e92-4d50-9cd7-73d8fd3a9b7a" testId="35f3d5b9-201e-0a79-4844-438e9b8bdb62" testName="WhenReleasesFilteredByPrerelease_ShouldReturnNonPrereleaseOnly" computerName="DESKTOP-I52018A" duration="00:00:00.0421903" startTime="2026-09-06T18:46:07.0038050+02:00" endTime="2026-09-06T18:46:07.0460899+02:00" testType="13cdc9d9-ddb5-4fa4-a97d-d965ccfc6d4b" outcome="Passed" testListId="8c84fa94-04c1-424b-9868-57a2d4851a1d" relativeResultsDirectory="6fd9819e-8e92-4d50-9cd7-73d8fd3a9b7a" />
    <UnitTestResult executionId="c22e6328-ece6-42b2-9b8d-4ed832d70f61" testId="d087f354-3f5d-0877-6258-8c04e88bae3f" testName="TryPlanSource_WhenRequiredColumnsArePresent_DoesNotAcceptProjection" computerName="DESKTOP-I52018A" duration="00:00:00.0003511" startTime="2026-09-06T18:46:07.3473231+02:00" endTime="2026-09-06T18:46:07.3477210+02:00" testType="13cdc9d9-ddb5-4fa4-a97d-d965ccfc6d4b" outcome="Passed" testListId="8c84fa94-04c1-424b-9868-57a2d4851a1d" relativeResultsDirectory="c22e6328-ece6-42b2-9b8d-4ed832d70f61" />
    <UnitTestResult executionId="ed99d6a3-310c-4890-9d07-21cef15126aa" testId="9e32c0d7-0870-06de-a2e8-49e707dc3975" testName="ShortSha_WithCustomLength_ShouldReturnRequestedLength" computerName="DESKTOP-I52018A" duration="00:00:00.0000283" startTime="2026-09-06T18:46:06.6897737+02:00" endTime="2026-09-06T18:46:06.6898206+02:00" testType="13cdc9d9-ddb5-4fa4-a97d-d965ccfc6d4b" outcome="Passed" testListId="8c84fa94-04c1-424b-9868-57a2d4851a1d" relativeResultsDirectory="ed99d6a3-310c-4890-9d07-21cef15126aa" />
    <UnitTestResult executionId="d78b688b-7681-49a6-91c8-9096f0261057" testId="1b7e83c4-0a9a-6cb4-4ae9-bceb1881039f" testName="ShortSha_WithNull_ShouldReturnEmpty" computerName="DESKTOP-I52018A" duration="00:00:00.0000215" startTime="2026-09-06T18:46:06.6898710+02:00" endTime="2026-09-06T18:46:06.6899072+02:00" testType="13cdc9d9-ddb5-4fa4-a97d-d965ccfc6d4b" outcome="Passed" testListId="8c84fa94-04c1-424b-9868-57a2d4851a1d" relativeResultsDirectory="d78b688b-7681-49a6-91c8-9096f0261057" />
    <UnitTestResult executionId="f87f0df3-e33f-4956-a1f2-2d4407297ade" testId="8e29259a-a487-e965-01a6-0b2d98c8986f" testName="AgeDays_ShouldReturnPositiveValue" computerName="DESKTOP-I52018A" duration="00:00:00.0000755" startTime="2026-09-06T18:46:06.6906329+02:00" endTime="2026-09-06T18:46:06.6907305+02:00" testType="13cdc9d9-ddb5-4fa4-a97d-d965ccfc6d4b" outcome="Passed" testListId="8c84fa94-04c1-424b-9868-57a2d4851a1d" relativeResultsDirectory="f87f0df3-e33f-4956-a1f2-2d4407297ade" />
    <UnitTestResult executionId="572c84ab-cc67-4131-8062-a5673d31a504" testId="9a96eed1-f866-55d1-8bfb-16202d3d2168" testName="HasLabel_WithNonMatchingLabel_ShouldReturnFalse" computerName="DESKTOP-I52018A" duration="00:00:00.0000741" startTime="2026-09-06T18:46:06.6883330+02:00" endTime="2026-09-06T18:46:06.6884309+02:00" testType="13cdc9d9-ddb5-4fa4-a97d-d965ccfc6d4b" outcome="Passed" testListId="8c84fa94-04c1-424b-9868-57a2d4851a1d" relativeResultsDirectory="572c84ab-cc67-4131-8062-a5673d31a504" />
    <UnitTestResult executionId="eb9e0b42-4ca3-44b4-9030-cbe0af0652ab" testId="21c9afd7-1812-91d6-2c17-8355c9502a76" testName="LabelCount_WithEmptyLabels_ShouldReturnZero" computerName="DESKTOP-I52018A" duration="00:00:00.0000366" startTime="2026-09-06T18:46:06.6895774+02:00" endTime="2026-09-06T18:46:06.6896380+02:00" testType="13cdc9d9-ddb5-4fa4-a97d-d965ccfc6d4b" outcome="Passed" testListId="8c84fa94-04c1-424b-9868-57a2d4851a1d" relativeResultsDirectory="eb9e0b42-4ca3-44b4-9030-cbe0af0652ab" />
    <UnitTestResult executionId="eeaaf73f-1d99-4feb-b5dd-862cd70429b7" testId="52a284a3-84ca-2de7-3e86-e4fbcd69b80b" testName="ParseRepoFullName_WithValidFullName_ShouldReturnOwnerAndRepo" computerName="DESKTOP-I52018A" duration="00:00:00.0001893" startTime="2026-09-06T18:46:06.6876610+02:00" endTime="2026-09-06T18:46:06.6879502+02:00" testType="13cdc9d9-ddb5-4fa4-a97d-d965ccfc6d4b" outcome="Passed" testListId="8c84fa94-04c1-424b-9868-57a2d4851a1d" relativeResultsDirectory="eeaaf73f-1d99-4feb-b5dd-862cd70429b7" />
    <UnitTestResult executionId="f2f1c1c0-b563-4cff-8697-ae84847620f1" testId="68a37d7f-3dd0-e51b-f6d4-11e4511ea50d" testName="WhenRepositoriesFilteredByLanguage_ShouldApplyFilter" computerName="DESKTOP-I52018A" duration="00:00:00.0711360" startTime="2026-09-06T18:46:07.2154204+02:00" endTime="2026-09-06T18:46:07.2866744+02:00" testType="13cdc9d9-ddb5-4fa4-a97d-d965ccfc6d4b" outcome="Passed" testListId="8c84fa94-04c1-424b-9868-57a2d4851a1d" relativeResultsDirectory="f2f1c1c0-b563-4cff-8697-ae84847620f1" />
    <UnitTestResult executionId="ef1fa815-c42d-41b8-9b6b-2c5c96b99189" testId="df7ca708-6a51-ddcc-b11e-13d69b4bf49b" testName="EveryGitHubConstructor_HasOneExactStarContract" computerName="DESKTOP-I52018A" duration="00:00:01.0839936" startTime="2026-09-06T18:46:07.3477393+02:00" endTime="2026-09-06T18:46:08.4318993+02:00" testType="13cdc9d9-ddb5-4fa4-a97d-d965ccfc6d4b" outcome="Passed" testListId="8c84fa94-04c1-424b-9868-57a2d4851a1d" relativeResultsDirectory="ef1fa815-c42d-41b8-9b6b-2c5c96b99189" />
    <UnitTestResult executionId="53c2c6f4-f6d5-4bea-914e-c388150f4895" testId="38e81aa2-74bf-dabd-6679-bcfc39851f17" testName="TryPlanSource_WhenIssueStatePredicateIsUsed_AcceptsPredicate" computerName="DESKTOP-I52018A" duration="00:00:00.0009980" startTime="2026-09-06T18:46:07.3423097+02:00" endTime="2026-09-06T18:46:07.3434175+02:00" testType="13cdc9d9-ddb5-4fa4-a97d-d965ccfc6d4b" outcome="Passed" testListId="8c84fa94-04c1-424b-9868-57a2d4851a1d" relativeResultsDirectory="53c2c6f4-f6d5-4bea-914e-c388150f4895" />
    <UnitTestResult executionId="9ecf36db-7a0a-4613-8866-c7a6cb7e2ff2" testId="1664f1a9-3cc2-68f9-4bcb-5e944555c42a" testName="ParseRepoFullName_WithInvalidFormat_ShouldReturnEmptyTuple" computerName="DESKTOP-I52018A" duration="00:00:00.0000377" startTime="2026-09-06T18:46:06.6881336+02:00" endTime="2026-09-06T18:46:06.6881979+02:00" testType="13cdc9d9-ddb5-4fa4-a97d-d965ccfc6d4b" outcome="Passed" testListId="8c84fa94-04c1-424b-9868-57a2d4851a1d" relativeResultsDirectory="9ecf36db-7a0a-4613-8866-c7a6cb7e2ff2" />
    <UnitTestResult executionId="90aa0714-4ff5-4d64-a40a-9f2e72912877" testId="e8ff82fb-ddef-5fc5-2546-81004c3710d1" testName="WhenRepositoriesQueried_ShouldReturnValues" computerName="DESKTOP-I52018A" duration="00:00:00.0540585" startTime="2026-09-06T18:46:07.0875366+02:00" endTime="2026-09-06T18:46:07.1417619+02:00" testType="13cdc9d9-ddb5-4fa4-a97d-d965ccfc6d4b" outcome="Passed" testListId="8c84fa94-04c1-424b-9868-57a2d4851a1d" relativeResultsDirectory="90aa0714-4ff5-4d64-a40a-9f2e72912877" />
    <UnitTestResult executionId="3c333507-0ec4-4a22-8a79-d12ef8de9d42" testId="08081258-4a40-384f-6aa3-46e3193e8db9" testName="TryPlanSource_WhenOrderIsRequested_KeepsOrderAndSliceResidual" computerName="DESKTOP-I52018A" duration="00:00:00.0005850" startTime="2026-09-06T18:46:07.3466676+02:00" endTime="2026-09-06T18:46:07.3473011+02:00" testType="13cdc9d9-ddb5-4fa4-a97d-d965ccfc6d4b" outcome="Passed" testListId="8c84fa94-04c1-424b-9868-57a2d4851a1d" relativeResultsDirectory="3c333507-0ec4-4a22-8a79-d12ef8de9d42" />
    <UnitTestResult executionId="98ee3e09-d95a-4e6e-9fde-94fff91da459" testId="79dd8cb9-03ec-46b0-e037-a466f7cc290a" testName="ShortSha_WithShortSha_ShouldReturnOriginal" computerName="DESKTOP-I52018A" duration="00:00:00.0000226" startTime="2026-09-06T18:46:06.6898269+02:00" endTime="2026-09-06T18:46:06.6898653+02:00" testType="13cdc9d9-ddb5-4fa4-a97d-d965ccfc6d4b" outcome="Passed" testListId="8c84fa94-04c1-424b-9868-57a2d4851a1d" relativeResultsDirectory="98ee3e09-d95a-4e6e-9fde-94fff91da459" />
    <UnitTestResult executionId="f44fd42e-1522-4142-9186-27d4fd4ee742" testId="7973066c-5db6-43d0-780e-b229a977b1e9" testName="TryPlanSource_WhenSkipAndTakeHaveNoResidualWork_AcceptsSlice" computerName="DESKTOP-I52018A" duration="00:00:00.0009141" startTime="2026-09-06T18:46:07.3451387+02:00" endTime="2026-09-06T18:46:07.3461156+02:00" testType="13cdc9d9-ddb5-4fa4-a97d-d965ccfc6d4b" outcome="Passed" testListId="8c84fa94-04c1-424b-9868-57a2d4851a1d" relativeResultsDirectory="f44fd42e-1522-4142-9186-27d4fd4ee742" />
    <UnitTestResult executionId="aec1f7ed-d369-45cf-ac77-4b286685f941" testId="4d1d4f2b-ec1b-34de-152f-ba71000f284e" testName="WhenPullRequestsQueried_ShouldReturnValues" computerName="DESKTOP-I52018A" duration="00:00:00.0507628" startTime="2026-09-06T18:46:06.6908614+02:00" endTime="2026-09-06T18:46:06.7417216+02:00" testType="13cdc9d9-ddb5-4fa4-a97d-d965ccfc6d4b" outcome="Passed" testListId="8c84fa94-04c1-424b-9868-57a2d4851a1d" relativeResultsDirectory="aec1f7ed-d369-45cf-ac77-4b286685f941" />
    <UnitTestResult executionId="7b3a77fe-d48b-4e51-995c-f8627befe8d9" testId="4d0967f8-6c06-401b-c48e-5ae82252b3a8" testName="TryPlanSource_WhenRepositoryLanguagePredicateIsUsed_AcceptsPredicate" computerName="DESKTOP-I52018A" duration="00:00:00.0003845" startTime="2026-09-06T18:46:07.3440145+02:00" endTime="2026-09-06T18:46:07.3444535+02:00" testType="13cdc9d9-ddb5-4fa4-a97d-d965ccfc6d4b" outcome="Passed" testListId="8c84fa94-04c1-424b-9868-57a2d4851a1d" relativeResultsDirectory="7b3a77fe-d48b-4e51-995c-f8627befe8d9" />
    <UnitTestResult executionId="170bd348-f1f8-4f03-bfa8-5d0a753f0bd3" testId="099d3de4-377a-de18-c7b0-2cda33018f48" testName="WhenReleasesQueried_ShouldReturnValues" computerName="DESKTOP-I52018A" duration="00:00:00.0599256" startTime="2026-09-06T18:46:06.9437071+02:00" endTime="2026-09-06T18:46:07.0037553+02:00" testType="13cdc9d9-ddb5-4fa4-a97d-d965ccfc6d4b" outcome="Passed" testListId="8c84fa94-04c1-424b-9868-57a2d4851a1d" relativeResultsDirectory="170bd348-f1f8-4f03-bfa8-5d0a753f0bd3" />
    <UnitTestResult executionId="2294d80c-d58e-4848-981f-9235a4310e10" testId="1f6c2ceb-e187-a987-5b11-877dfeb171c2" testName="IsStale_WithRecentDate_ShouldReturnFalse" computerName="DESKTOP-I52018A" duration="00:00:00.0000617" startTime="2026-09-06T18:46:06.6900723+02:00" endTime="2026-09-06T18:46:06.6901620+02:00" testType="13cdc9d9-ddb5-4fa4-a97d-d965ccfc6d4b" outcome="Passed" testListId="8c84fa94-04c1-424b-9868-57a2d4851a1d" relativeResultsDirectory="2294d80c-d58e-4848-981f-9235a4310e10" />
    <UnitTestResult executionId="b06bf6f0-6ac1-4623-8d09-cd743db72f6d" testId="6d83cf89-0014-be62-c262-8c3da8a4b13f" testName="WhenCommitsQueried_ShouldReturnValues" computerName="DESKTOP-I52018A" duration="00:00:00.1996037" startTime="2026-09-06T18:46:06.0881907+02:00" endTime="2026-09-06T18:46:06.2879361+02:00" testType="13cdc9d9-ddb5-4fa4-a97d-d965ccfc6d4b" outcome="Passed" testListId="8c84fa94-04c1-424b-9868-57a2d4851a1d" relativeResultsDirectory="b06bf6f0-6ac1-4623-8d09-cd743db72f6d" />
    <UnitTestResult executionId="0d2f43de-7a97-4010-a114-39d4e52e2abf" testId="92647741-6611-d191-2d97-d207a027c64f" testName="ShortSha_WithLongSha_ShouldReturnShortened" computerName="DESKTOP-I52018A" duration="00:00:00.0000543" startTime="2026-09-06T18:46:06.6896958+02:00" endTime="2026-09-06T18:46:06.6897670+02:00" testType="13cdc9d9-ddb5-4fa4-a97d-d965ccfc6d4b" outcome="Passed" testListId="8c84fa94-04c1-424b-9868-57a2d4851a1d" relativeResultsDirectory="0d2f43de-7a97-4010-a114-39d4e52e2abf" />
    <UnitTestResult executionId="ae1c382c-52a3-47c9-b0b7-2952b46a0921" testId="95baed6f-61c1-cbb6-cad9-a00ce1911f71" testName="WhenReleasesFilteredByDraft_ShouldExcludeDrafts" computerName="DESKTOP-I52018A" duration="00:00:00.0406701" startTime="2026-09-06T18:46:07.0466559+02:00" endTime="2026-09-06T18:46:07.0874535+02:00" testType="13cdc9d9-ddb5-4fa4-a97d-d965ccfc6d4b" outcome="Passed" testListId="8c84fa94-04c1-424b-9868-57a2d4851a1d" relativeResultsDirectory="ae1c382c-52a3-47c9-b0b7-2952b46a0921" />
  </Results>
  <TestDefinitions>
    <UnitTest name="WhenIssuesFilteredByAuthor_ShouldReturnFilteredResults" storage="d:\repos\musoq.datasources\musoq.datasources.github.tests\bin\release\net10.0\musoq.datasources.github.tests.dll" id="0d5180c5-dc55-64c6-0c39-dc458d908932">
      <Execution id="2fd25230-80d3-4659-a184-0709dc193b08" />
      <TestMethod codeBase="D:\repos\Musoq.DataSources\Musoq.DataSources.GitHub.Tests\bin\Release\net10.0\Musoq.DataSources.GitHub.Tests.dll" adapterTypeName="executor://mstestadapter/v2" className="Musoq.DataSources.GitHub.Tests.GitHubIssuesTests" name="WhenIssuesFilteredByAuthor_ShouldReturnFilteredResults" />
    </UnitTest>
    <UnitTest name="WhenReleasesQueried_ShouldReturnValues" storage="d:\repos\musoq.datasources\musoq.datasources.github.tests\bin\release\net10.0\musoq.datasources.github.tests.dll" id="099d3de4-377a-de18-c7b0-2cda33018f48">
      <Execution id="170bd348-f1f8-4f03-bfa8-5d0a753f0bd3" />
      <TestMethod codeBase="D:\repos\Musoq.DataSources\Musoq.DataSources.GitHub.Tests\bin\Release\net10.0\Musoq.DataSources.GitHub.Tests.dll" adapterTypeName="executor://mstestadapter/v2" className="Musoq.DataSources.GitHub.Tests.GitHubReleasesTests" name="WhenReleasesQueried_ShouldReturnValues" />
    </UnitTest>
    <UnitTest name="WhenRepositoriesFilteredByVisibility_ShouldPassVisibilityToRequest" storage="d:\repos\musoq.datasources\musoq.datasources.github.tests\bin\release\net10.0\musoq.datasources.github.tests.dll" id="de64f549-b81a-123f-6ba3-c04431c84411">
      <Execution id="c71a7ed0-7c4f-44c5-ab4c-b456d90cdfe7" />
      <TestMethod codeBase="D:\repos\Musoq.DataSources\Musoq.DataSources.GitHub.Tests\bin\Release\net10.0\Musoq.DataSources.GitHub.Tests.dll" adapterTypeName="executor://mstestadapter/v2" className="Musoq.DataSources.GitHub.Tests.GitHubRepositoriesTests" name="WhenRepositoriesFilteredByVisibility_ShouldPassVisibilityToRequest" />
    </UnitTest>
    <UnitTest name="TryPlanSource_WhenOrderIsRequested_KeepsOrderAndSliceResidual" storage="d:\repos\musoq.datasources\musoq.datasources.github.tests\bin\release\net10.0\musoq.datasources.github.tests.dll" id="08081258-4a40-384f-6aa3-46e3193e8db9">
      <Execution id="3c333507-0ec4-4a22-8a79-d12ef8de9d42" />
      <TestMethod codeBase="D:\repos\Musoq.DataSources\Musoq.DataSources.GitHub.Tests\bin\Release\net10.0\Musoq.DataSources.GitHub.Tests.dll" adapterTypeName="executor://mstestadapter/v2" className="Musoq.DataSources.GitHub.Tests.GitHubRuntimeV2PlanningTests" name="TryPlanSource_WhenOrderIsRequested_KeepsOrderAndSliceResidual" />
    </UnitTest>
    <UnitTest name="DaysBetween_WithTwoDates_ShouldReturnDifference" storage="d:\repos\musoq.datasources\musoq.datasources.github.tests\bin\release\net10.0\musoq.datasources.github.tests.dll" id="e14c56aa-ee1d-aad4-c461-16bca7da2774">
      <Execution id="cac2c38f-837e-4507-9fc3-20707180d5cc" />
      <TestMethod codeBase="D:\repos\Musoq.DataSources\Musoq.DataSources.GitHub.Tests\bin\Release\net10.0\Musoq.DataSources.GitHub.Tests.dll" adapterTypeName="executor://mstestadapter/v2" className="Musoq.DataSources.GitHub.Tests.GitHubLibraryTests" name="DaysBetween_WithTwoDates_ShouldReturnDifference" />
    </UnitTest>
    <UnitTest name="IsStale_WithRecentDate_ShouldReturnFalse" storage="d:\repos\musoq.datasources\musoq.datasources.github.tests\bin\release\net10.0\musoq.datasources.github.tests.dll" id="1f6c2ceb-e187-a987-5b11-877dfeb171c2">
      <Execution id="2294d80c-d58e-4848-981f-9235a4310e10" />
      <TestMethod codeBase="D:\repos\Musoq.DataSources\Musoq.DataSources.GitHub.Tests\bin\Release\net10.0\Musoq.DataSources.GitHub.Tests.dll" adapterTypeName="executor://mstestadapter/v2" className="Musoq.DataSources.GitHub.Tests.GitHubLibraryTests" name="IsStale_WithRecentDate_ShouldReturnFalse" />
    </UnitTest>
    <UnitTest name="AgeDays_ShouldReturnPositiveValue" storage="d:\repos\musoq.datasources\musoq.datasources.github.tests\bin\release\net10.0\musoq.datasources.github.tests.dll" id="8e29259a-a487-e965-01a6-0b2d98c8986f">
      <Execution id="f87f0df3-e33f-4956-a1f2-2d4407297ade" />
      <TestMethod codeBase="D:\repos\Musoq.DataSources\Musoq.DataSources.GitHub.Tests\bin\Release\net10.0\Musoq.DataSources.GitHub.Tests.dll" adapterTypeName="executor://mstestadapter/v2" className="Musoq.DataSources.GitHub.Tests.GitHubLibraryTests" name="AgeDays_ShouldReturnPositiveValue" />
    </UnitTest>
    <UnitTest name="WhenBranchSpecificCommitsQueried_WithNoUniqueCommits_ShouldReturnEmpty" storage="d:\repos\musoq.datasources\musoq.datasources.github.tests\bin\release\net10.0\musoq.datasources.github.tests.dll" id="2be8d816-0dc7-706c-ca1c-5860d2089a70">
      <Execution id="50d0e223-7a4d-4a4c-8e7b-7fdcdd04d150" />
      <TestMethod codeBase="D:\repos\Musoq.DataSources\Musoq.DataSources.GitHub.Tests\bin\Release\net10.0\Musoq.DataSources.GitHub.Tests.dll" adapterTypeName="executor://mstestadapter/v2" className="Musoq.DataSources.GitHub.Tests.GitHubCommitsTests" name="WhenBranchSpecificCommitsQueried_WithNoUniqueCommits_ShouldReturnEmpty" />
    </UnitTest>
    <UnitTest name="WhenCommitsForBranchQueried_ShouldPassShaParameter" storage="d:\repos\musoq.datasources\musoq.datasources.github.tests\bin\release\net10.0\musoq.datasources.github.tests.dll" id="f3a14e6a-3a20-441c-74fc-990c43f81b85">
      <Execution id="4a38481e-e115-4252-a3f0-3bddc50cbb16" />
      <TestMethod codeBase="D:\repos\Musoq.DataSources\Musoq.DataSources.GitHub.Tests\bin\Release\net10.0\Musoq.DataSources.GitHub.Tests.dll" adapterTypeName="executor://mstestadapter/v2" className="Musoq.DataSources.GitHub.Tests.GitHubCommitsTests" name="WhenCommitsForBranchQueried_ShouldPassShaParameter" />
    </UnitTest>
    <UnitTest name="WhenRepositoriesQueried_ShouldReturnValues" storage="d:\repos\musoq.datasources\musoq.datasources.github.tests\bin\release\net10.0\musoq.datasources.github.tests.dll" id="e8ff82fb-ddef-5fc5-2546-81004c3710d1">
      <Execution id="90aa0714-4ff5-4d64-a40a-9f2e72912877" />
      <TestMethod codeBase="D:\repos\Musoq.DataSources\Musoq.DataSources.GitHub.Tests\bin\Release\net10.0\Musoq.DataSources.GitHub.Tests.dll" adapterTypeName="executor://mstestadapter/v2" className="Musoq.DataSources.GitHub.Tests.GitHubRepositoriesTests" name="WhenRepositoriesQueried_ShouldReturnValues" />
    </UnitTest>
    <UnitTest name="WhenRepositoriesFilteredByLanguage_ShouldApplyFilter" storage="d:\repos\musoq.datasources\musoq.datasources.github.tests\bin\release\net10.0\musoq.datasources.github.tests.dll" id="68a37d7f-3dd0-e51b-f6d4-11e4511ea50d">
      <Execution id="f2f1c1c0-b563-4cff-8697-ae84847620f1" />
      <TestMethod codeBase="D:\repos\Musoq.DataSources\Musoq.DataSources.GitHub.Tests\bin\Release\net10.0\Musoq.DataSources.GitHub.Tests.dll" adapterTypeName="executor://mstestadapter/v2" className="Musoq.DataSources.GitHub.Tests.GitHubRepositoriesTests" name="WhenRepositoriesFilteredByLanguage_ShouldApplyFilter" />
    </UnitTest>
    <UnitTest name="WhenIssuesFilteredByState_ShouldReturnFilteredResults" storage="d:\repos\musoq.datasources\musoq.datasources.github.tests\bin\release\net10.0\musoq.datasources.github.tests.dll" id="6e10af90-1957-141f-d2a1-a622dd8160db">
      <Execution id="3da99529-123f-4da4-a82c-f910c90e2bbd" />
      <TestMethod codeBase="D:\repos\Musoq.DataSources\Musoq.DataSources.GitHub.Tests\bin\Release\net10.0\Musoq.DataSources.GitHub.Tests.dll" adapterTypeName="executor://mstestadapter/v2" className="Musoq.DataSources.GitHub.Tests.GitHubIssuesTests" name="WhenIssuesFilteredByState_ShouldReturnFilteredResults" />
    </UnitTest>
    <UnitTest name="WhenPullRequestsFilteredByState_ShouldReturnFilteredResults" storage="d:\repos\musoq.datasources\musoq.datasources.github.tests\bin\release\net10.0\musoq.datasources.github.tests.dll" id="412796bc-aff9-03c6-dd31-4a5fb6100556">
      <Execution id="e15594a6-a1dc-4f17-a7f5-ab4e6d9c15cb" />
      <TestMethod codeBase="D:\repos\Musoq.DataSources\Musoq.DataSources.GitHub.Tests\bin\Release\net10.0\Musoq.DataSources.GitHub.Tests.dll" adapterTypeName="executor://mstestadapter/v2" className="Musoq.DataSources.GitHub.Tests.GitHubPullRequestsTests" name="WhenPullRequestsFilteredByState_ShouldReturnFilteredResults" />
    </UnitTest>
    <UnitTest name="ParseRepoFullName_WithValidFullName_ShouldReturnOwnerAndRepo" storage="d:\repos\musoq.datasources\musoq.datasources.github.tests\bin\release\net10.0\musoq.datasources.github.tests.dll" id="52a284a3-84ca-2de7-3e86-e4fbcd69b80b">
      <Execution id="eeaaf73f-1d99-4feb-b5dd-862cd70429b7" />
      <TestMethod codeBase="D:\repos\Musoq.DataSources\Musoq.DataSources.GitHub.Tests\bin\Release\net10.0\Musoq.DataSources.GitHub.Tests.dll" adapterTypeName="executor://mstestadapter/v2" className="Musoq.DataSources.GitHub.Tests.GitHubLibraryTests" name="ParseRepoFullName_WithValidFullName_ShouldReturnOwnerAndRepo" />
    </UnitTest>
    <UnitTest name="HasLabel_CaseInsensitive_ShouldReturnTrue" storage="d:\repos\musoq.datasources\musoq.datasources.github.tests\bin\release\net10.0\musoq.datasources.github.tests.dll" id="747a55a4-4e6f-5bef-38f0-cbf059bd4533">
      <Execution id="cbca2ebb-81ce-4f48-8a09-4c5f64ad596e" />
      <TestMethod codeBase="D:\repos\Musoq.DataSources\Musoq.DataSources.GitHub.Tests\bin\Release\net10.0\Musoq.DataSources.GitHub.Tests.dll" adapterTypeName="executor://mstestadapter/v2" className="Musoq.DataSources.GitHub.Tests.GitHubLibraryTests" name="HasLabel_CaseInsensitive_ShouldReturnTrue" />
    </UnitTest>
    <UnitTest name="WhenPullRequestsQueried_ShouldReturnValues" storage="d:\repos\musoq.datasources\musoq.datasources.github.tests\bin\release\net10.0\musoq.datasources.github.tests.dll" id="4d1d4f2b-ec1b-34de-152f-ba71000f284e">
      <Execution id="aec1f7ed-d369-45cf-ac77-4b286685f941" />
      <TestMethod codeBase="D:\repos\Musoq.DataSources\Musoq.DataSources.GitHub.Tests\bin\Release\net10.0\Musoq.DataSources.GitHub.Tests.dll" adapterTypeName="executor://mstestadapter/v2" className="Musoq.DataSources.GitHub.Tests.GitHubPullRequestsTests" name="WhenPullRequestsQueried_ShouldReturnValues" />
    </UnitTest>
    <UnitTest name="HasLabel_WithNonMatchingLabel_ShouldReturnFalse" storage="d:\repos\musoq.datasources\musoq.datasources.github.tests\bin\release\net10.0\musoq.datasources.github.tests.dll" id="9a96eed1-f866-55d1-8bfb-16202d3d2168">
      <Execution id="572c84ab-cc67-4131-8062-a5673d31a504" />
      <TestMethod codeBase="D:\repos\Musoq.DataSources\Musoq.DataSources.GitHub.Tests\bin\Release\net10.0\Musoq.DataSources.GitHub.Tests.dll" adapterTypeName="executor://mstestadapter/v2" className="Musoq.DataSources.GitHub.Tests.GitHubLibraryTests" name="HasLabel_WithNonMatchingLabel_ShouldReturnFalse" />
    </UnitTest>
    <UnitTest name="LabelCount_WithEmptyLabels_ShouldReturnZero" storage="d:\repos\musoq.datasources\musoq.datasources.github.tests\bin\release\net10.0\musoq.datasources.github.tests.dll" id="21c9afd7-1812-91d6-2c17-8355c9502a76">
      <Execution id="eb9e0b42-4ca3-44b4-9030-cbe0af0652ab" />
      <TestMethod codeBase="D:\repos\Musoq.DataSources\Musoq.DataSources.GitHub.Tests\bin\Release\net10.0\Musoq.DataSources.GitHub.Tests.dll" adapterTypeName="executor://mstestadapter/v2" className="Musoq.DataSources.GitHub.Tests.GitHubLibraryTests" name="LabelCount_WithEmptyLabels_ShouldReturnZero" />
    </UnitTest>
    <UnitTest name="WhenPullRequestsFilteredByHeadRef_ShouldPassHeadToRequest" storage="d:\repos\musoq.datasources\musoq.datasources.github.tests\bin\release\net10.0\musoq.datasources.github.tests.dll" id="243a2a25-3d85-e394-a250-0af0a8d26167">
      <Execution id="876c797e-90f7-4781-942a-5660f77db514" />
      <TestMethod codeBase="D:\repos\Musoq.DataSources\Musoq.DataSources.GitHub.Tests\bin\Release\net10.0\Musoq.DataSources.GitHub.Tests.dll" adapterTypeName="executor://mstestadapter/v2" className="Musoq.DataSources.GitHub.Tests.GitHubPullRequestsTests" name="WhenPullRequestsFilteredByHeadRef_ShouldPassHeadToRequest" />
    </UnitTest>
    <UnitTest name="TryPlanSource_WhenRequiredColumnsArePresent_DoesNotAcceptProjection" storage="d:\repos\musoq.datasources\musoq.datasources.github.tests\bin\release\net10.0\musoq.datasources.github.tests.dll" id="d087f354-3f5d-0877-6258-8c04e88bae3f">
      <Execution id="c22e6328-ece6-42b2-9b8d-4ed832d70f61" />
      <TestMethod codeBase="D:\repos\Musoq.DataSources\Musoq.DataSources.GitHub.Tests\bin\Release\net10.0\Musoq.DataSources.GitHub.Tests.dll" adapterTypeName="executor://mstestadapter/v2" className="Musoq.DataSources.GitHub.Tests.GitHubRuntimeV2PlanningTests" name="TryPlanSource_WhenRequiredColumnsArePresent_DoesNotAcceptProjection" />
    </UnitTest>
    <UnitTest name="HasLabel_WithMatchingLabel_ShouldReturnTrue" storage="d:\repos\musoq.datasources\musoq.datasources.github.tests\bin\release\net10.0\musoq.datasources.github.tests.dll" id="b698228b-23c4-c4cf-7d26-0d2d5ff1dc95">
      <Execution id="d9a6250d-0e83-48e3-a944-cc7556f4fb31" />
      <TestMethod codeBase="D:\repos\Musoq.DataSources\Musoq.DataSources.GitHub.Tests\bin\Release\net10.0\Musoq.DataSources.GitHub.Tests.dll" adapterTypeName="executor://mstestadapter/v2" className="Musoq.DataSources.GitHub.Tests.GitHubLibraryTests" name="HasLabel_WithMatchingLabel_ShouldReturnTrue" />
    </UnitTest>
    <UnitTest name="TryPlanSource_WhenRepositoryLanguagePredicateIsUsed_AcceptsPredicate" storage="d:\repos\musoq.datasources\musoq.datasources.github.tests\bin\release\net10.0\musoq.datasources.github.tests.dll" id="4d0967f8-6c06-401b-c48e-5ae82252b3a8">
      <Execution id="7b3a77fe-d48b-4e51-995c-f8627befe8d9" />
      <TestMethod codeBase="D:\repos\Musoq.DataSources\Musoq.DataSources.GitHub.Tests\bin\Release\net10.0\Musoq.DataSources.GitHub.Tests.dll" adapterTypeName="executor://mstestadapter/v2" className="Musoq.DataSources.GitHub.Tests.GitHubRuntimeV2PlanningTests" name="TryPlanSource_WhenRepositoryLanguagePredicateIsUsed_AcceptsPredicate" />
    </UnitTest>
    <UnitTest name="TryPlanSource_WhenReleasePredicateIsUsed_KeepsPredicateResidual" storage="d:\repos\musoq.datasources\musoq.datasources.github.tests\bin\release\net10.0\musoq.datasources.github.tests.dll" id="8548a627-847f-583d-f68f-caa17f7034d0">
      <Execution id="ce42c6f8-7458-4c39-aed7-53dfceda5222" />
      <TestMethod codeBase="D:\repos\Musoq.DataSources\Musoq.DataSources.GitHub.Tests\bin\Release\net10.0\Musoq.DataSources.GitHub.Tests.dll" adapterTypeName="executor://mstestadapter/v2" className="Musoq.DataSources.GitHub.Tests.GitHubRuntimeV2PlanningTests" name="TryPlanSource_WhenReleasePredicateIsUsed_KeepsPredicateResidual" />
    </UnitTest>
    <UnitTest name="ShortSha_WithLongSha_ShouldReturnShortened" storage="d:\repos\musoq.datasources\musoq.datasources.github.tests\bin\release\net10.0\musoq.datasources.github.tests.dll" id="92647741-6611-d191-2d97-d207a027c64f">
      <Execution id="0d2f43de-7a97-4010-a114-39d4e52e2abf" />
      <TestMethod codeBase="D:\repos\Musoq.DataSources\Musoq.DataSources.GitHub.Tests\bin\Release\net10.0\Musoq.DataSources.GitHub.Tests.dll" adapterTypeName="executor://mstestadapter/v2" className="Musoq.DataSources.GitHub.Tests.GitHubLibraryTests" name="ShortSha_WithLongSha_ShouldReturnShortened" />
    </UnitTest>
    <UnitTest name="MarkedCollections_AreCrossApplyAddressable" storage="d:\repos\musoq.datasources\musoq.datasources.github.tests\bin\release\net10.0\musoq.datasources.github.tests.dll" id="3a85c59a-51f0-42c8-e005-7e1b25fe89a4">
      <Execution id="e8184adb-45ca-458e-af91-5c8c7cf474ec" />
      <TestMethod codeBase="D:\repos\Musoq.DataSources\Musoq.DataSources.GitHub.Tests\bin\Release\net10.0\Musoq.DataSources.GitHub.Tests.dll" adapterTypeName="executor://mstestadapter/v2" className="Musoq.DataSources.GitHub.Tests.GitHubStarContractTests" name="MarkedCollections_AreCrossApplyAddressable" />
    </UnitTest>
    <UnitTest name="WhenCommitsQueried_ShouldReturnValues" storage="d:\repos\musoq.datasources\musoq.datasources.github.tests\bin\release\net10.0\musoq.datasources.github.tests.dll" id="6d83cf89-0014-be62-c262-8c3da8a4b13f">
      <Execution id="b06bf6f0-6ac1-4623-8d09-cd743db72f6d" />
      <TestMethod codeBase="D:\repos\Musoq.DataSources\Musoq.DataSources.GitHub.Tests\bin\Release\net10.0\Musoq.DataSources.GitHub.Tests.dll" adapterTypeName="executor://mstestadapter/v2" className="Musoq.DataSources.GitHub.Tests.GitHubCommitsTests" name="WhenCommitsQueried_ShouldReturnValues" />
    </UnitTest>
    <UnitTest name="HasLabel_WithNullLabels_ShouldReturnFalse" storage="d:\repos\musoq.datasources\musoq.datasources.github.tests\bin\release\net10.0\musoq.datasources.github.tests.dll" id="29c7aab4-a53a-1bd3-e8bd-32358fb18c97">
      <Execution id="24a5b086-8013-4637-a65d-727e30ab2474" />
      <TestMethod codeBase="D:\repos\Musoq.DataSources\Musoq.DataSources.GitHub.Tests\bin\Release\net10.0\Musoq.DataSources.GitHub.Tests.dll" adapterTypeName="executor://mstestadapter/v2" className="Musoq.DataSources.GitHub.Tests.GitHubLibraryTests" name="HasLabel_WithNullLabels_ShouldReturnFalse" />
    </UnitTest>
    <UnitTest name="EveryGitHubConstructor_HasOneExactStarContract" storage="d:\repos\musoq.datasources\musoq.datasources.github.tests\bin\release\net10.0\musoq.datasources.github.tests.dll" id="df7ca708-6a51-ddcc-b11e-13d69b4bf49b">
      <Execution id="ef1fa815-c42d-41b8-9b6b-2c5c96b99189" />
      <TestMethod codeBase="D:\repos\Musoq.DataSources\Musoq.DataSources.GitHub.Tests\bin\Release\net10.0\Musoq.DataSources.GitHub.Tests.dll" adapterTypeName="executor://mstestadapter/v2" className="Musoq.DataSources.GitHub.Tests.GitHubStarContractTests" name="EveryGitHubConstructor_HasOneExactStarContract" />
    </UnitTest>
    <UnitTest name="WhenCommitsForMainBranchQueried_ShouldPassBranchNameToApi" storage="d:\repos\musoq.datasources\musoq.datasources.github.tests\bin\release\net10.0\musoq.datasources.github.tests.dll" id="9d8b0dbe-14cd-946f-625f-cca5e714ea12">
      <Execution id="ee7c4e75-f0c1-43f4-9225-2026fddd5c23" />
      <TestMethod codeBase="D:\repos\Musoq.DataSources\Musoq.DataSources.GitHub.Tests\bin\Release\net10.0\Musoq.DataSources.GitHub.Tests.dll" adapterTypeName="executor://mstestadapter/v2" className="Musoq.DataSources.GitHub.Tests.GitHubCommitsTests" name="WhenCommitsForMainBranchQueried_ShouldPassBranchNameToApi" />
    </UnitTest>
    <UnitTest name="WhenReleasesFilteredByPrerelease_ShouldReturnNonPrereleaseOnly" storage="d:\repos\musoq.datasources\musoq.datasources.github.tests\bin\release\net10.0\musoq.datasources.github.tests.dll" id="35f3d5b9-201e-0a79-4844-438e9b8bdb62">
      <Execution id="6fd9819e-8e92-4d50-9cd7-73d8fd3a9b7a" />
      <TestMethod codeBase="D:\repos\Musoq.DataSources\Musoq.DataSources.GitHub.Tests\bin\Release\net10.0\Musoq.DataSources.GitHub.Tests.dll" adapterTypeName="executor://mstestadapter/v2" className="Musoq.DataSources.GitHub.Tests.GitHubReleasesTests" name="WhenReleasesFilteredByPrerelease_ShouldReturnNonPrereleaseOnly" />
    </UnitTest>
    <UnitTest name="WhenRepositoriesForOwnerQueried_ShouldReturnValues" storage="d:\repos\musoq.datasources\musoq.datasources.github.tests\bin\release\net10.0\musoq.datasources.github.tests.dll" id="34f86cff-3177-129b-a44d-09095da7998e">
      <Execution id="9f1ac72f-0a94-46cb-8062-2d7fae0645ae" />
      <TestMethod codeBase="D:\repos\Musoq.DataSources\Musoq.DataSources.GitHub.Tests\bin\Release\net10.0\Musoq.DataSources.GitHub.Tests.dll" adapterTypeName="executor://mstestadapter/v2" className="Musoq.DataSources.GitHub.Tests.GitHubRepositoriesTests" name="WhenRepositoriesForOwnerQueried_ShouldReturnValues" />
    </UnitTest>
    <UnitTest name="LabelCount_WithNull_ShouldReturnZero" storage="d:\repos\musoq.datasources\musoq.datasources.github.tests\bin\release\net10.0\musoq.datasources.github.tests.dll" id="5d8cfabb-5d30-8f74-ef63-c8bb340cc987">
      <Execution id="4f98d534-9e09-431a-aec1-ede51dc288b9" />
      <TestMethod codeBase="D:\repos\Musoq.DataSources\Musoq.DataSources.GitHub.Tests\bin\Release\net10.0\Musoq.DataSources.GitHub.Tests.dll" adapterTypeName="executor://mstestadapter/v2" className="Musoq.DataSources.GitHub.Tests.GitHubLibraryTests" name="LabelCount_WithNull_ShouldReturnZero" />
    </UnitTest>
    <UnitTest name="WhenReleasesFilteredByDraft_ShouldExcludeDrafts" storage="d:\repos\musoq.datasources\musoq.datasources.github.tests\bin\release\net10.0\musoq.datasources.github.tests.dll" id="95baed6f-61c1-cbb6-cad9-a00ce1911f71">
      <Execution id="ae1c382c-52a3-47c9-b0b7-2952b46a0921" />
      <TestMethod codeBase="D:\repos\Musoq.DataSources\Musoq.DataSources.GitHub.Tests\bin\Release\net10.0\Musoq.DataSources.GitHub.Tests.dll" adapterTypeName="executor://mstestadapter/v2" className="Musoq.DataSources.GitHub.Tests.GitHubReleasesTests" name="WhenReleasesFilteredByDraft_ShouldExcludeDrafts" />
    </UnitTest>
    <UnitTest name="IsStale_WithOldDate_ShouldReturnTrue" storage="d:\repos\musoq.datasources\musoq.datasources.github.tests\bin\release\net10.0\musoq.datasources.github.tests.dll" id="513929d8-2569-286a-3c7f-d6d94d62b2e3">
      <Execution id="c7138d83-d687-47da-b165-13d3297a713a" />
      <TestMethod codeBase="D:\repos\Musoq.DataSources\Musoq.DataSources.GitHub.Tests\bin\Release\net10.0\Musoq.DataSources.GitHub.Tests.dll" adapterTypeName="executor://mstestadapter/v2" className="Musoq.DataSources.GitHub.Tests.GitHubLibraryTests" name="IsStale_WithOldDate_ShouldReturnTrue" />
    </UnitTest>
    <UnitTest name="ShortSha_WithShortSha_ShouldReturnOriginal" storage="d:\repos\musoq.datasources\musoq.datasources.github.tests\bin\release\net10.0\musoq.datasources.github.tests.dll" id="79dd8cb9-03ec-46b0-e037-a466f7cc290a">
      <Execution id="98ee3e09-d95a-4e6e-9fde-94fff91da459" />
      <TestMethod codeBase="D:\repos\Musoq.DataSources\Musoq.DataSources.GitHub.Tests\bin\Release\net10.0\Musoq.DataSources.GitHub.Tests.dll" adapterTypeName="executor://mstestadapter/v2" className="Musoq.DataSources.GitHub.Tests.GitHubLibraryTests" name="ShortSha_WithShortSha_ShouldReturnOriginal" />
    </UnitTest>
    <UnitTest name="WhenBranchSpecificCommitsQueried_ShouldReturnOnlyCommitsUniqueToHeadBranch" storage="d:\repos\musoq.datasources\musoq.datasources.github.tests\bin\release\net10.0\musoq.datasources.github.tests.dll" id="0a8f2ccc-3977-316d-de43-7c8aa02cf35b">
      <Execution id="1ec4c993-e8b5-4bf2-bb34-564924b7c9e8" />
      <TestMethod codeBase="D:\repos\Musoq.DataSources\Musoq.DataSources.GitHub.Tests\bin\Release\net10.0\Musoq.DataSources.GitHub.Tests.dll" adapterTypeName="executor://mstestadapter/v2" className="Musoq.DataSources.GitHub.Tests.GitHubCommitsTests" name="WhenBranchSpecificCommitsQueried_ShouldReturnOnlyCommitsUniqueToHeadBranch" />
    </UnitTest>
    <UnitTest name="TryPlanSource_WhenSkipAndTakeHaveResidualPredicate_KeepsSliceResidual" storage="d:\repos\musoq.datasources\musoq.datasources.github.tests\bin\release\net10.0\musoq.datasources.github.tests.dll" id="bbdaec88-d543-b861-1759-0ec6517a7283">
      <Execution id="10e61e6e-19fc-44fa-922f-bf3c9dab4198" />
      <TestMethod codeBase="D:\repos\Musoq.DataSources\Musoq.DataSources.GitHub.Tests\bin\Release\net10.0\Musoq.DataSources.GitHub.Tests.dll" adapterTypeName="executor://mstestadapter/v2" className="Musoq.DataSources.GitHub.Tests.GitHubRuntimeV2PlanningTests" name="TryPlanSource_WhenSkipAndTakeHaveResidualPredicate_KeepsSliceResidual" />
    </UnitTest>
    <UnitTest name="WhenCommitsFilteredByAuthorLogin_ShouldPassAuthorToRequest" storage="d:\repos\musoq.datasources\musoq.datasources.github.tests\bin\release\net10.0\musoq.datasources.github.tests.dll" id="7c8bc14f-f97b-f45e-a0db-969be6fc2ec3">
      <Execution id="a30bdbee-1ca4-4cbf-8844-00a1af31761b" />
      <TestMethod codeBase="D:\repos\Musoq.DataSources\Musoq.DataSources.GitHub.Tests\bin\Release\net10.0\Musoq.DataSources.GitHub.Tests.dll" adapterTypeName="executor://mstestadapter/v2" className="Musoq.DataSources.GitHub.Tests.GitHubCommitsTests" name="WhenCommitsFilteredByAuthorLogin_ShouldPassAuthorToRequest" />
    </UnitTest>
    <UnitTest name="WhenPullRequestsFilteredByMerged_ShouldReturnMergedOnly" storage="d:\repos\musoq.datasources\musoq.datasources.github.tests\bin\release\net10.0\musoq.datasources.github.tests.dll" id="c1376167-f654-1dde-7d2c-009d17854f2d">
      <Execution id="b69cacf1-7b25-449e-b140-c210215a2750" />
      <TestMethod codeBase="D:\repos\Musoq.DataSources\Musoq.DataSources.GitHub.Tests\bin\Release\net10.0\Musoq.DataSources.GitHub.Tests.dll" adapterTypeName="executor://mstestadapter/v2" className="Musoq.DataSources.GitHub.Tests.GitHubPullRequestsTests" name="WhenPullRequestsFilteredByMerged_ShouldReturnMergedOnly" />
    </UnitTest>
    <UnitTest name="LabelCount_WithMultipleLabels_ShouldReturnCount" storage="d:\repos\musoq.datasources\musoq.datasources.github.tests\bin\release\net10.0\musoq.datasources.github.tests.dll" id="9184a333-f79a-39e1-081f-5b89fb28b216">
      <Execution id="a721e2b5-94da-439b-927b-c023055a83da" />
      <TestMethod codeBase="D:\repos\Musoq.DataSources\Musoq.DataSources.GitHub.Tests\bin\Release\net10.0\Musoq.DataSources.GitHub.Tests.dll" adapterTypeName="executor://mstestadapter/v2" className="Musoq.DataSources.GitHub.Tests.GitHubLibraryTests" name="LabelCount_WithMultipleLabels_ShouldReturnCount" />
    </UnitTest>
    <UnitTest name="TryPlanSource_WhenIssueStatePredicateIsUsed_AcceptsPredicate" storage="d:\repos\musoq.datasources\musoq.datasources.github.tests\bin\release\net10.0\musoq.datasources.github.tests.dll" id="38e81aa2-74bf-dabd-6679-bcfc39851f17">
      <Execution id="53c2c6f4-f6d5-4bea-914e-c388150f4895" />
      <TestMethod codeBase="D:\repos\Musoq.DataSources\Musoq.DataSources.GitHub.Tests\bin\Release\net10.0\Musoq.DataSources.GitHub.Tests.dll" adapterTypeName="executor://mstestadapter/v2" className="Musoq.DataSources.GitHub.Tests.GitHubRuntimeV2PlanningTests" name="TryPlanSource_WhenIssueStatePredicateIsUsed_AcceptsPredicate" />
    </UnitTest>
    <UnitTest name="ParseRepoFullName_WithEmptyString_ShouldReturnEmptyTuple" storage="d:\repos\musoq.datasources\musoq.datasources.github.tests\bin\release\net10.0\musoq.datasources.github.tests.dll" id="53b30f9a-dcf7-fabe-8fc6-0ef83e86260f">
      <Execution id="ba165452-bc5d-4a71-9128-d8e2eb629afd" />
      <TestMethod codeBase="D:\repos\Musoq.DataSources\Musoq.DataSources.GitHub.Tests\bin\Release\net10.0\Musoq.DataSources.GitHub.Tests.dll" adapterTypeName="executor://mstestadapter/v2" className="Musoq.DataSources.GitHub.Tests.GitHubLibraryTests" name="ParseRepoFullName_WithEmptyString_ShouldReturnEmptyTuple" />
    </UnitTest>
    <UnitTest name="IsStale_WithNull_ShouldReturnFalse" storage="d:\repos\musoq.datasources\musoq.datasources.github.tests\bin\release\net10.0\musoq.datasources.github.tests.dll" id="437e4f39-8b3a-d2a6-17ab-6625c61bc897">
      <Execution id="83d5f030-97eb-4ed5-bfac-2c2bc1816d5f" />
      <TestMethod codeBase="D:\repos\Musoq.DataSources\Musoq.DataSources.GitHub.Tests\bin\Release\net10.0\Musoq.DataSources.GitHub.Tests.dll" adapterTypeName="executor://mstestadapter/v2" className="Musoq.DataSources.GitHub.Tests.GitHubLibraryTests" name="IsStale_WithNull_ShouldReturnFalse" />
    </UnitTest>
    <UnitTest name="ShortSha_WithCustomLength_ShouldReturnRequestedLength" storage="d:\repos\musoq.datasources\musoq.datasources.github.tests\bin\release\net10.0\musoq.datasources.github.tests.dll" id="9e32c0d7-0870-06de-a2e8-49e707dc3975">
      <Execution id="ed99d6a3-310c-4890-9d07-21cef15126aa" />
      <TestMethod codeBase="D:\repos\Musoq.DataSources\Musoq.DataSources.GitHub.Tests\bin\Release\net10.0\Musoq.DataSources.GitHub.Tests.dll" adapterTypeName="executor://mstestadapter/v2" className="Musoq.DataSources.GitHub.Tests.GitHubLibraryTests" name="ShortSha_WithCustomLength_ShouldReturnRequestedLength" />
    </UnitTest>
    <UnitTest name="ParseRepoFullName_WithInvalidFormat_ShouldReturnEmptyTuple" storage="d:\repos\musoq.datasources\musoq.datasources.github.tests\bin\release\net10.0\musoq.datasources.github.tests.dll" id="1664f1a9-3cc2-68f9-4bcb-5e944555c42a">
      <Execution id="9ecf36db-7a0a-4613-8866-c7a6cb7e2ff2" />
      <TestMethod codeBase="D:\repos\Musoq.DataSources\Musoq.DataSources.GitHub.Tests\bin\Release\net10.0\Musoq.DataSources.GitHub.Tests.dll" adapterTypeName="executor://mstestadapter/v2" className="Musoq.DataSources.GitHub.Tests.GitHubLibraryTests" name="ParseRepoFullName_WithInvalidFormat_ShouldReturnEmptyTuple" />
    </UnitTest>
    <UnitTest name="TryPlanSource_WhenSkipAndTakeHaveNoResidualWork_AcceptsSlice" storage="d:\repos\musoq.datasources\musoq.datasources.github.tests\bin\release\net10.0\musoq.datasources.github.tests.dll" id="7973066c-5db6-43d0-780e-b229a977b1e9">
      <Execution id="f44fd42e-1522-4142-9186-27d4fd4ee742" />
      <TestMethod codeBase="D:\repos\Musoq.DataSources\Musoq.DataSources.GitHub.Tests\bin\Release\net10.0\Musoq.DataSources.GitHub.Tests.dll" adapterTypeName="executor://mstestadapter/v2" className="Musoq.DataSources.GitHub.Tests.GitHubRuntimeV2PlanningTests" name="TryPlanSource_WhenSkipAndTakeHaveNoResidualWork_AcceptsSlice" />
    </UnitTest>
    <UnitTest name="ShortSha_WithNull_ShouldReturnEmpty" storage="d:\repos\musoq.datasources\musoq.datasources.github.tests\bin\release\net10.0\musoq.datasources.github.tests.dll" id="1b7e83c4-0a9a-6cb4-4ae9-bceb1881039f">
      <Execution id="d78b688b-7681-49a6-91c8-9096f0261057" />
      <TestMethod codeBase="D:\repos\Musoq.DataSources\Musoq.DataSources.GitHub.Tests\bin\Release\net10.0\Musoq.DataSources.GitHub.Tests.dll" adapterTypeName="executor://mstestadapter/v2" className="Musoq.DataSources.GitHub.Tests.GitHubLibraryTests" name="ShortSha_WithNull_ShouldReturnEmpty" />
    </UnitTest>
    <UnitTest name="DescribeSourceRuntimeSettings_ShouldDeclareGitHubToken" storage="d:\repos\musoq.datasources\musoq.datasources.github.tests\bin\release\net10.0\musoq.datasources.github.tests.dll" id="e8200e02-be2a-1cf2-1ffb-ccf1d2d9baf8">
      <Execution id="28b5e213-6976-4645-8326-fe126bb8c6fe" />
      <TestMethod codeBase="D:\repos\Musoq.DataSources\Musoq.DataSources.GitHub.Tests\bin\Release\net10.0\Musoq.DataSources.GitHub.Tests.dll" adapterTypeName="executor://mstestadapter/v2" className="Musoq.DataSources.GitHub.Tests.GitHubRuntimeSettingsTests" name="DescribeSourceRuntimeSettings_ShouldDeclareGitHubToken" />
    </UnitTest>
    <UnitTest name="WhenBranchesQueried_ShouldReturnValues" storage="d:\repos\musoq.datasources\musoq.datasources.github.tests\bin\release\net10.0\musoq.datasources.github.tests.dll" id="89f36587-0cdb-9740-eeda-6fec7081935c">
      <Execution id="c67c12bf-f688-4ede-8fdc-fc504222df04" />
      <TestMethod codeBase="D:\repos\Musoq.DataSources\Musoq.DataSources.GitHub.Tests\bin\Release\net10.0\Musoq.DataSources.GitHub.Tests.dll" adapterTypeName="executor://mstestadapter/v2" className="Musoq.DataSources.GitHub.Tests.GitHubBranchesTests" name="WhenBranchesQueried_ShouldReturnValues" />
    </UnitTest>
    <UnitTest name="WhenBranchesFilteredByProtected_ShouldReturnProtectedOnly" storage="d:\repos\musoq.datasources\musoq.datasources.github.tests\bin\release\net10.0\musoq.datasources.github.tests.dll" id="2cbbe8ba-9d9b-0c97-8c3b-d93c6985d89f">
      <Execution id="48265913-3a32-4169-8dcc-bcd400c1cf9e" />
      <TestMethod codeBase="D:\repos\Musoq.DataSources\Musoq.DataSources.GitHub.Tests\bin\Release\net10.0\Musoq.DataSources.GitHub.Tests.dll" adapterTypeName="executor://mstestadapter/v2" className="Musoq.DataSources.GitHub.Tests.GitHubBranchesTests" name="WhenBranchesFilteredByProtected_ShouldReturnProtectedOnly" />
    </UnitTest>
    <UnitTest name="WhenIssuesQueried_ShouldReturnValues" storage="d:\repos\musoq.datasources\musoq.datasources.github.tests\bin\release\net10.0\musoq.datasources.github.tests.dll" id="95482df1-a8d0-7528-ed58-edde52261554">
      <Execution id="38306d96-c8b4-47c9-8846-16bdb04881fa" />
      <TestMethod codeBase="D:\repos\Musoq.DataSources\Musoq.DataSources.GitHub.Tests\bin\Release\net10.0\Musoq.DataSources.GitHub.Tests.dll" adapterTypeName="executor://mstestadapter/v2" className="Musoq.DataSources.GitHub.Tests.GitHubIssuesTests" name="WhenIssuesQueried_ShouldReturnValues" />
    </UnitTest>
  </TestDefinitions>
  <TestEntries>
    <TestEntry testId="bbdaec88-d543-b861-1759-0ec6517a7283" executionId="10e61e6e-19fc-44fa-922f-bf3c9dab4198" testListId="8c84fa94-04c1-424b-9868-57a2d4851a1d" />
    <TestEntry testId="0d5180c5-dc55-64c6-0c39-dc458d908932" executionId="2fd25230-80d3-4659-a184-0709dc193b08" testListId="8c84fa94-04c1-424b-9868-57a2d4851a1d" />
    <TestEntry testId="b698228b-23c4-c4cf-7d26-0d2d5ff1dc95" executionId="d9a6250d-0e83-48e3-a944-cc7556f4fb31" testListId="8c84fa94-04c1-424b-9868-57a2d4851a1d" />
    <TestEntry testId="95482df1-a8d0-7528-ed58-edde52261554" executionId="38306d96-c8b4-47c9-8846-16bdb04881fa" testListId="8c84fa94-04c1-424b-9868-57a2d4851a1d" />
    <TestEntry testId="412796bc-aff9-03c6-dd31-4a5fb6100556" executionId="e15594a6-a1dc-4f17-a7f5-ab4e6d9c15cb" testListId="8c84fa94-04c1-424b-9868-57a2d4851a1d" />
    <TestEntry testId="34f86cff-3177-129b-a44d-09095da7998e" executionId="9f1ac72f-0a94-46cb-8062-2d7fae0645ae" testListId="8c84fa94-04c1-424b-9868-57a2d4851a1d" />
    <TestEntry testId="29c7aab4-a53a-1bd3-e8bd-32358fb18c97" executionId="24a5b086-8013-4637-a65d-727e30ab2474" testListId="8c84fa94-04c1-424b-9868-57a2d4851a1d" />
    <TestEntry testId="513929d8-2569-286a-3c7f-d6d94d62b2e3" executionId="c7138d83-d687-47da-b165-13d3297a713a" testListId="8c84fa94-04c1-424b-9868-57a2d4851a1d" />
    <TestEntry testId="8548a627-847f-583d-f68f-caa17f7034d0" executionId="ce42c6f8-7458-4c39-aed7-53dfceda5222" testListId="8c84fa94-04c1-424b-9868-57a2d4851a1d" />
    <TestEntry testId="6e10af90-1957-141f-d2a1-a622dd8160db" executionId="3da99529-123f-4da4-a82c-f910c90e2bbd" testListId="8c84fa94-04c1-424b-9868-57a2d4851a1d" />
    <TestEntry testId="243a2a25-3d85-e394-a250-0af0a8d26167" executionId="876c797e-90f7-4781-942a-5660f77db514" testListId="8c84fa94-04c1-424b-9868-57a2d4851a1d" />
    <TestEntry testId="e8200e02-be2a-1cf2-1ffb-ccf1d2d9baf8" executionId="28b5e213-6976-4645-8326-fe126bb8c6fe" testListId="8c84fa94-04c1-424b-9868-57a2d4851a1d" />
    <TestEntry testId="437e4f39-8b3a-d2a6-17ab-6625c61bc897" executionId="83d5f030-97eb-4ed5-bfac-2c2bc1816d5f" testListId="8c84fa94-04c1-424b-9868-57a2d4851a1d" />
    <TestEntry testId="2cbbe8ba-9d9b-0c97-8c3b-d93c6985d89f" executionId="48265913-3a32-4169-8dcc-bcd400c1cf9e" testListId="8c84fa94-04c1-424b-9868-57a2d4851a1d" />
    <TestEntry testId="c1376167-f654-1dde-7d2c-009d17854f2d" executionId="b69cacf1-7b25-449e-b140-c210215a2750" testListId="8c84fa94-04c1-424b-9868-57a2d4851a1d" />
    <TestEntry testId="3a85c59a-51f0-42c8-e005-7e1b25fe89a4" executionId="e8184adb-45ca-458e-af91-5c8c7cf474ec" testListId="8c84fa94-04c1-424b-9868-57a2d4851a1d" />
    <TestEntry testId="0a8f2ccc-3977-316d-de43-7c8aa02cf35b" executionId="1ec4c993-e8b5-4bf2-bb34-564924b7c9e8" testListId="8c84fa94-04c1-424b-9868-57a2d4851a1d" />
    <TestEntry testId="89f36587-0cdb-9740-eeda-6fec7081935c" executionId="c67c12bf-f688-4ede-8fdc-fc504222df04" testListId="8c84fa94-04c1-424b-9868-57a2d4851a1d" />
    <TestEntry testId="5d8cfabb-5d30-8f74-ef63-c8bb340cc987" executionId="4f98d534-9e09-431a-aec1-ede51dc288b9" testListId="8c84fa94-04c1-424b-9868-57a2d4851a1d" />
    <TestEntry testId="2be8d816-0dc7-706c-ca1c-5860d2089a70" executionId="50d0e223-7a4d-4a4c-8e7b-7fdcdd04d150" testListId="8c84fa94-04c1-424b-9868-57a2d4851a1d" />
    <TestEntry testId="7c8bc14f-f97b-f45e-a0db-969be6fc2ec3" executionId="a30bdbee-1ca4-4cbf-8844-00a1af31761b" testListId="8c84fa94-04c1-424b-9868-57a2d4851a1d" />
    <TestEntry testId="747a55a4-4e6f-5bef-38f0-cbf059bd4533" executionId="cbca2ebb-81ce-4f48-8a09-4c5f64ad596e" testListId="8c84fa94-04c1-424b-9868-57a2d4851a1d" />
    <TestEntry testId="9184a333-f79a-39e1-081f-5b89fb28b216" executionId="a721e2b5-94da-439b-927b-c023055a83da" testListId="8c84fa94-04c1-424b-9868-57a2d4851a1d" />
    <TestEntry testId="de64f549-b81a-123f-6ba3-c04431c84411" executionId="c71a7ed0-7c4f-44c5-ab4c-b456d90cdfe7" testListId="8c84fa94-04c1-424b-9868-57a2d4851a1d" />
    <TestEntry testId="f3a14e6a-3a20-441c-74fc-990c43f81b85" executionId="4a38481e-e115-4252-a3f0-3bddc50cbb16" testListId="8c84fa94-04c1-424b-9868-57a2d4851a1d" />
    <TestEntry testId="e14c56aa-ee1d-aad4-c461-16bca7da2774" executionId="cac2c38f-837e-4507-9fc3-20707180d5cc" testListId="8c84fa94-04c1-424b-9868-57a2d4851a1d" />
    <TestEntry testId="9d8b0dbe-14cd-946f-625f-cca5e714ea12" executionId="ee7c4e75-f0c1-43f4-9225-2026fddd5c23" testListId="8c84fa94-04c1-424b-9868-57a2d4851a1d" />
    <TestEntry testId="53b30f9a-dcf7-fabe-8fc6-0ef83e86260f" executionId="ba165452-bc5d-4a71-9128-d8e2eb629afd" testListId="8c84fa94-04c1-424b-9868-57a2d4851a1d" />
    <TestEntry testId="35f3d5b9-201e-0a79-4844-438e9b8bdb62" executionId="6fd9819e-8e92-4d50-9cd7-73d8fd3a9b7a" testListId="8c84fa94-04c1-424b-9868-57a2d4851a1d" />
    <TestEntry testId="d087f354-3f5d-0877-6258-8c04e88bae3f" executionId="c22e6328-ece6-42b2-9b8d-4ed832d70f61" testListId="8c84fa94-04c1-424b-9868-57a2d4851a1d" />
    <TestEntry testId="9e32c0d7-0870-06de-a2e8-49e707dc3975" executionId="ed99d6a3-310c-4890-9d07-21cef15126aa" testListId="8c84fa94-04c1-424b-9868-57a2d4851a1d" />
    <TestEntry testId="1b7e83c4-0a9a-6cb4-4ae9-bceb1881039f" executionId="d78b688b-7681-49a6-91c8-9096f0261057" testListId="8c84fa94-04c1-424b-9868-57a2d4851a1d" />
    <TestEntry testId="8e29259a-a487-e965-01a6-0b2d98c8986f" executionId="f87f0df3-e33f-4956-a1f2-2d4407297ade" testListId="8c84fa94-04c1-424b-9868-57a2d4851a1d" />
    <TestEntry testId="9a96eed1-f866-55d1-8bfb-16202d3d2168" executionId="572c84ab-cc67-4131-8062-a5673d31a504" testListId="8c84fa94-04c1-424b-9868-57a2d4851a1d" />
    <TestEntry testId="21c9afd7-1812-91d6-2c17-8355c9502a76" executionId="eb9e0b42-4ca3-44b4-9030-cbe0af0652ab" testListId="8c84fa94-04c1-424b-9868-57a2d4851a1d" />
    <TestEntry testId="52a284a3-84ca-2de7-3e86-e4fbcd69b80b" executionId="eeaaf73f-1d99-4feb-b5dd-862cd70429b7" testListId="8c84fa94-04c1-424b-9868-57a2d4851a1d" />
    <TestEntry testId="68a37d7f-3dd0-e51b-f6d4-11e4511ea50d" executionId="f2f1c1c0-b563-4cff-8697-ae84847620f1" testListId="8c84fa94-04c1-424b-9868-57a2d4851a1d" />
    <TestEntry testId="df7ca708-6a51-ddcc-b11e-13d69b4bf49b" executionId="ef1fa815-c42d-41b8-9b6b-2c5c96b99189" testListId="8c84fa94-04c1-424b-9868-57a2d4851a1d" />
    <TestEntry testId="38e81aa2-74bf-dabd-6679-bcfc39851f17" executionId="53c2c6f4-f6d5-4bea-914e-c388150f4895" testListId="8c84fa94-04c1-424b-9868-57a2d4851a1d" />
    <TestEntry testId="1664f1a9-3cc2-68f9-4bcb-5e944555c42a" executionId="9ecf36db-7a0a-4613-8866-c7a6cb7e2ff2" testListId="8c84fa94-04c1-424b-9868-57a2d4851a1d" />
    <TestEntry testId="e8ff82fb-ddef-5fc5-2546-81004c3710d1" executionId="90aa0714-4ff5-4d64-a40a-9f2e72912877" testListId="8c84fa94-04c1-424b-9868-57a2d4851a1d" />
    <TestEntry testId="08081258-4a40-384f-6aa3-46e3193e8db9" executionId="3c333507-0ec4-4a22-8a79-d12ef8de9d42" testListId="8c84fa94-04c1-424b-9868-57a2d4851a1d" />
    <TestEntry testId="79dd8cb9-03ec-46b0-e037-a466f7cc290a" executionId="98ee3e09-d95a-4e6e-9fde-94fff91da459" testListId="8c84fa94-04c1-424b-9868-57a2d4851a1d" />
    <TestEntry testId="7973066c-5db6-43d0-780e-b229a977b1e9" executionId="f44fd42e-1522-4142-9186-27d4fd4ee742" testListId="8c84fa94-04c1-424b-9868-57a2d4851a1d" />
    <TestEntry testId="4d1d4f2b-ec1b-34de-152f-ba71000f284e" executionId="aec1f7ed-d369-45cf-ac77-4b286685f941" testListId="8c84fa94-04c1-424b-9868-57a2d4851a1d" />
    <TestEntry testId="4d0967f8-6c06-401b-c48e-5ae82252b3a8" executionId="7b3a77fe-d48b-4e51-995c-f8627befe8d9" testListId="8c84fa94-04c1-424b-9868-57a2d4851a1d" />
    <TestEntry testId="099d3de4-377a-de18-c7b0-2cda33018f48" executionId="170bd348-f1f8-4f03-bfa8-5d0a753f0bd3" testListId="8c84fa94-04c1-424b-9868-57a2d4851a1d" />
    <TestEntry testId="1f6c2ceb-e187-a987-5b11-877dfeb171c2" executionId="2294d80c-d58e-4848-981f-9235a4310e10" testListId="8c84fa94-04c1-424b-9868-57a2d4851a1d" />
    <TestEntry testId="6d83cf89-0014-be62-c262-8c3da8a4b13f" executionId="b06bf6f0-6ac1-4623-8d09-cd743db72f6d" testListId="8c84fa94-04c1-424b-9868-57a2d4851a1d" />
    <TestEntry testId="92647741-6611-d191-2d97-d207a027c64f" executionId="0d2f43de-7a97-4010-a114-39d4e52e2abf" testListId="8c84fa94-04c1-424b-9868-57a2d4851a1d" />
    <TestEntry testId="95baed6f-61c1-cbb6-cad9-a00ce1911f71" executionId="ae1c382c-52a3-47c9-b0b7-2952b46a0921" testListId="8c84fa94-04c1-424b-9868-57a2d4851a1d" />
  </TestEntries>
  <TestLists>
    <TestList name="Results Not in a List" id="8c84fa94-04c1-424b-9868-57a2d4851a1d" />
    <TestList name="All Loaded Results" id="19431567-8539-422a-85d7-44ee4e166bda" />
  </TestLists>
  <ResultSummary outcome="Completed">
    <Counters total="51" executed="51" passed="51" failed="0" error="0" timeout="0" aborted="0" inconclusive="0" passedButRunAborted="0" notRunnable="0" notExecuted="0" disconnected="0" warning="0" completed="0" inProgress="0" pending="0" />
  </ResultSummary>
</TestRun>