  Musoq.DataSources.Tests.Common -> D:\repos\Musoq.DataSources\Musoq.DataSources.Tests.Common\bin\Release\net10.0\Musoq.DataSources.Tests.Common.dll
  Musoq.DataSources.Search -> D:\repos\Musoq.DataSources\Musoq.DataSources.Search\bin\Release\net10.0\Musoq.DataSources.Search.dll
  Musoq.DataSources.Search.Benchmarks -> D:\repos\Musoq.DataSources\Musoq.DataSources.Search.Benchmarks\bin\Release\net10.0\Musoq.DataSources.Search.Benchmarks.dll
  Musoq.DataSources.Search.Tests -> D:\repos\Musoq.DataSources\Musoq.DataSources.Search.Tests\bin\Release\net10.0\Musoq.DataSources.Search.Tests.dll
Test run for D:\repos\Musoq.DataSources\Musoq.DataSources.Search.Tests\bin\Release\net10.0\Musoq.DataSources.Search.Tests.dll (.NETCoreApp,Version=v10.0)
A total of 1 test files matched the specified pattern.
  Passed BatchedWorkloads_ShouldPreserveLabeledOccurrencesAgainstOneRipgrepInvocation [284 ms]
  Passed SparseAndDenseCohorts_ShouldExerciseDifferentHitDistributions [20 ms]
  Passed AutomatonStructure_ShouldGrowAcrossTheRegisteredPatternCounts [1 ms]
  Passed FrozenHarness_ShouldAcceptACompleteEquivalentCell [3 ms]
  Passed FrozenHarness_ShouldRejectMismatchedScopeAndOutputUnit [< 1 ms]
  Passed FrozenHarness_ShouldRejectMissingBaseline [< 1 ms]
  Passed FrozenHarness_ShouldRejectZeroByteScansEvenWhenTheResultIsEmpty [< 1 ms]
  Passed FrozenHarness_ShouldRejectIncompleteRunsAndUnknownColdClaims [< 1 ms]
  Passed FrozenHarness_ShouldRejectMismatchedResultsAndIncompleteTrials [< 1 ms]
  Passed FrozenContractDocument_ShouldDeclareTheRequiredLayersCohortsAndThresholds [2 ms]
  Passed ConfiguredRipgrep_ShouldExposePinnedVersionBuildFeaturesAndHelp [41 ms]
  Passed Comparator_ShouldCaptureExitZeroAndMultipleSubmatchesInOneProcess [26 ms]
  Passed Comparator_ShouldPreserveNoMatchExitOne [21 ms]
  Passed Comparator_ShouldReturnOperationalErrorExitTwo [16 ms]
  Passed Parser_ShouldRejectTruncatedJson [< 1 ms]
  Passed Comparator_ShouldDecodeBinaryJsonAsBase64 [22 ms]
  Passed NulMarkers_ShouldBeDetectedAtReaderBlockBoundaries [17 ms]
  Passed Utf16Text_ShouldNotBeClassifiedByEncodedZeroBytes [2 ms]
  Passed ValidUtf8BinaryPayload_ShouldBeSkippedBeforeLateMatchesReachTheSink [89 ms]
  Passed OpaqueControlPayloadWithNul_ShouldUseTheSameBinaryDecision [1 ms]
  Passed PooledBuffer_ShouldHaveBoundedLengthAndReturnOwnershipDeterministically [< 1 ms]
  Passed DirectSource_ShouldHandleIrregularShortReadsAndPrematureEof [3 ms]
  Passed Rows_ShouldRemainOwnedAfterPooledBufferReuseAndInterruptedReads [3 ms]
  Passed CaseInsensitive_ShouldUseInvariantOrdinalRules [5 ms]
  Passed WholeWord_ShouldTreatDigitsUnderscoresAndUnicodeLettersAsWordScalars [2 ms]
  Passed WholeWord_ShouldClassifySupplementaryScalarsWithoutCultureDrift [5 ms]
  Passed WholeWord_ShouldClassifySupplementaryScalarsAcrossReaderBlocks [5 ms]
  Passed CaseAndWordPolicy_ShouldUseStableDefaultsAndRejectUnknownModes [1 ms]
  Passed Context_ShouldEnrichOccurrencesWithoutChangingCardinality [5 ms]
  Passed Context_ShouldPreserveCrLfAcrossReaderBlocksAndBoundaries [1 ms]
  Passed Context_ShouldAlsoCompletePhysicalRegexRecords [22 ms]
  Passed Context_ShouldHonorPerWindowUtf8BudgetForLongLines [2 ms]
  Passed Context_ShouldRemainEmptyWhenTheCollectionIsNotProjected [1 ms]
  Passed ContextOptions_ShouldRejectRequestsBeyondDeclaredLimits [< 1 ms]
  Passed Context_ShouldShareLineTextAcrossOccurrencesButMaterializeImmutableRows [5 ms]
  Passed ContextExpansion_ShouldReadBoundedEvidenceAndRejectStaleSource [3 ms]
  Passed Utf8Coordinates_ShouldTrackOriginalBytesUtf16ColumnsAndLineStarts [4 ms]
  Passed Utf16BomCoordinates_ShouldIncludePreambleInOriginalOffsets [1 ms]
  Passed CrLfSplitAcrossReaderBlocks_ShouldKeepLineAndMatchOffsets [5 ms]
  Passed LoneCarriageReturn_ShouldRemainContentWithinOnePhysicalLine [1 ms]
  Passed NoFinalNewline_ShouldMapTheFinalLineStartAtEof [4 ms]
  Passed InjectedDecodedReader_ShouldNotInventOriginalByteCoordinates [1 ms]
  Passed CoordinateStorage_ShouldRetainChecked64BitOffsets [< 1 ms]
  Passed CountsSource_ShouldEmitCompleteRowsForEveryEligibleFileIncludingZeroHits [3 ms]
  Passed CountsSource_ShouldExposeGroupedCountsThroughCompiledProjection [1 s]
  Passed CountAccumulator_ShouldUseChecked64BitBoundaries [< 1 ms]
  Passed CountsSource_ShouldNotPublishAnExactRowAfterPartialRead [1 ms]
  Passed DecodingCohorts_ShouldPreserveCompleteMatchResults [81 ms]
  Passed Auto_ShouldHonorSupportedBomsAndDefaultToStrictUtf8 [7 ms]
  Passed ExplicitModes_ShouldRequireTheirDeclaredBomShape [4 ms]
  Passed Auto_ShouldNotHeuristicallyDecodeUtf16WithoutABom [4 ms]
  Passed StrictUtf8_ShouldRejectPartialMultibyteSequenceAtEof [4 ms]
  Passed StrictUtf16_ShouldRejectOddByteTail [2 ms]
  Passed UnsupportedModesAndBomFamilies_ShouldBeRejectedPrecisely [1 ms]
  Passed ContractValues_ShouldRoundTripToCanonicalEncodingModes [< 1 ms]
  Passed LocationOnlyRecipe_ShouldCompileAndPreserveOccurrenceCoordinates [115 ms]
  Passed ShortSnippetRecipe_ShouldRetainOnlyTheExactMatchedText [67 ms]
  Passed ContextExpansionRecipe_ShouldBoundUtf8TextWithoutChangingMatches [2 ms]
  Passed EvidenceSerializationRecipe_ShouldEscapeControlsAndKeepTextAsData [10 ms]
  Passed NoMatchRecipe_ShouldUseCompleteCountRowsRatherThanAnEmptyMatchSet [73 ms]
  Passed SearchSource_ShouldResetReusableMatcherBetweenFiles [1 ms]
  Passed NoMatchLiteralScan_ShouldHaveFlatAllocationSlopeAsInputGrows [23 ms]
  Passed OptionalLineText_ShouldChangeMaterializationWithoutChangingOccurrenceSet [2 ms]
  Passed ManagedAndRipgrepCandidates_ShouldMatchTheIndependentCorpusOracle [105 ms]
  Passed ManagedAndRipgrepCandidates_ShouldPreserveTheAbsentLiteralFastPath [56 ms]
  Passed Candidates_ShouldObserveCancellationWithoutReturningPartialSuccess [54 ms]
  Passed MeasurementCohorts_ShouldPreserveTheirDeclaredMatchDistributions [212 ms]
  Passed Coordinator_ShouldBoundWorkersAndPreserveFileOrderWithSlowConsumer [361 ms]
  Passed Coordinator_ShouldCancelBlockedWorkersAndReleaseAllHandles [2 ms]
  Passed Coordinator_ShouldRethrowTheFirstWorkerFailureAndReleaseAllHandles [< 1 ms]
  Passed Coordinator_ShouldRepeatFailureCleanupWithoutLeakingWorkers [< 1 ms]
  Passed SearchLines_Parse_ShouldParseOneRowPerMatchingLineAndRetainOrigin [320 ms]
  Passed SearchLines_Parse_ShouldFailForMalformedRecord [124 ms]
  Passed SearchLines_TryParse_ShouldPreserveMalformedCandidateAsNull [124 ms]
  Passed SearchLines_PartialParse_ShouldExposeMalformedFieldAndSourceIdentity [90 ms]
  Passed SearchLines_ShouldMarkAnUnmatchedValidRecordAsCandidateOnly [90 ms]
  Passed StableTinyAndLargeFiles_ShouldMatchAcrossBufferedAndMappedReads [17 ms]
  Passed EmptyFile_ShouldCompleteWithoutCreatingAZeroLengthMapping [1 ms]
  Passed ChangingFile_ShouldNeverBeReportedAsAStableMappedRead [8 ms]
  Passed MappingFailure_ShouldBeReportedWithoutBufferedFallback [< 1 ms]
  Passed Cancellation_ShouldStopBufferedAndMappedReads [7 ms]
  Skipped DefaultPolicy_ShouldExcludeReparseEntriesAndBrokenLinks [12 ms]
  Skipped FollowPolicy_ShouldGuardCyclesAndDuplicateDirectoryIdentities [1 ms]
  Skipped FollowPolicy_ShouldRejectOutsideRootTargets [1 ms]
  Passed HardLinks_ShouldRemainDistinctPathCandidates [2 ms]
  Passed PhysicalContainment_ShouldRespectUncShareBoundaries [< 1 ms]
  Passed SpecialEntries_ShouldBeExcludedWithoutASeparateSupportedMode [< 1 ms]
  Passed SingleCharacterIndexOfPath_ShouldMatchScalarPathForUnalignedNearEndBlocks [1 ms]
  Passed LiteralAlgorithms_ShouldRemainEquivalentForArchitectureIndependentBoundaryMatrix [< 1 ms]
  Passed LiteralMatcher_ShouldMatchReferenceForEveryPossibleBoundarySplit [4 ms]
  Passed LiteralMatcher_ShouldRetainContinuationWhenPatternExceedsEveryBlock [5 ms]
  Passed LiteralMatcher_ShouldPreserveAdjacentAndEofEndingMatches [< 1 ms]
  Passed LiteralMatcher_ShouldKeepMatchesWithinPhysicalRecords [< 1 ms]
  Passed LiteralMatcher_ShouldMatchReferenceForRandomInputsAndEveryChunkSize [24 ms]
  Passed SearchSource_ShouldEmitOracleRowsForIrregularReaderBlocks [3 ms]
  Passed Matcher_ShouldPreservePrefixMatchesAndEqualTextLabels [2 ms]
  Passed Matcher_ShouldKeepCrossPatternOverlapsButSelectEachPatternNonOverlapping [< 1 ms]
  Passed Matcher_ShouldCarryLineCoordinatesAcrossChunkBoundaries [< 1 ms]
  Passed Matcher_ShouldCompileAndSearchTheBoundedMaximumPatternSet [4 ms]
  Passed Matcher_ShouldApplyWholeWordIndependentlyToEveryLabel [< 1 ms]
  Passed Scan_ShouldTraverseOnceAndOpenEachEligibleFileOnce [3 ms]
  Passed Matcher_ShouldRejectNonLiteralPatternsBeforeAnyScopeRead [< 1 ms]
  Passed Parse_ShouldRoundTripPatternsAndAllOptions [15 ms]
  Passed Parse_ShouldDecodeEscapesAndAcceptMaximumPatternText [1 ms]
  Passed Parse_ShouldAcceptTheDocumentedPositionalAndNamedScalarExamples [< 1 ms]
  Passed Parse_ShouldRejectDuplicateKeysIncludingEscapedNames [< 1 ms]
  Passed Parse_ShouldRejectUnknownPropertiesAndIncompatibleModes [< 1 ms]
  Passed Parse_ShouldRejectDuplicateIdsAndInvalidBoundsWithPositions [< 1 ms]
  Passed Parse_ShouldReportMalformedJsonPositionAndRejectNonObjectRoots [< 1 ms]
  Passed Parse_ShouldRejectAnOversizedScalarBeforeJsonParsing [3 ms]
  Passed ManySource_ShouldPreservePatternIdentityAndPerPatternOrdinals [8 ms]
  Passed CompiledManyQuery_ShouldExposeTypedLabeledOccurrences [110 ms]
  Passed CompiledSql_ShouldProduceTypedPerPatternCountsAndAnyHits [270 ms]
  Passed CompiledSql_ShouldExpressAllAndAtLeastKPatternsWithDistinctLabels [193 ms]
  Passed CompiledSql_ShouldExpressNoneAndMissingPatternWithoutFalseNegatives [212 ms]
  Passed CompleteNegativeSummary_ShouldReadEveryEligibleFileBeforeReturning [2 ms]
  Passed ManySource_ShouldRejectRegexBeforeOpeningContent [< 1 ms]
  Passed ManySource_ShouldRejectIncompleteExecutionOptionsBeforeOpeningContent [< 1 ms]
  Passed Metadata_ShouldDescribeManyWithoutRuntimeValues [< 1 ms]
  Passed CompiledManyQuery_ShouldConsumeScalarArgumentsProducedByCte [104 ms]
  Passed CteTake_ShouldBoundCorrelatedManyInvocation [86 ms]
  Passed CteUnionAll_ShouldPreserveDuplicatePathIdentity [150 ms]
  Passed CorrelatedCteRows_ShouldKeepPatternSettingsIsolated [115 ms]
  Passed TableValuedArguments_ShouldRemainUnsupportedAndPreserveScalarFallback [144 ms]
  Passed MetadataPrefilters_ShouldRejectBeforeOpeningContent [4 ms]
  Passed MetadataSize_ShouldBeReadFreshAfterAFileChanges [2 ms]
  Passed MetadataTimeAndExtension_ShouldHonorBoundariesWithoutPruningDirectories [3 ms]
  Passed Planner_ShouldAcceptSliceWhenPredicateAndOrderAreFullySatisfied [< 1 ms]
  Passed Planner_ShouldKeepSliceResidualWhenPredicateOrOrderIsNotFullySatisfied [< 1 ms]
  Passed AcceptedSlice_ShouldApplyAfterAcceptedPredicate [1 ms]
  Passed AcceptedTake_ShouldBeGlobalAcrossFileSinks [1 ms]
  Passed CompiledResidualFilter_ShouldRunBeforeTake [76 ms]
  Passed CompiledDescendingGlobalOrder_ShouldRemainCorrect [77 ms]
  Passed CompiledTieOrder_ShouldRetainEveryOccurrence [60 ms]
  Passed CompiledTakeZero_ShouldReturnNoRows [47 ms]
  Passed CompiledTakeAfterJoin_ShouldNotTruncateJoinInputs [91 ms]
  Passed PathsSource_ShouldEmitEligiblePathsWithoutOpeningContent [6 ms]
  Passed PathsSource_ShouldDistinguishEmptyResolvedScopeFromMissingRoot [1 ms]
  Passed Planner_ShouldExposeStableCostAndDecisionFields [1 ms]
  Passed Planner_ShouldExposeTheStrategyForEachSearchRowShape [1 ms]
  Passed Planner_ShouldLeaveManySourceDetailsResidualWithoutFalseColumnWarnings [< 1 ms]
  Passed CompileForInspection_ShouldNotResolveOrScanTheSourceRoot [29 ms]
  Passed Planner_ShouldDiagnoseMalformedAndUnsupportedRequiredColumns [< 1 ms]
  Passed Planner_ShouldDiagnoseNullRequiredColumnMetadataWithoutScanning [< 1 ms]
  Passed Planner_DifferentialMatrix_ShouldMatchRejectAllBaseline [41 ms]
  Passed Planner_ShouldMirrorEveryPublicProjectionColumnInExecutionPlan [46 ms]
  Passed CompiledCrossSourceQuery_ShouldPreserveAcceptedFieldsAndResidualWindow [161 ms]
  Passed Planner_ShouldAcceptScalarMetadataPredicatesForEachSearchRowShape [1 ms]
  Passed Planner_ShouldSplitAndKeepUnsupportedContentResidual [< 1 ms]
  Passed Planner_ShouldKeepUnsupportedOrAndNotPredicatesWhole [< 1 ms]
  Passed Planner_ShouldKeepIsNullResidualAndAcceptOnlyIsNotNull [< 1 ms]
  Passed Evaluator_ShouldPreserveNullThreeValuedPredicateSemantics [< 1 ms]
  Passed Evaluator_ShouldHandleAliasesReversedComparisonsAndNumericLiteralConversions [< 1 ms]
  Passed AcceptedPredicates_ShouldMatchRejectAllBaselineOnGeneratedFixtures [7 ms]
  Passed CompiledOuterJoin_ShouldRetainResidualPredicateSemantics [95 ms]
  Passed Planner_ShouldCarryRequiredColumnsIntoExecutionPlan [< 1 ms]
  Passed ProjectionRequirements_ShouldPreferPlanColumnsOverInferredSchema [< 1 ms]
  Passed MatchProjection_ShouldElideTextWithoutChangingOccurrencesOrCoordinates [3 ms]
  Passed LineProjection_ShouldElideTextButRetainPhysicalBoundariesAndCounts [3 ms]
  Passed CompiledProjection_ShouldPreserveMultiplicityAndCoordinates [135 ms]
  Passed CompiledResidualWhere_ShouldMaterializeTextNeededOnlyByFilter [69 ms]
  Passed ContextRequiredOnlyByResidualOrder_ShouldMaterializeBeforeEmission [2 ms]
  Passed CompiledSelectStar_ShouldRetainItsDeclaredOutputFields [60 ms]
  Passed CompiledPathOnlyProjection_ShouldPreserveRepeatedOccurrences [58 ms]
  Passed EmptyColumnContext_ShouldRetainDirectSourceCompatibility [< 1 ms]
  Passed ReferenceScanner_ShouldExposeOccurrenceLineFileAndCountUnits [2 ms]
  Passed Search_ShouldMatchReferenceScannerForHandEnumeratedCases [13 ms]
  Passed Search_ShouldMatchReferenceScannerForDeterministicRandomInputs [53 ms]
  Passed SafeProfile_ShouldFinishPathologicalNestedAlternation [4 ms]
  Passed RegexTimeout_ShouldBecomeTypedResourceLimit [9 ms]
  Passed CancellationDuringDenseMatchOutput_ShouldDiscardPartialScan [< 1 ms]
  Passed SupportedProfile_ShouldUseInvariantNonBacktrackingRegex [6 ms]
  Passed SameStartAlternatives_ShouldUseRegexSourceOrder [< 1 ms]
  Passed InvalidSyntax_ShouldProducePortableDialectDiagnostic [< 1 ms]
  Passed UnsupportedConstruct_ShouldNameDialectAndRemedy ("(?=a)","lookahead/lookaround") [< 1 ms]
  Passed UnsupportedConstruct_ShouldNameDialectAndRemedy ("(?<=a)","lookbehind/lookaround") [< 1 ms]
  Passed UnsupportedConstruct_ShouldNameDialectAndRemedy ("(a)\1","backreferences") [< 1 ms]
  Passed UnsupportedConstruct_ShouldNameDialectAndRemedy ("\k<name>","backreferences") [< 1 ms]
  Passed UnsupportedConstruct_ShouldNameDialectAndRemedy ("\Gabc","contiguous-match anchors (\G)") [< 1 ms]
  Passed UnsupportedConstruct_ShouldNameDialectAndRemedy ("(?>a)","atomic groups") [< 1 ms]
  Passed UnsupportedConstruct_ShouldNameDialectAndRemedy ("(?(1)a|b)","conditionals") [< 1 ms]
  Passed UnsupportedConstruct_ShouldNameDialectAndRemedy ("(?<open-close>a)","balancing groups") [< 1 ms]
  Passed OversizedPattern_ShouldFailBeforeCompilation [< 1 ms]
  Passed ExcessiveNesting_ShouldFailBeforeRegexConstruction [< 1 ms]
  Passed LargeAlternation_ShouldCompileWithinPatternBudget [6 ms]
  Passed RepeatedSemanticKey_ShouldCompileOnlyOnce [< 1 ms]
  Passed ConcurrentSameKeyRequests_ShouldShareOneCompiledRegex [1 ms]
  Passed CachePressure_ShouldRemainBoundedAndEvictLeastRecentPattern [105 ms]
  Passed CompiledCache_ShouldReleaseEvictedAndResetEntries [78 ms]
  Passed OptionalUnmatchedGroup_ShouldRemainDistinctFromSuccessfulEmptyCapture [4 ms]
  Passed MultipleGroups_ShouldExposeEveryCaptureInSourceOrder [2 ms]
  Passed RepeatedGroup_ShouldExposeThePortableProfileFinalCapture [1 ms]
  Passed DuplicateNamedGroups_ShouldUseTheSharedEngineGroupNumber [1 ms]
  Passed CaptureProjection_ShouldMaterializeCapturesOnlyWhenRequested [3 ms]
  Passed Capture_ShouldMapUtf8BytesAndUtf16Coordinates [1 ms]
  Passed RegexRows_ShouldApplyRecordAnchorsAndSourceOrder [4 ms]
  Passed RegexRows_ShouldKeepGreedyAlternativesWithinOneRecord [4 ms]
  Passed RegexRows_ShouldProgressZeroWidthMatchesPerRecord [2 ms]
  Passed RegexRows_ShouldMapOriginalUtf8Coordinates [1 ms]
  Passed RegexRows_ShouldIgnoreReaderBlockBoundaries [2 ms]
  Passed RegexLines_ShouldEmitOneRowPerMatchingPhysicalRecord [1 ms]
  Passed RegexWholeWord_ShouldUseTheDeclaredUnicodeBoundaryPolicy [1 ms]
  Passed RegexRows_ShouldRejectRecordsBeyondTheBound [4 ms]
  Passed EmptyFile_ShouldProduceNoRegexRows [1 ms]
  Passed BoundedMultiline_ShouldMatchAcrossReaderBlocks [3 ms]
  Passed BoundedMultiline_ShouldRejectRecordsBeyondByteLimit [3 ms]
  Passed BoundedMultiline_ShouldEvaluateAnUnterminatedEofRecord [10 ms]
  Passed BoundedMultiline_ShouldEmitZeroWidthMatchAtFinalBoundary [2 ms]
  Passed FramedMultiline_ShouldMatchWhenDelimitersSpanReaderBlocks [4 ms]
  Passed FramedMultiline_ShouldKeepDelimiterLikePayloadInsideTheRecord [3 ms]
  Passed FramedMultiline_ShouldExposeOriginAndSourceRangeForEachRecord [< 1 ms]
  Passed FramedMultiline_ShouldRejectAnUnterminatedRecordByDefault [2 ms]
  Passed FramedMultiline_ShouldEvaluateAnUnterminatedEofRecordWhenAllowed [2 ms]
  Passed FramedMultiline_ShouldRejectPayloadBeyondByteLimit [1 ms]
  Passed FramedMultiline_ShouldPreserveMappedByteCoordinates [1 ms]
  Passed FramedMultiline_ShouldHonorAnExistentialSinkStop [1 ms]
  Passed AssemblyDiscovery_ShouldDeclareSearchSchema [2 ms]
  Passed GeneratedXmlDocumentation_ShouldBeWellFormedAndCoverPublicSearchApi [8 ms]
  Passed RawConstructors_ShouldExposeMinimalSearchSignatures [1 ms]
  Passed DescribeSource_ShouldAlignRowTypeAndColumns [< 1 ms]
  Passed Captures_ShouldBeExpandableWithCrossApply [138 ms]
  Passed Context_ShouldBeExpandableWithCrossApply [80 ms]
  Passed DescribePathsSource_ShouldAlignRowTypeAndColumns [< 1 ms]
  Passed CompiledPathsQuery_ShouldReturnEligiblePathsWithoutContentColumns [62 ms]
  Passed DescribeSource_ShouldRemainStaticWithoutResolvingTheRoot [< 1 ms]
  Passed InvalidRequest_ShouldBeRejectedBeforeRootResolution [< 1 ms]
  Passed SearchDiagnostics_ShouldUseStablePluginCodesAndBoundedGuidance [2 ms]
  Passed BadRegex_ShouldProduceTypedSyntaxDiagnostic [< 1 ms]
  Passed UnsupportedEncoding_ShouldProduceTypedSourceDiagnostic [< 1 ms]
  Passed OversizedScope_ShouldProduceTypedResourceDiagnostic [< 1 ms]
  Passed MalformedSourceArguments_ShouldProduceTypedArgumentDiagnostic [< 1 ms]
  Passed MissingRoot_ShouldProduceTypedSourceAccessDiagnostic [< 1 ms]
  Passed CompiledMissingRoot_ShouldRetainSearchDiagnosticInsideEngineBoundary [75 ms]
  Passed CompiledNullRoot_ShouldRetainSearchArgumentDiagnostic [55 ms]
  Passed ScopePolicy_ShouldCopyAndFreezePatternCollections [< 1 ms]
  Passed LiteralMatcher_ShouldEmitNonOverlappingSpans [< 1 ms]
  Passed SearchOutcome_ShouldMatchThePublishedTerminalContract [< 1 ms]
  Passed CompiledLiteralQuery_ShouldReturnKnownTypedRows [70 ms]
  Passed CompiledSearch_ShouldReturnRowsAndEmitLifecycleTrace [64 ms]
  Passed CompiledSearch_ShouldRepeatWithoutCrossRunRowsOrState [64 ms]
  Passed CompiledSearch_WithSettingsProfiles_UsesDistinctSourceContexts [67 ms]
  Passed DirectSearch_WithSlowConsumer_EmitsEveryRowAndCoarseProgress [96 ms]
  Passed DirectSearch_WithSeparateContextsAndLoggers_PreservesRowsWithoutStdoutTelemetry [2 ms]
  Passed DirectSource_ShouldFlushAtChunkBoundaryWithoutChangingMultiplicity [18 ms]
  Passed DirectSource_ShouldMatchLiteralAcrossReaderBufferBoundaries [5 ms]
  Passed CancellationBeforeStart_ShouldNotOpenReaderOrEmitRows [1 ms]
  Passed CancellationDuringRead_ShouldDisposeReaderAndNotReturnRows [2 ms]
  Passed CancellationDuringScan_ShouldObserveTheTokenBeforeCompleting [30 ms]
  Passed CancellationBetweenChunks_ShouldNotExposeACompletedScan [2 ms]
  Passed EarlyDisposal_ShouldCancelTheProducerAndDisposeItsReader [105 ms]
  Passed ReaderFailure_ShouldPropagateAndDisposeTheReader [1 ms]
  Passed EverySearchConstructor_HasExactStarContract [318 ms]
  Passed RepositoryIgnores_ShouldApplyNestedNegationAndPruneIgnoredParents [9 ms]
  Passed IgnoreRules_ShouldHonorAnchorsDirectoryOnlyEscapesAndRuleOrder [6 ms]
  Passed IncludeAndExcludeGlobs_ShouldNotPruneAnUnmatchedDirectory [4 ms]
  Passed IgnoreSources_ShouldHonorPrecedenceGlobalOptInAndDisablement [7 ms]
  Passed ExplicitFileRoot_ShouldOverrideRepositoryIgnoreRules [1 ms]
  Passed GlobalIgnoreRules_ShouldBeCopiedAndFrozen [< 1 ms]
  Passed SearchSinks_ShouldPreserveOccurrenceLineAndFileCardinality [3 ms]
  Passed SearchSinks_ShouldRemainProjectionInvariant [172 ms]
  Passed FilesSource_ShouldStopAfterTheFirstQualifyingOccurrence [1 ms]
  Passed LinesSource_ShouldGroupMatchesWhenThePhysicalLineCrossesReaderBlocks [1 ms]
  Passed Traversal_ShouldConsumeOneEntryAtATimeAndBoundOpenFrontier [1 ms]
  Passed Traversal_Cancellation_ShouldDisposeEveryOpenDirectory [< 1 ms]
  Passed RealTraversal_ShouldVisitDeepWideTreesAndIgnoreEmptyDirectories [200 ms]
  Passed EmptyDirectories_ShouldProduceNoCandidates [1 ms]
  Passed DeletionAfterCandidateDiscovery_ShouldRemainTypedSourceFailure [2 ms]
  Passed RegenerateCorpus_ShouldMatchManifestAndRemainByteDeterministic [48 ms]

Test Run Successful.
Total tests: 268
     Passed: 265
    Skipped: 3
 Total time: 9,2594 Seconds
