{
  "formatVersion": 1,
  "test": "Search request contract",
  "status": "passed",
  "contractPath": "docs/search/search-request-contract-v1.json",
  "scenarios": [
    {
      "name": "schema-and-transport",
      "result": "passed",
      "assertions": 10
    },
    {
      "name": "validation-order-and-rejection-rules",
      "result": "passed",
      "assertions": 7
    },
    {
      "name": "rejection-corpus",
      "result": "passed",
      "assertions": 7
    },
    {
      "name": "acceptance-examples-and-cardinality",
      "result": "passed",
      "assertions": 21
    }
  ],
  "scenarioCount": 4,
  "assertions": 45,
  "implementationNote": "This is a proposed request/schema test with an independent duplicate-key scanner and validator; it does not claim that Search request binding or SQL execution is installed."
}
