{
  "formatVersion": "1",
  "catalogVersion": "0ab8f033ee789119a553da06453828b90050845c054505de852aef3ecf1a6c7b",
  "request": {
    "operation": "resolve",
    "kind": "command",
    "target": "data-sources import"
  },
  "resources": [
    {
      "uri": "musoq://command/data-sources/import",
      "kind": "command",
      "title": "musoq data-sources import",
      "summary": "Import a data source from a local path or zip file",
      "aliases": [],
      "keywords": [
        "data-sources",
        "import",
        "cli",
        "command"
      ],
      "tags": [
        "command"
      ],
      "version": "0.40.0-alpha.14",
      "sha256": "7ee96eeb06ba9ab7244ec0b70f463754c5ec1567c281ff0fbde299f1aef30adc",
      "authority": "operational",
      "provenance": {
        "source": "musoq-cloud-command-schema",
        "trust": "first-party"
      },
      "requiresHost": true,
      "relatedUris": [
        "musoq://manual/install-update-and-import-datasources"
      ],
      "content": "# musoq data-sources import\n\nImport a data source from a local path or zip file\n\n## Values\n\n- \u0060--format\u0060 \u2014 Output format: text or json Default: \u0060text\u0060. Allowed values: \u0060json\u0060, \u0060text\u0060.\n- \u0060--name\u0060 \u2014 Custom name for the imported data source (default: derived from path) Optional.\n- \u0060--non-interactive\u0060 \u2014 Output progress as plain text instead of interactive progress bar Default: \u0060false\u0060.\n- \u0060path\u0060 \u2014 Local directory path or .zip file to import Required.\n\n## Examples\n\nArgument arrays for process APIs; these are not shell command strings.\n\n\u0060\u0060\u0060json\n[\u0022musoq\u0022,\u0022data-sources\u0022,\u0022import\u0022,\u0022/path/to/plugin\u0022]\n\u0060\u0060\u0060\n\n\u0060\u0060\u0060json\n[\u0022musoq\u0022,\u0022data-sources\u0022,\u0022import\u0022,\u0022/path/to/plugin\u0022,\u0022--name\u0022,\u0022my-plugin\u0022]\n\u0060\u0060\u0060\n\n\u0060\u0060\u0060json\n[\u0022musoq\u0022,\u0022data-sources\u0022,\u0022import\u0022,\u0022C:\\\\Downloads\\\\plugin.zip\u0022]\n\u0060\u0060\u0060\n\n\u0060\u0060\u0060json\n[\u0022musoq\u0022,\u0022datasource\u0022,\u0022import\u0022,\u0022/path/to/plugin\u0022]\n\u0060\u0060\u0060\n\n\u0060\u0060\u0060json\n[\u0022musoq\u0022,\u0022datasource\u0022,\u0022import\u0022,\u0022/path/to/plugin\u0022,\u0022--name\u0022,\u0022my-plugin\u0022]\n\u0060\u0060\u0060\n\n\u0060\u0060\u0060json\n[\u0022musoq\u0022,\u0022datasource\u0022,\u0022import\u0022,\u0022C:\\\\Downloads\\\\plugin.zip\u0022]\n\u0060\u0060\u0060\n"
    }
  ],
  "diagnostics": [],
  "nextActions": [
    {
      "label": "Read command contract",
      "argv": [
        "musoq",
        "describe",
        "command",
        "data-sources",
        "import"
      ],
      "uri": "musoq://command/data-sources/import"
    }
  ]
}
