{
  "schemaVersion": 1,
  "mode": "InstallationScoped",
  "resolutionStatus": "Resolved",
  "installationDirectory": "D:\\repos\\Musoq.DataSources\\artifacts\\clean-host\\W17-S03\\dfb798a7e3814960850174f9d89301b2\\installation",
  "instanceIdentity": "installation-v2:48990b43b38f8a6fcbc93134038b647dbbc3354447ffb1f741d9992daa64f15f",
  "manifest": {
    "present": true,
    "valid": true,
    "path": "D:\\repos\\Musoq.DataSources\\artifacts\\clean-host\\W17-S03\\dfb798a7e3814960850174f9d89301b2\\installation\\musoq.bootstrap.json",
    "schemaVersion": 1,
    "fingerprint": "sha256:92d7fb248046f9dff794fc2b9f28bde6ceabad3e861ed5d03240699ec197c7e2"
  },
  "paths": {
    "stateRoot": "D:\\repos\\Musoq.DataSources\\artifacts\\clean-host\\W17-S03\\dfb798a7e3814960850174f9d89301b2\\installation",
    "home": "D:\\repos\\Musoq.DataSources\\artifacts\\clean-host\\W17-S03\\dfb798a7e3814960850174f9d89301b2\\installation\\state\\home",
    "temp": "D:\\repos\\Musoq.DataSources\\artifacts\\clean-host\\W17-S03\\dfb798a7e3814960850174f9d89301b2\\installation\\state\\temp",
    "cache": "D:\\repos\\Musoq.DataSources\\artifacts\\clean-host\\W17-S03\\dfb798a7e3814960850174f9d89301b2\\installation\\state\\cache",
    "logs": "D:\\repos\\Musoq.DataSources\\artifacts\\clean-host\\W17-S03\\dfb798a7e3814960850174f9d89301b2\\installation\\state\\logs",
    "config": "D:\\repos\\Musoq.DataSources\\artifacts\\clean-host\\W17-S03\\dfb798a7e3814960850174f9d89301b2\\installation\\state\\config",
    "userSettingsFile": "D:\\repos\\Musoq.DataSources\\artifacts\\clean-host\\W17-S03\\dfb798a7e3814960850174f9d89301b2\\installation\\state\\config\\appsettings.json",
    "dataSources": "D:\\repos\\Musoq.DataSources\\artifacts\\clean-host\\W17-S03\\dfb798a7e3814960850174f9d89301b2\\installation\\state\\datasources",
    "runtimeDirectory": "D:\\repos\\Musoq.DataSources\\artifacts\\clean-host\\W17-S03\\dfb798a7e3814960850174f9d89301b2\\installation\\.musoq-runtime\\32a1990a4393e2846778b734c10375ce3fbfc3391ee0323052bf5eb3b2e330b7",
    "lockFile": "D:\\repos\\Musoq.DataSources\\artifacts\\clean-host\\W17-S03\\dfb798a7e3814960850174f9d89301b2\\installation\\.musoq-runtime\\32a1990a4393e2846778b734c10375ce3fbfc3391ee0323052bf5eb3b2e330b7\\server.lock",
    "runtimeDescriptor": "D:\\repos\\Musoq.DataSources\\artifacts\\clean-host\\W17-S03\\dfb798a7e3814960850174f9d89301b2\\installation\\.musoq-runtime\\32a1990a4393e2846778b734c10375ce3fbfc3391ee0323052bf5eb3b2e330b7\\runtime.json",
    "endpointRegistry": "D:\\repos\\Musoq.DataSources\\artifacts\\clean-host\\W17-S03\\dfb798a7e3814960850174f9d89301b2\\installation\\.musoq-runtime\\32a1990a4393e2846778b734c10375ce3fbfc3391ee0323052bf5eb3b2e330b7\\musoq.conf"
  },
  "transport": {
    "policy": "Ephemeral",
    "policySource": "musoq.bootstrap.json:transport.httpPort",
    "bindAddress": "localhost",
    "configuredHttpPort": null,
    "configuredFixedPort": null,
    "derivedFirstCandidate": null,
    "effectiveHttpPort": 34314,
    "probeOrdinal": 0
  },
  "runtime": {
    "descriptorStatus": "Ready",
    "state": "Ready",
    "instanceIdentity": "installation-v2:48990b43b38f8a6fcbc93134038b647dbbc3354447ffb1f741d9992daa64f15f",
    "processId": 31932,
    "processStartTimeUtc": "2026-09-08T02:26:57.6683391+00:00",
    "version": "0.40.0-alpha.14",
    "effectiveAddress": "http://127.0.0.1:34314",
    "effectiveHttpPort": 34314,
    "probeOrdinal": 0,
    "startedAtUtc": "2026-09-08T02:26:58.0158776+00:00",
    "updatedAtUtc": "2026-09-08T02:26:59.5320425+00:00",
    "stoppedAtUtc": null
  },
  "allMusoqOwnedPathsContainedByInstallation": true,
  "runtimePathReadyForServerWrites": true,
  "diagnostics": []
}
