Provisioned nuget-license 4.0.16 from D:\repos\Musoq.DataSources\.config\dotnet-tools.json at D:\repos\Musoq.DataSources\.builds\license-refresh\tooling\4.0.16
Refreshing license snapshot: Musoq.DataSources.Search
  info: Musoq.Cloud.LicensesGatherer.LicenseGatherer[0]
        Starting license gathering for: D:\repos\Musoq.DataSources\Musoq.DataSources.Search\Musoq.DataSources.Search.csproj
  info: Musoq.Cloud.LicensesGatherer.LicenseGatherer[0]
        Output folder: D:\repos\Musoq.DataSources\.builds\license-refresh\Musoq.DataSources.Search\snapshot\third-party-notices
  info: Musoq.Cloud.LicensesGatherer.LicenseGatherer[0]
        Loaded 12 manual link overrides
  info: Musoq.Cloud.LicensesGatherer.LicenseGatherer[0]
        Loaded 0 cached links
  info: Musoq.Cloud.LicensesGatherer.LicenseGatherer[0]
        Found 10 packages to process
  info: Musoq.Cloud.LicensesGatherer.LicenseGatherer[0]
        After filtering runtime packages: 10 packages
  info: System.Net.Http.HttpClient.Default.LogicalHandler[100]
        Start processing HTTP request GET https://raw.githubusercontent.com/DanHarltey/Fastenshtein/master/LICENSE
  info: System.Net.Http.HttpClient.NoLoggingHandler.LogicalHandler[100]
        Start processing HTTP request GET https://github.com/dotnet/sourcelink/blob/main/LICENSE
  info: System.Net.Http.HttpClient.NoLoggingHandler.LogicalHandler[100]
        Start processing HTTP request GET https://github.com/mmanela/diffplex/blob/main/LICENSE
  info: System.Net.Http.HttpClient.Default.LogicalHandler[100]
        Start processing HTTP request GET https://raw.githubusercontent.com/dotnet/runtime/main/LICENSE.TXT
  info: System.Net.Http.HttpClient.Default.ClientHandler[100]
        Sending HTTP request GET https://raw.githubusercontent.com/DanHarltey/Fastenshtein/master/LICENSE
  info: System.Net.Http.HttpClient.Default.ClientHandler[100]
        Sending HTTP request GET https://raw.githubusercontent.com/dotnet/runtime/main/LICENSE.TXT
  info: System.Net.Http.HttpClient.NoLoggingHandler.ClientHandler[100]
        Sending HTTP request GET https://github.com/mmanela/diffplex/blob/main/LICENSE
  info: System.Net.Http.HttpClient.NoLoggingHandler.ClientHandler[100]
        Sending HTTP request GET https://github.com/dotnet/sourcelink/blob/main/LICENSE
  info: System.Net.Http.HttpClient.Default.ClientHandler[101]
        Received HTTP response headers after 308.6747ms - 200
  info: System.Net.Http.HttpClient.Default.LogicalHandler[101]
        End processing HTTP request after 315.5059ms - 200
  info: System.Net.Http.HttpClient.Default.LogicalHandler[100]
        Start processing HTTP request GET https://raw.githubusercontent.com/dotnet/runtime/main/LICENSE.TXT
  info: System.Net.Http.HttpClient.Default.ClientHandler[100]
        Sending HTTP request GET https://raw.githubusercontent.com/dotnet/runtime/main/LICENSE.TXT
  info: System.Net.Http.HttpClient.Default.ClientHandler[101]
        Received HTTP response headers after 340.1997ms - 200
  info: System.Net.Http.HttpClient.Default.LogicalHandler[101]
        End processing HTTP request after 343.7892ms - 200
  info: System.Net.Http.HttpClient.Default.ClientHandler[101]
        Received HTTP response headers after 23.768ms - 200
  info: System.Net.Http.HttpClient.Default.LogicalHandler[101]
        End processing HTTP request after 23.8218ms - 200
  info: System.Net.Http.HttpClient.NoLoggingHandler.LogicalHandler[100]
        Start processing HTTP request GET https://github.com/dotnet/sourcelink/blob/main/LICENSE
  info: System.Net.Http.HttpClient.NoLoggingHandler.ClientHandler[100]
        Sending HTTP request GET https://github.com/dotnet/sourcelink/blob/main/LICENSE
  info: System.Net.Http.HttpClient.NoLoggingHandler.LogicalHandler[100]
        Start processing HTTP request GET https://github.com/dotnet/sourcelink/blob/main/LICENSE
  info: System.Net.Http.HttpClient.NoLoggingHandler.ClientHandler[100]
        Sending HTTP request GET https://github.com/dotnet/sourcelink/blob/main/LICENSE
  info: System.Net.Http.HttpClient.NoLoggingHandler.ClientHandler[101]
        Received HTTP response headers after 492.0494ms - 404
  info: System.Net.Http.HttpClient.NoLoggingHandler.ClientHandler[101]
        Received HTTP response headers after 492.0485ms - 404
  info: System.Net.Http.HttpClient.NoLoggingHandler.ClientHandler[101]
        Received HTTP response headers after 148.897ms - 404
  info: System.Net.Http.HttpClient.NoLoggingHandler.ClientHandler[101]
        Received HTTP response headers after 148.9983ms - 404
  info: System.Net.Http.HttpClient.NoLoggingHandler.LogicalHandler[101]
        End processing HTTP request after 148.9634ms - 404
  info: System.Net.Http.HttpClient.NoLoggingHandler.LogicalHandler[101]
        End processing HTTP request after 495.6467ms - 404
  info: System.Net.Http.HttpClient.NoLoggingHandler.LogicalHandler[101]
        End processing HTTP request after 149.0676ms - 404
  info: System.Net.Http.HttpClient.NoLoggingHandler.LogicalHandler[101]
        End processing HTTP request after 495.6507ms - 404
  info: System.Net.Http.HttpClient.NoLoggingHandler.LogicalHandler[100]
        Start processing HTTP request GET https://github.com/mmanela/diffplex/blob/main/LICENSE.md
  info: System.Net.Http.HttpClient.NoLoggingHandler.ClientHandler[100]
        Sending HTTP request GET https://github.com/mmanela/diffplex/blob/main/LICENSE.md
  info: System.Net.Http.HttpClient.NoLoggingHandler.LogicalHandler[100]
        Start processing HTTP request GET https://github.com/dotnet/sourcelink/blob/main/LICENSE.md
  info: System.Net.Http.HttpClient.NoLoggingHandler.ClientHandler[100]
        Sending HTTP request GET https://github.com/dotnet/sourcelink/blob/main/LICENSE.md
  info: System.Net.Http.HttpClient.NoLoggingHandler.LogicalHandler[100]
        Start processing HTTP request GET https://github.com/dotnet/sourcelink/blob/main/LICENSE.md
  info: System.Net.Http.HttpClient.NoLoggingHandler.ClientHandler[100]
        Sending HTTP request GET https://github.com/dotnet/sourcelink/blob/main/LICENSE.md
  info: System.Net.Http.HttpClient.NoLoggingHandler.LogicalHandler[100]
        Start processing HTTP request GET https://github.com/dotnet/sourcelink/blob/main/LICENSE.md
  info: System.Net.Http.HttpClient.NoLoggingHandler.ClientHandler[100]
        Sending HTTP request GET https://github.com/dotnet/sourcelink/blob/main/LICENSE.md
  info: System.Net.Http.HttpClient.NoLoggingHandler.ClientHandler[101]
        Received HTTP response headers after 330.3594ms - 404
  info: System.Net.Http.HttpClient.NoLoggingHandler.LogicalHandler[101]
        End processing HTTP request after 330.473ms - 404
  info: System.Net.Http.HttpClient.NoLoggingHandler.LogicalHandler[100]
        Start processing HTTP request GET https://github.com/mmanela/diffplex/blob/main/LICENSE.txt
  info: System.Net.Http.HttpClient.NoLoggingHandler.ClientHandler[100]
        Sending HTTP request GET https://github.com/mmanela/diffplex/blob/main/LICENSE.txt
  info: System.Net.Http.HttpClient.NoLoggingHandler.ClientHandler[101]
        Received HTTP response headers after 378.6298ms - 404
  info: System.Net.Http.HttpClient.NoLoggingHandler.LogicalHandler[101]
        End processing HTTP request after 378.7024ms - 404
  info: System.Net.Http.HttpClient.NoLoggingHandler.ClientHandler[101]
        Received HTTP response headers after 386.4904ms - 404
  info: System.Net.Http.HttpClient.NoLoggingHandler.LogicalHandler[101]
        End processing HTTP request after 386.531ms - 404
  info: System.Net.Http.HttpClient.NoLoggingHandler.LogicalHandler[100]
        Start processing HTTP request GET https://github.com/dotnet/sourcelink/blob/main/LICENSE.txt
  info: System.Net.Http.HttpClient.NoLoggingHandler.ClientHandler[100]
        Sending HTTP request GET https://github.com/dotnet/sourcelink/blob/main/LICENSE.txt
  info: System.Net.Http.HttpClient.NoLoggingHandler.LogicalHandler[100]
        Start processing HTTP request GET https://github.com/dotnet/sourcelink/blob/main/LICENSE.txt
  info: System.Net.Http.HttpClient.NoLoggingHandler.ClientHandler[100]
        Sending HTTP request GET https://github.com/dotnet/sourcelink/blob/main/LICENSE.txt
  info: System.Net.Http.HttpClient.NoLoggingHandler.ClientHandler[101]
        Received HTTP response headers after 382.7847ms - 404
  info: System.Net.Http.HttpClient.NoLoggingHandler.LogicalHandler[101]
        End processing HTTP request after 382.8307ms - 404
  info: System.Net.Http.HttpClient.NoLoggingHandler.LogicalHandler[100]
        Start processing HTTP request GET https://github.com/dotnet/sourcelink/blob/main/LICENSE.txt
  info: System.Net.Http.HttpClient.NoLoggingHandler.ClientHandler[100]
        Sending HTTP request GET https://github.com/dotnet/sourcelink/blob/main/LICENSE.txt
  info: System.Net.Http.HttpClient.NoLoggingHandler.ClientHandler[101]
        Received HTTP response headers after 371.7115ms - 404
  info: System.Net.Http.HttpClient.NoLoggingHandler.LogicalHandler[101]
        End processing HTTP request after 371.8103ms - 404
  info: System.Net.Http.HttpClient.NoLoggingHandler.LogicalHandler[100]
        Start processing HTTP request GET https://github.com/mmanela/diffplex/blob/main/license
  info: System.Net.Http.HttpClient.NoLoggingHandler.ClientHandler[100]
        Sending HTTP request GET https://github.com/mmanela/diffplex/blob/main/license
  info: System.Net.Http.HttpClient.NoLoggingHandler.ClientHandler[101]
        Received HTTP response headers after 322.0143ms - 404
  info: System.Net.Http.HttpClient.NoLoggingHandler.LogicalHandler[101]
        End processing HTTP request after 322.0861ms - 404
  info: System.Net.Http.HttpClient.NoLoggingHandler.ClientHandler[101]
        Received HTTP response headers after 322.0531ms - 404
  info: System.Net.Http.HttpClient.NoLoggingHandler.LogicalHandler[101]
        End processing HTTP request after 322.093ms - 404
  info: System.Net.Http.HttpClient.NoLoggingHandler.LogicalHandler[100]
        Start processing HTTP request GET https://github.com/dotnet/sourcelink/blob/main/license
  info: System.Net.Http.HttpClient.NoLoggingHandler.ClientHandler[100]
        Sending HTTP request GET https://github.com/dotnet/sourcelink/blob/main/license
  info: System.Net.Http.HttpClient.NoLoggingHandler.LogicalHandler[100]
        Start processing HTTP request GET https://github.com/dotnet/sourcelink/blob/main/license
  info: System.Net.Http.HttpClient.NoLoggingHandler.ClientHandler[100]
        Sending HTTP request GET https://github.com/dotnet/sourcelink/blob/main/license
  info: System.Net.Http.HttpClient.NoLoggingHandler.ClientHandler[101]
        Received HTTP response headers after 324.0516ms - 404
  info: System.Net.Http.HttpClient.NoLoggingHandler.LogicalHandler[101]
        End processing HTTP request after 324.1081ms - 404
  info: System.Net.Http.HttpClient.NoLoggingHandler.LogicalHandler[100]
        Start processing HTTP request GET https://github.com/dotnet/sourcelink/blob/main/license
  info: System.Net.Http.HttpClient.NoLoggingHandler.ClientHandler[100]
        Sending HTTP request GET https://github.com/dotnet/sourcelink/blob/main/license
  info: System.Net.Http.HttpClient.NoLoggingHandler.ClientHandler[101]
        Received HTTP response headers after 349.7118ms - 404
  info: System.Net.Http.HttpClient.NoLoggingHandler.LogicalHandler[101]
        End processing HTTP request after 349.7869ms - 404
  info: System.Net.Http.HttpClient.NoLoggingHandler.LogicalHandler[100]
        Start processing HTTP request GET https://github.com/mmanela/diffplex/blob/main/license.md
  info: System.Net.Http.HttpClient.NoLoggingHandler.ClientHandler[100]
        Sending HTTP request GET https://github.com/mmanela/diffplex/blob/main/license.md
  info: System.Net.Http.HttpClient.NoLoggingHandler.ClientHandler[101]
        Received HTTP response headers after 356.9401ms - 404
  info: System.Net.Http.HttpClient.NoLoggingHandler.LogicalHandler[101]
        End processing HTTP request after 357.0196ms - 404
  info: System.Net.Http.HttpClient.NoLoggingHandler.ClientHandler[101]
        Received HTTP response headers after 357.368ms - 404
  info: System.Net.Http.HttpClient.NoLoggingHandler.LogicalHandler[101]
        End processing HTTP request after 357.4129ms - 404
  info: System.Net.Http.HttpClient.NoLoggingHandler.LogicalHandler[100]
        Start processing HTTP request GET https://github.com/dotnet/sourcelink/blob/main/license.md
  info: System.Net.Http.HttpClient.NoLoggingHandler.ClientHandler[100]
        Sending HTTP request GET https://github.com/dotnet/sourcelink/blob/main/license.md
  info: System.Net.Http.HttpClient.NoLoggingHandler.LogicalHandler[100]
        Start processing HTTP request GET https://github.com/dotnet/sourcelink/blob/main/license.md
  info: System.Net.Http.HttpClient.NoLoggingHandler.ClientHandler[100]
        Sending HTTP request GET https://github.com/dotnet/sourcelink/blob/main/license.md
  info: System.Net.Http.HttpClient.NoLoggingHandler.ClientHandler[101]
        Received HTTP response headers after 359.242ms - 404
  info: System.Net.Http.HttpClient.NoLoggingHandler.LogicalHandler[101]
        End processing HTTP request after 359.2922ms - 404
  info: System.Net.Http.HttpClient.NoLoggingHandler.LogicalHandler[100]
        Start processing HTTP request GET https://github.com/dotnet/sourcelink/blob/main/license.md
  info: System.Net.Http.HttpClient.NoLoggingHandler.ClientHandler[100]
        Sending HTTP request GET https://github.com/dotnet/sourcelink/blob/main/license.md
  info: System.Net.Http.HttpClient.NoLoggingHandler.ClientHandler[101]
        Received HTTP response headers after 346.9615ms - 404
  info: System.Net.Http.HttpClient.NoLoggingHandler.LogicalHandler[101]
        End processing HTTP request after 347.0273ms - 404
  info: System.Net.Http.HttpClient.NoLoggingHandler.LogicalHandler[100]
        Start processing HTTP request GET https://github.com/mmanela/diffplex/blob/main/license.txt
  info: System.Net.Http.HttpClient.NoLoggingHandler.ClientHandler[100]
        Sending HTTP request GET https://github.com/mmanela/diffplex/blob/main/license.txt
  info: System.Net.Http.HttpClient.NoLoggingHandler.ClientHandler[101]
        Received HTTP response headers after 356.6551ms - 404
  info: System.Net.Http.HttpClient.NoLoggingHandler.LogicalHandler[101]
        End processing HTTP request after 356.6976ms - 404
  info: System.Net.Http.HttpClient.NoLoggingHandler.ClientHandler[101]
        Received HTTP response headers after 356.7831ms - 404
  info: System.Net.Http.HttpClient.NoLoggingHandler.LogicalHandler[101]
        End processing HTTP request after 356.817ms - 404
  info: System.Net.Http.HttpClient.NoLoggingHandler.LogicalHandler[100]
        Start processing HTTP request GET https://github.com/dotnet/sourcelink/blob/main/license.txt
  info: System.Net.Http.HttpClient.NoLoggingHandler.ClientHandler[100]
        Sending HTTP request GET https://github.com/dotnet/sourcelink/blob/main/license.txt
  info: System.Net.Http.HttpClient.NoLoggingHandler.ClientHandler[101]
        Received HTTP response headers after 358.3113ms - 404
  info: System.Net.Http.HttpClient.NoLoggingHandler.LogicalHandler[101]
        End processing HTTP request after 358.3359ms - 404
  info: System.Net.Http.HttpClient.NoLoggingHandler.LogicalHandler[100]
        Start processing HTTP request GET https://github.com/dotnet/sourcelink/blob/main/license.txt
  info: System.Net.Http.HttpClient.NoLoggingHandler.ClientHandler[100]
        Sending HTTP request GET https://github.com/dotnet/sourcelink/blob/main/license.txt
  info: System.Net.Http.HttpClient.NoLoggingHandler.LogicalHandler[100]
        Start processing HTTP request GET https://github.com/dotnet/sourcelink/blob/main/license.txt
  info: System.Net.Http.HttpClient.NoLoggingHandler.ClientHandler[100]
        Sending HTTP request GET https://github.com/dotnet/sourcelink/blob/main/license.txt
  info: System.Net.Http.HttpClient.NoLoggingHandler.ClientHandler[101]
        Received HTTP response headers after 317.7305ms - 404
  info: System.Net.Http.HttpClient.NoLoggingHandler.LogicalHandler[101]
        End processing HTTP request after 317.856ms - 404
  info: System.Net.Http.HttpClient.NoLoggingHandler.LogicalHandler[100]
        Start processing HTTP request GET https://github.com/mmanela/diffplex/blob/main/License
  info: System.Net.Http.HttpClient.NoLoggingHandler.ClientHandler[100]
        Sending HTTP request GET https://github.com/mmanela/diffplex/blob/main/License
  info: System.Net.Http.HttpClient.NoLoggingHandler.ClientHandler[101]
        Received HTTP response headers after 320.6434ms - 404
  info: System.Net.Http.HttpClient.NoLoggingHandler.LogicalHandler[101]
        End processing HTTP request after 320.6872ms - 404
  info: System.Net.Http.HttpClient.NoLoggingHandler.ClientHandler[101]
        Received HTTP response headers after 321.0322ms - 404
  info: System.Net.Http.HttpClient.NoLoggingHandler.LogicalHandler[101]
        End processing HTTP request after 321.074ms - 404
  info: System.Net.Http.HttpClient.NoLoggingHandler.LogicalHandler[100]
        Start processing HTTP request GET https://github.com/dotnet/sourcelink/blob/main/License
  info: System.Net.Http.HttpClient.NoLoggingHandler.ClientHandler[100]
        Sending HTTP request GET https://github.com/dotnet/sourcelink/blob/main/License
  info: System.Net.Http.HttpClient.NoLoggingHandler.LogicalHandler[100]
        Start processing HTTP request GET https://github.com/dotnet/sourcelink/blob/main/License
  info: System.Net.Http.HttpClient.NoLoggingHandler.ClientHandler[101]
        Received HTTP response headers after 322.8069ms - 404
  info: System.Net.Http.HttpClient.NoLoggingHandler.ClientHandler[100]
        Sending HTTP request GET https://github.com/dotnet/sourcelink/blob/main/License
  info: System.Net.Http.HttpClient.NoLoggingHandler.LogicalHandler[101]
        End processing HTTP request after 322.8257ms - 404
  info: System.Net.Http.HttpClient.NoLoggingHandler.LogicalHandler[100]
        Start processing HTTP request GET https://github.com/dotnet/sourcelink/blob/main/License
  info: System.Net.Http.HttpClient.NoLoggingHandler.ClientHandler[100]
        Sending HTTP request GET https://github.com/dotnet/sourcelink/blob/main/License
  info: System.Net.Http.HttpClient.NoLoggingHandler.ClientHandler[101]
        Received HTTP response headers after 339.3885ms - 404
  info: System.Net.Http.HttpClient.NoLoggingHandler.LogicalHandler[101]
        End processing HTTP request after 339.4411ms - 404
  info: System.Net.Http.HttpClient.NoLoggingHandler.LogicalHandler[100]
        Start processing HTTP request GET https://github.com/mmanela/diffplex/blob/main/License.md
  info: System.Net.Http.HttpClient.NoLoggingHandler.ClientHandler[100]
        Sending HTTP request GET https://github.com/mmanela/diffplex/blob/main/License.md
  info: System.Net.Http.HttpClient.NoLoggingHandler.ClientHandler[101]
        Received HTTP response headers after 350.2746ms - 404
  info: System.Net.Http.HttpClient.NoLoggingHandler.LogicalHandler[101]
        End processing HTTP request after 350.3009ms - 404
  info: System.Net.Http.HttpClient.NoLoggingHandler.ClientHandler[101]
        Received HTTP response headers after 350.707ms - 404
  info: System.Net.Http.HttpClient.NoLoggingHandler.LogicalHandler[101]
        End processing HTTP request after 350.7393ms - 404
  info: System.Net.Http.HttpClient.NoLoggingHandler.LogicalHandler[100]
        Start processing HTTP request GET https://github.com/dotnet/sourcelink/blob/main/License.md
  info: System.Net.Http.HttpClient.NoLoggingHandler.ClientHandler[100]
        Sending HTTP request GET https://github.com/dotnet/sourcelink/blob/main/License.md
  info: System.Net.Http.HttpClient.NoLoggingHandler.LogicalHandler[100]
        Start processing HTTP request GET https://github.com/dotnet/sourcelink/blob/main/License.md
  info: System.Net.Http.HttpClient.NoLoggingHandler.ClientHandler[100]
        Sending HTTP request GET https://github.com/dotnet/sourcelink/blob/main/License.md
  info: System.Net.Http.HttpClient.NoLoggingHandler.ClientHandler[101]
        Received HTTP response headers after 352.4817ms - 404
  info: System.Net.Http.HttpClient.NoLoggingHandler.LogicalHandler[101]
        End processing HTTP request after 352.5096ms - 404
  info: System.Net.Http.HttpClient.NoLoggingHandler.LogicalHandler[100]
        Start processing HTTP request GET https://github.com/dotnet/sourcelink/blob/main/License.md
  info: System.Net.Http.HttpClient.NoLoggingHandler.ClientHandler[100]
        Sending HTTP request GET https://github.com/dotnet/sourcelink/blob/main/License.md
  info: System.Net.Http.HttpClient.NoLoggingHandler.ClientHandler[101]
        Received HTTP response headers after 318.5633ms - 404
  info: System.Net.Http.HttpClient.NoLoggingHandler.LogicalHandler[101]
        End processing HTTP request after 318.6217ms - 404
  info: System.Net.Http.HttpClient.NoLoggingHandler.LogicalHandler[100]
        Start processing HTTP request GET https://github.com/mmanela/diffplex/blob/main/License.txt
  info: System.Net.Http.HttpClient.NoLoggingHandler.ClientHandler[100]
        Sending HTTP request GET https://github.com/mmanela/diffplex/blob/main/License.txt
  info: System.Net.Http.HttpClient.NoLoggingHandler.ClientHandler[101]
        Received HTTP response headers after 329.783ms - 404
  info: System.Net.Http.HttpClient.NoLoggingHandler.ClientHandler[101]
        Received HTTP response headers after 329.6006ms - 404
  info: System.Net.Http.HttpClient.NoLoggingHandler.LogicalHandler[101]
        End processing HTTP request after 329.71ms - 404
  info: System.Net.Http.HttpClient.NoLoggingHandler.LogicalHandler[101]
        End processing HTTP request after 329.824ms - 404
  info: System.Net.Http.HttpClient.NoLoggingHandler.LogicalHandler[100]
        Start processing HTTP request GET https://github.com/dotnet/sourcelink/blob/main/License.txt
  info: System.Net.Http.HttpClient.NoLoggingHandler.LogicalHandler[100]
        Start processing HTTP request GET https://github.com/dotnet/sourcelink/blob/main/License.txt
  info: System.Net.Http.HttpClient.NoLoggingHandler.ClientHandler[101]
        Received HTTP response headers after 331.1822ms - 404
  info: System.Net.Http.HttpClient.NoLoggingHandler.ClientHandler[100]
        Sending HTTP request GET https://github.com/dotnet/sourcelink/blob/main/License.txt
  info: System.Net.Http.HttpClient.NoLoggingHandler.ClientHandler[100]
        Sending HTTP request GET https://github.com/dotnet/sourcelink/blob/main/License.txt
  info: System.Net.Http.HttpClient.NoLoggingHandler.LogicalHandler[101]
        End processing HTTP request after 331.2057ms - 404
  info: System.Net.Http.HttpClient.NoLoggingHandler.LogicalHandler[100]
        Start processing HTTP request GET https://github.com/dotnet/sourcelink/blob/main/License.txt
  info: System.Net.Http.HttpClient.NoLoggingHandler.ClientHandler[100]
        Sending HTTP request GET https://github.com/dotnet/sourcelink/blob/main/License.txt
  info: System.Net.Http.HttpClient.NoLoggingHandler.ClientHandler[101]
        Received HTTP response headers after 361.0837ms - 404
  info: System.Net.Http.HttpClient.NoLoggingHandler.LogicalHandler[101]
        End processing HTTP request after 361.1427ms - 404
  info: System.Net.Http.HttpClient.NoLoggingHandler.LogicalHandler[100]
        Start processing HTTP request GET https://github.com/mmanela/diffplex/blob/main/LICENSE.TXT
  info: System.Net.Http.HttpClient.NoLoggingHandler.ClientHandler[100]
        Sending HTTP request GET https://github.com/mmanela/diffplex/blob/main/LICENSE.TXT
  info: System.Net.Http.HttpClient.NoLoggingHandler.ClientHandler[101]
        Received HTTP response headers after 378.8077ms - 200
  info: System.Net.Http.HttpClient.NoLoggingHandler.LogicalHandler[101]
        End processing HTTP request after 378.8489ms - 200
  info: System.Net.Http.HttpClient.NoLoggingHandler.ClientHandler[101]
        Received HTTP response headers after 379.2088ms - 200
  info: System.Net.Http.HttpClient.NoLoggingHandler.LogicalHandler[101]
        End processing HTTP request after 379.2323ms - 200
  info: System.Net.Http.HttpClient.NoLoggingHandler.ClientHandler[101]
        Received HTTP response headers after 381.3862ms - 200
  info: System.Net.Http.HttpClient.NoLoggingHandler.LogicalHandler[101]
        End processing HTTP request after 381.4197ms - 200
  info: System.Net.Http.HttpClient.Default.LogicalHandler[100]
        Start processing HTTP request GET https://raw.githubusercontent.com/dotnet/sourcelink/main/License.txt
  info: System.Net.Http.HttpClient.Default.LogicalHandler[100]
        Start processing HTTP request GET https://raw.githubusercontent.com/dotnet/sourcelink/main/License.txt
  info: System.Net.Http.HttpClient.Default.ClientHandler[100]
        Sending HTTP request GET https://raw.githubusercontent.com/dotnet/sourcelink/main/License.txt
  info: System.Net.Http.HttpClient.Default.ClientHandler[100]
        Sending HTTP request GET https://raw.githubusercontent.com/dotnet/sourcelink/main/License.txt
  info: System.Net.Http.HttpClient.Default.LogicalHandler[100]
        Start processing HTTP request GET https://raw.githubusercontent.com/dotnet/sourcelink/main/License.txt
  info: System.Net.Http.HttpClient.Default.ClientHandler[100]
        Sending HTTP request GET https://raw.githubusercontent.com/dotnet/sourcelink/main/License.txt
  info: System.Net.Http.HttpClient.Default.ClientHandler[101]
        Received HTTP response headers after 228.8526ms - 200
  info: System.Net.Http.HttpClient.Default.LogicalHandler[101]
        End processing HTTP request after 228.8915ms - 200
  info: System.Net.Http.HttpClient.Default.ClientHandler[101]
        Received HTTP response headers after 228.8873ms - 200
  info: System.Net.Http.HttpClient.Default.LogicalHandler[101]
        End processing HTTP request after 228.9161ms - 200
  info: System.Net.Http.HttpClient.Default.ClientHandler[101]
        Received HTTP response headers after 270.6107ms - 200
  info: System.Net.Http.HttpClient.Default.LogicalHandler[101]
        End processing HTTP request after 270.6506ms - 200
  info: System.Net.Http.HttpClient.NoLoggingHandler.ClientHandler[101]
        Received HTTP response headers after 371.2513ms - 404
  info: System.Net.Http.HttpClient.NoLoggingHandler.LogicalHandler[101]
        End processing HTTP request after 371.2839ms - 404
  info: System.Net.Http.HttpClient.NoLoggingHandler.LogicalHandler[100]
        Start processing HTTP request GET https://github.com/mmanela/diffplex/blob/master/LICENSE
  info: System.Net.Http.HttpClient.NoLoggingHandler.ClientHandler[100]
        Sending HTTP request GET https://github.com/mmanela/diffplex/blob/master/LICENSE
  info: System.Net.Http.HttpClient.NoLoggingHandler.ClientHandler[101]
        Received HTTP response headers after 377.9361ms - 404
  info: System.Net.Http.HttpClient.NoLoggingHandler.LogicalHandler[101]
        End processing HTTP request after 377.9719ms - 404
  info: System.Net.Http.HttpClient.NoLoggingHandler.LogicalHandler[100]
        Start processing HTTP request GET https://github.com/mmanela/diffplex/blob/master/LICENSE.md
  info: System.Net.Http.HttpClient.NoLoggingHandler.ClientHandler[100]
        Sending HTTP request GET https://github.com/mmanela/diffplex/blob/master/LICENSE.md
  info: System.Net.Http.HttpClient.NoLoggingHandler.ClientHandler[101]
        Received HTTP response headers after 375.4976ms - 404
  info: System.Net.Http.HttpClient.NoLoggingHandler.LogicalHandler[101]
        End processing HTTP request after 375.5433ms - 404
  info: System.Net.Http.HttpClient.NoLoggingHandler.LogicalHandler[100]
        Start processing HTTP request GET https://github.com/mmanela/diffplex/blob/master/LICENSE.txt
  info: System.Net.Http.HttpClient.NoLoggingHandler.ClientHandler[100]
        Sending HTTP request GET https://github.com/mmanela/diffplex/blob/master/LICENSE.txt
  info: System.Net.Http.HttpClient.NoLoggingHandler.ClientHandler[101]
        Received HTTP response headers after 356.5088ms - 404
  info: System.Net.Http.HttpClient.NoLoggingHandler.LogicalHandler[101]
        End processing HTTP request after 356.5465ms - 404
  info: System.Net.Http.HttpClient.NoLoggingHandler.LogicalHandler[100]
        Start processing HTTP request GET https://github.com/mmanela/diffplex/blob/master/license
  info: System.Net.Http.HttpClient.NoLoggingHandler.ClientHandler[100]
        Sending HTTP request GET https://github.com/mmanela/diffplex/blob/master/license
  info: System.Net.Http.HttpClient.NoLoggingHandler.ClientHandler[101]
        Received HTTP response headers after 366.995ms - 404
  info: System.Net.Http.HttpClient.NoLoggingHandler.LogicalHandler[101]
        End processing HTTP request after 367.0332ms - 404
  info: System.Net.Http.HttpClient.NoLoggingHandler.LogicalHandler[100]
        Start processing HTTP request GET https://github.com/mmanela/diffplex/blob/master/license.md
  info: System.Net.Http.HttpClient.NoLoggingHandler.ClientHandler[100]
        Sending HTTP request GET https://github.com/mmanela/diffplex/blob/master/license.md
  info: System.Net.Http.HttpClient.NoLoggingHandler.ClientHandler[101]
        Received HTTP response headers after 332.1621ms - 404
  info: System.Net.Http.HttpClient.NoLoggingHandler.LogicalHandler[101]
        End processing HTTP request after 332.1993ms - 404
  info: System.Net.Http.HttpClient.NoLoggingHandler.LogicalHandler[100]
        Start processing HTTP request GET https://github.com/mmanela/diffplex/blob/master/license.txt
  info: System.Net.Http.HttpClient.NoLoggingHandler.ClientHandler[100]
        Sending HTTP request GET https://github.com/mmanela/diffplex/blob/master/license.txt
  info: System.Net.Http.HttpClient.NoLoggingHandler.ClientHandler[101]
        Received HTTP response headers after 366.4929ms - 404
  info: System.Net.Http.HttpClient.NoLoggingHandler.LogicalHandler[101]
        End processing HTTP request after 366.541ms - 404
  info: System.Net.Http.HttpClient.NoLoggingHandler.LogicalHandler[100]
        Start processing HTTP request GET https://github.com/mmanela/diffplex/blob/master/License
  info: System.Net.Http.HttpClient.NoLoggingHandler.ClientHandler[100]
        Sending HTTP request GET https://github.com/mmanela/diffplex/blob/master/License
  info: System.Net.Http.HttpClient.NoLoggingHandler.ClientHandler[101]
        Received HTTP response headers after 398.2213ms - 404
  info: System.Net.Http.HttpClient.NoLoggingHandler.LogicalHandler[101]
        End processing HTTP request after 398.2597ms - 404
  info: System.Net.Http.HttpClient.NoLoggingHandler.LogicalHandler[100]
        Start processing HTTP request GET https://github.com/mmanela/diffplex/blob/master/License.md
  info: System.Net.Http.HttpClient.NoLoggingHandler.ClientHandler[100]
        Sending HTTP request GET https://github.com/mmanela/diffplex/blob/master/License.md
  info: System.Net.Http.HttpClient.NoLoggingHandler.ClientHandler[101]
        Received HTTP response headers after 338.7642ms - 404
  info: System.Net.Http.HttpClient.NoLoggingHandler.LogicalHandler[101]
        End processing HTTP request after 338.8109ms - 404
  info: System.Net.Http.HttpClient.NoLoggingHandler.LogicalHandler[100]
        Start processing HTTP request GET https://github.com/mmanela/diffplex/blob/master/License.txt
  info: System.Net.Http.HttpClient.NoLoggingHandler.ClientHandler[100]
        Sending HTTP request GET https://github.com/mmanela/diffplex/blob/master/License.txt
  info: System.Net.Http.HttpClient.NoLoggingHandler.ClientHandler[101]
        Received HTTP response headers after 387.8317ms - 200
  info: System.Net.Http.HttpClient.NoLoggingHandler.LogicalHandler[101]
        End processing HTTP request after 387.8944ms - 200
  info: System.Net.Http.HttpClient.Default.LogicalHandler[100]
        Start processing HTTP request GET https://raw.githubusercontent.com/mmanela/diffplex/master/License.txt
  info: System.Net.Http.HttpClient.Default.ClientHandler[100]
        Sending HTTP request GET https://raw.githubusercontent.com/mmanela/diffplex/master/License.txt
  info: System.Net.Http.HttpClient.Default.ClientHandler[101]
        Received HTTP response headers after 421.496ms - 200
  info: System.Net.Http.HttpClient.Default.LogicalHandler[101]
        End processing HTTP request after 421.5314ms - 200
  info: Musoq.Cloud.LicensesGatherer.LicenseGatherer[0]
        Saved 11 licenses from 11 packages
  info: Musoq.Cloud.LicensesGatherer.LicenseGatherer[0]
        License texts saved in: D:\repos\Musoq.DataSources\.builds\license-refresh\Musoq.DataSources.Search\snapshot\third-party-notices
[SNAPSHOT] package=Musoq.DataSources.Search packages=10 files=12 manifest_sha256=743c02bf4579e5275b20371c190ef4039ac92121a6bdbc5596f27975754d7f5d source=checked-in
[UPDATED] License snapshot 'Musoq.DataSources.Search'
[SNAPSHOT] package=Musoq.DataSources.Search packages=10 files=12 manifest_sha256=743c02bf4579e5275b20371c190ef4039ac92121a6bdbc5596f27975754d7f5d source=checked-in
