Search package inventory
artifactRoot=D:\repos\Musoq.DataSources\artifacts\release\W17-S02
artifact=nupkgs\Musoq.DataSources.Search.8.0.3-alpha.7.nupkg sizeBytes=144835 sha256=0565412126bb21dcec74078e1eff9e9d57a5aa298eaa2f854a820d8d256df49b
artifact=nupkgs\Musoq.DataSources.Search.8.0.3-alpha.7.snupkg sizeBytes=51435 sha256=d3f8088ed05cf436ccf6243dfaf2a529e20a89b126d342d0d1d2f60df2d8ebc3
artifact=plugin-release-metadata.json sizeBytes=1677 sha256=5ae8971c45b73b6e4725ed2773e378ed7ce3fdd6c5ee7bc635733beead948646
artifact=plugins\Musoq.DataSources.Search-alpine-x64.zip sizeBytes=197920 sha256=f93c57b27957b04f462c8bca24229ffc9cb680cff2bcc55262a28df471da2004
artifact=plugins\Musoq.DataSources.Search-linux-x64.zip sizeBytes=197922 sha256=6dd4bddcdcafd94938c1102c03bdd93451244e1b20be3cbec94eb0239b110a4b
artifact=plugins\Musoq.DataSources.Search-macos-arm64.zip sizeBytes=197942 sha256=179a53de1d565ccc5b06f2c2ca65abdd8d1fd3098393bf0ac2288cf387a47c91
artifact=plugins\Musoq.DataSources.Search-windows-x64.zip sizeBytes=197874 sha256=04491caeae94ba13f12f6866f43257a71b19d54fae83f60fcd5183364307f01f
artifact=release-artifacts.json sizeBytes=2556 sha256=83b8bc2d90eb0a9128b7e5b49090fcb2adcbe1a58e9087259cbfa9f32d3632b1
nupkgEntries=8
nupkgNames=_rels/.rels|Musoq.DataSources.Search.nuspec|LICENSE|lib/net10.0/Musoq.DataSources.Search.dll|lib/net10.0/Musoq.DataSources.Search.runtimeconfig.json|lib/net10.0/Musoq.DataSources.Search.xml|[Content_Types].xml|package/services/metadata/core-properties/9261e098cb504e59a58e5567b87f73ec.psmdcp
nupkgRequired=lib/net10.0/Musoq.DataSources.Search.dll present=true
nupkgRequired=lib/net10.0/Musoq.DataSources.Search.xml present=true
nupkgRequired=LICENSE present=true
rid=alpine-x64 outerEntries=6 innerEntries=17 requiredEntries=6 noticesBytes=1204 nativeEntries=0
rid=alpine-x64 innerNames=third-party-notices/report.json|third-party-notices/DiffPlex/license.txt|third-party-notices/Fastenshtein/license.txt|third-party-notices/Microsoft.Build.Tasks.Git/license.txt|third-party-notices/Microsoft.Extensions.DependencyInjection.Abstractions/license.txt|third-party-notices/Microsoft.Extensions.Logging.Abstractions/license.txt|third-party-notices/Microsoft.SourceLink.Common/license.txt|third-party-notices/Microsoft.SourceLink.GitHub/license.txt|third-party-notices/Musoq.Parser/license.txt|third-party-notices/Musoq.Plugins/license.txt|third-party-notices/Musoq.Schema/license.txt|Musoq.DataSources.Search.deps.json|Musoq.DataSources.Search.dll|Musoq.DataSources.Search.pdb|Musoq.DataSources.Search.runtimeconfig.json|Musoq.DataSources.Search.xml|MusoqPluginCompatibility.json
rid=linux-x64 outerEntries=6 innerEntries=17 requiredEntries=6 noticesBytes=1204 nativeEntries=0
rid=linux-x64 innerNames=third-party-notices/report.json|third-party-notices/DiffPlex/license.txt|third-party-notices/Fastenshtein/license.txt|third-party-notices/Microsoft.Build.Tasks.Git/license.txt|third-party-notices/Microsoft.Extensions.DependencyInjection.Abstractions/license.txt|third-party-notices/Microsoft.Extensions.Logging.Abstractions/license.txt|third-party-notices/Microsoft.SourceLink.Common/license.txt|third-party-notices/Microsoft.SourceLink.GitHub/license.txt|third-party-notices/Musoq.Parser/license.txt|third-party-notices/Musoq.Plugins/license.txt|third-party-notices/Musoq.Schema/license.txt|Musoq.DataSources.Search.deps.json|Musoq.DataSources.Search.dll|Musoq.DataSources.Search.pdb|Musoq.DataSources.Search.runtimeconfig.json|Musoq.DataSources.Search.xml|MusoqPluginCompatibility.json
rid=macos-arm64 outerEntries=6 innerEntries=17 requiredEntries=6 noticesBytes=1204 nativeEntries=0
rid=macos-arm64 innerNames=third-party-notices/report.json|third-party-notices/DiffPlex/license.txt|third-party-notices/Fastenshtein/license.txt|third-party-notices/Microsoft.Build.Tasks.Git/license.txt|third-party-notices/Microsoft.Extensions.DependencyInjection.Abstractions/license.txt|third-party-notices/Microsoft.Extensions.Logging.Abstractions/license.txt|third-party-notices/Microsoft.SourceLink.Common/license.txt|third-party-notices/Microsoft.SourceLink.GitHub/license.txt|third-party-notices/Musoq.Parser/license.txt|third-party-notices/Musoq.Plugins/license.txt|third-party-notices/Musoq.Schema/license.txt|Musoq.DataSources.Search.deps.json|Musoq.DataSources.Search.dll|Musoq.DataSources.Search.pdb|Musoq.DataSources.Search.runtimeconfig.json|Musoq.DataSources.Search.xml|MusoqPluginCompatibility.json
rid=windows-x64 outerEntries=6 innerEntries=17 requiredEntries=6 noticesBytes=1204 nativeEntries=0
rid=windows-x64 innerNames=third-party-notices/report.json|third-party-notices/DiffPlex/license.txt|third-party-notices/Fastenshtein/license.txt|third-party-notices/Microsoft.Build.Tasks.Git/license.txt|third-party-notices/Microsoft.Extensions.DependencyInjection.Abstractions/license.txt|third-party-notices/Microsoft.Extensions.Logging.Abstractions/license.txt|third-party-notices/Microsoft.SourceLink.Common/license.txt|third-party-notices/Microsoft.SourceLink.GitHub/license.txt|third-party-notices/Musoq.Parser/license.txt|third-party-notices/Musoq.Plugins/license.txt|third-party-notices/Musoq.Schema/license.txt|Musoq.DataSources.Search.deps.json|Musoq.DataSources.Search.dll|Musoq.DataSources.Search.pdb|Musoq.DataSources.Search.runtimeconfig.json|Musoq.DataSources.Search.xml|MusoqPluginCompatibility.json
ridSet=alpine-x64,linux-x64,macos-arm64,windows-x64
inventoryAssertions=passed
